Archive member included to satisfy reference by file (symbol)

c:/program files (x86)/atollic/truestudio for stm32 9.3.0/armtools/bin/../lib/gcc/arm-atollic-eabi/6.3.1/../../../../arm-atollic-eabi/lib/armv7-m\libc_nano.a(lib_a-errno.o)
                              Src\syscalls.o (__errno)
c:/program files (x86)/atollic/truestudio for stm32 9.3.0/armtools/bin/../lib/gcc/arm-atollic-eabi/6.3.1/../../../../arm-atollic-eabi/lib/armv7-m\libc_nano.a(lib_a-impure.o)
                              c:/program files (x86)/atollic/truestudio for stm32 9.3.0/armtools/bin/../lib/gcc/arm-atollic-eabi/6.3.1/../../../../arm-atollic-eabi/lib/armv7-m\libc_nano.a(lib_a-errno.o) (_impure_ptr)
c:/program files (x86)/atollic/truestudio for stm32 9.3.0/armtools/bin/../lib/gcc/arm-atollic-eabi/6.3.1/../../../../arm-atollic-eabi/lib/armv7-m\libc_nano.a(lib_a-init.o)
                              startup\startup_stm32f103xb.o (__libc_init_array)
c:/program files (x86)/atollic/truestudio for stm32 9.3.0/armtools/bin/../lib/gcc/arm-atollic-eabi/6.3.1/../../../../arm-atollic-eabi/lib/armv7-m\libc_nano.a(lib_a-itoa.o)
                              LIBRARY\USB_comunication.o (itoa)
c:/program files (x86)/atollic/truestudio for stm32 9.3.0/armtools/bin/../lib/gcc/arm-atollic-eabi/6.3.1/../../../../arm-atollic-eabi/lib/armv7-m\libc_nano.a(lib_a-memset.o)
                              Drivers\STM32F1xx_HAL_Driver\Src\stm32f1xx_hal_rcc.o (memset)
c:/program files (x86)/atollic/truestudio for stm32 9.3.0/armtools/bin/../lib/gcc/arm-atollic-eabi/6.3.1/../../../../arm-atollic-eabi/lib/armv7-m\libc_nano.a(lib_a-strcmp.o)
                              Src\main.o (strcmp)
c:/program files (x86)/atollic/truestudio for stm32 9.3.0/armtools/bin/../lib/gcc/arm-atollic-eabi/6.3.1/../../../../arm-atollic-eabi/lib/armv7-m\libc_nano.a(lib_a-strcpy.o)
                              Src\main.o (strcpy)
c:/program files (x86)/atollic/truestudio for stm32 9.3.0/armtools/bin/../lib/gcc/arm-atollic-eabi/6.3.1/../../../../arm-atollic-eabi/lib/armv7-m\libc_nano.a(lib_a-strlen.o)
                              LIBRARY\USB_comunication.o (strlen)
c:/program files (x86)/atollic/truestudio for stm32 9.3.0/armtools/bin/../lib/gcc/arm-atollic-eabi/6.3.1/../../../../arm-atollic-eabi/lib/armv7-m\libc_nano.a(lib_a-utoa.o)
                              c:/program files (x86)/atollic/truestudio for stm32 9.3.0/armtools/bin/../lib/gcc/arm-atollic-eabi/6.3.1/../../../../arm-atollic-eabi/lib/armv7-m\libc_nano.a(lib_a-itoa.o) (__utoa)
c:/program files (x86)/atollic/truestudio for stm32 9.3.0/armtools/bin/../lib/gcc/arm-atollic-eabi/6.3.1/../../../../arm-atollic-eabi/lib/armv7-m\libm.a(lib_a-sf_atan.o)
                              Src\main.o (atanf)
c:/program files (x86)/atollic/truestudio for stm32 9.3.0/armtools/bin/../lib/gcc/arm-atollic-eabi/6.3.1/../../../../arm-atollic-eabi/lib/armv7-m\libm.a(lib_a-sf_fabs.o)
                              c:/program files (x86)/atollic/truestudio for stm32 9.3.0/armtools/bin/../lib/gcc/arm-atollic-eabi/6.3.1/../../../../arm-atollic-eabi/lib/armv7-m\libm.a(lib_a-sf_atan.o) (fabsf)
c:/program files (x86)/atollic/truestudio for stm32 9.3.0/armtools/bin/../lib/gcc/arm-atollic-eabi/6.3.1/../../../../arm-atollic-eabi/lib/armv7-m\libm.a(lib_a-wf_hypot.o)
                              Src\main.o (hypotf)
c:/program files (x86)/atollic/truestudio for stm32 9.3.0/armtools/bin/../lib/gcc/arm-atollic-eabi/6.3.1/../../../../arm-atollic-eabi/lib/armv7-m\libm.a(lib_a-ef_hypot.o)
                              c:/program files (x86)/atollic/truestudio for stm32 9.3.0/armtools/bin/../lib/gcc/arm-atollic-eabi/6.3.1/../../../../arm-atollic-eabi/lib/armv7-m\libm.a(lib_a-wf_hypot.o) (__ieee754_hypotf)
c:/program files (x86)/atollic/truestudio for stm32 9.3.0/armtools/bin/../lib/gcc/arm-atollic-eabi/6.3.1/../../../../arm-atollic-eabi/lib/armv7-m\libm.a(lib_a-ef_sqrt.o)
                              c:/program files (x86)/atollic/truestudio for stm32 9.3.0/armtools/bin/../lib/gcc/arm-atollic-eabi/6.3.1/../../../../arm-atollic-eabi/lib/armv7-m\libm.a(lib_a-ef_hypot.o) (__ieee754_sqrtf)
c:/program files (x86)/atollic/truestudio for stm32 9.3.0/armtools/bin/../lib/gcc/arm-atollic-eabi/6.3.1/../../../../arm-atollic-eabi/lib/armv7-m\libm.a(lib_a-s_lib_ver.o)
                              c:/program files (x86)/atollic/truestudio for stm32 9.3.0/armtools/bin/../lib/gcc/arm-atollic-eabi/6.3.1/../../../../arm-atollic-eabi/lib/armv7-m\libm.a(lib_a-wf_hypot.o) (__fdlib_version)
c:/program files (x86)/atollic/truestudio for stm32 9.3.0/armtools/bin/../lib/gcc/arm-atollic-eabi/6.3.1/../../../../arm-atollic-eabi/lib/armv7-m\libm.a(lib_a-s_matherr.o)
                              c:/program files (x86)/atollic/truestudio for stm32 9.3.0/armtools/bin/../lib/gcc/arm-atollic-eabi/6.3.1/../../../../arm-atollic-eabi/lib/armv7-m\libm.a(lib_a-wf_hypot.o) (matherr)
[...]
Memory Configuration

Name             Origin             Length             Attributes
RAM              0x20000000         0x00005000         xrw
FLASH            0x08000000         0x00010000         xr
*default*        0x00000000         0xffffffff

Linker script and memory map

LOAD c:/program files (x86)/atollic/truestudio for stm32 9.3.0/armtools/bin/../lib/gcc/arm-atollic-eabi/6.3.1/armv7-m/crti.o
LOAD c:/program files (x86)/atollic/truestudio for stm32 9.3.0/armtools/bin/../lib/gcc/arm-atollic-eabi/6.3.1/armv7-m/crtbegin.o
LOAD Drivers\STM32F1xx_HAL_Driver\Src\stm32f1xx_hal.o
LOAD Drivers\STM32F1xx_HAL_Driver\Src\stm32f1xx_hal_adc.o
LOAD Drivers\STM32F1xx_HAL_Driver\Src\stm32f1xx_hal_adc_ex.o
LOAD Drivers\STM32F1xx_HAL_Driver\Src\stm32f1xx_hal_cortex.o
LOAD Drivers\STM32F1xx_HAL_Driver\Src\stm32f1xx_hal_dma.o
LOAD Drivers\STM32F1xx_HAL_Driver\Src\stm32f1xx_hal_exti.o
LOAD Drivers\STM32F1xx_HAL_Driver\Src\stm32f1xx_hal_flash.o
LOAD Drivers\STM32F1xx_HAL_Driver\Src\stm32f1xx_hal_flash_ex.o
LOAD Drivers\STM32F1xx_HAL_Driver\Src\stm32f1xx_hal_gpio.o
LOAD Drivers\STM32F1xx_HAL_Driver\Src\stm32f1xx_hal_gpio_ex.o
LOAD Drivers\STM32F1xx_HAL_Driver\Src\stm32f1xx_hal_i2c.o
LOAD Drivers\STM32F1xx_HAL_Driver\Src\stm32f1xx_hal_pwr.o
LOAD Drivers\STM32F1xx_HAL_Driver\Src\stm32f1xx_hal_rcc.o
LOAD Drivers\STM32F1xx_HAL_Driver\Src\stm32f1xx_hal_rcc_ex.o
LOAD Drivers\STM32F1xx_HAL_Driver\Src\stm32f1xx_hal_tim.o
LOAD Drivers\STM32F1xx_HAL_Driver\Src\stm32f1xx_hal_tim_ex.o
LOAD Drivers\STM32F1xx_HAL_Driver\Src\stm32f1xx_hal_uart.o
LOAD LIBRARY\USB_comunication.o
LOAD LIBRARY\dwt_delay.o
LOAD LIBRARY\gst_math.o
LOAD LIBRARY\gst_pid.o
LOAD LIBRARY\sd_hal_mpu6050.o
LOAD Src\adc.o
LOAD Src\dma.o
LOAD Src\gpio.o
LOAD Src\i2c.o
LOAD Src\main.o
LOAD Src\stm32f1xx_hal_msp.o
LOAD Src\stm32f1xx_it.o
LOAD Src\syscalls.o
LOAD Src\system_stm32f1xx.o
LOAD Src\tim.o
LOAD Src\usart.o
LOAD startup\startup_stm32f103xb.o
                0x00000080                malloc_getpagesize_P = 0x80
START GROUP
LOAD c:/program files (x86)/atollic/truestudio for stm32 9.3.0/armtools/bin/../lib/gcc/arm-atollic-eabi/6.3.1/../../../../arm-atollic-eabi/lib/armv7-m\libc_nano.a
LOAD c:/program files (x86)/atollic/truestudio for stm32 9.3.0/armtools/bin/../lib/gcc/arm-atollic-eabi/6.3.1/../../../../arm-atollic-eabi/lib/armv7-m\libm.a
END GROUP
START GROUP
LOAD c:/program files (x86)/atollic/truestudio for stm32 9.3.0/armtools/bin/../lib/gcc/arm-atollic-eabi/6.3.1/armv7-m\libgcc.a
LOAD c:/program files (x86)/atollic/truestudio for stm32 9.3.0/armtools/bin/../lib/gcc/arm-atollic-eabi/6.3.1/../../../../arm-atollic-eabi/lib/armv7-m\libc_nano.a
END GROUP
START GROUP
LOAD c:/program files (x86)/atollic/truestudio for stm32 9.3.0/armtools/bin/../lib/gcc/arm-atollic-eabi/6.3.1/armv7-m\libgcc.a
LOAD c:/program files (x86)/atollic/truestudio for stm32 9.3.0/armtools/bin/../lib/gcc/arm-atollic-eabi/6.3.1/../../../../arm-atollic-eabi/lib/armv7-m\libc_nano.a
LOAD c:/program files (x86)/atollic/truestudio for stm32 9.3.0/armtools/bin/../lib/gcc/arm-atollic-eabi/6.3.1/../../../../arm-atollic-eabi/lib/armv7-m\libnosys.a
END GROUP
START GROUP
LOAD c:/program files (x86)/atollic/truestudio for stm32 9.3.0/armtools/bin/../lib/gcc/arm-atollic-eabi/6.3.1/armv7-m\libgcc.a
LOAD c:/program files (x86)/atollic/truestudio for stm32 9.3.0/armtools/bin/../lib/gcc/arm-atollic-eabi/6.3.1/../../../../arm-atollic-eabi/lib/armv7-m\libc_nano.a
LOAD c:/program files (x86)/atollic/truestudio for stm32 9.3.0/armtools/bin/../lib/gcc/arm-atollic-eabi/6.3.1/../../../../arm-atollic-eabi/lib/armv7-m\libnosys.a
END GROUP
LOAD c:/program files (x86)/atollic/truestudio for stm32 9.3.0/armtools/bin/../lib/gcc/arm-atollic-eabi/6.3.1/armv7-m/crtend.o
LOAD c:/program files (x86)/atollic/truestudio for stm32 9.3.0/armtools/bin/../lib/gcc/arm-atollic-eabi/6.3.1/armv7-m/crtn.o
                0x20005000                _estack = 0x20005000
                0x00000200                _Min_Heap_Size = 0x200
                0x00000400                _Min_Stack_Size = 0x400

.isr_vector     0x08000000      0x10c
                0x08000000                . = ALIGN (0x4)
 *(.isr_vector)
 .isr_vector    0x08000000      0x10c startup\startup_stm32f103xb.o
                0x08000000                g_pfnVectors
                0x0800010c                . = ALIGN (0x4)

.text           0x08000110     0x4ce8
                0x08000110                . = ALIGN (0x4)
 *(.text)
 .text          0x08000110       0x40 c:/program files (x86)/atollic/truestudio for stm32 9.3.0/armtools/bin/../lib/gcc/arm-atollic-eabi/6.3.1/armv7-m/crtbegin.o
 .text          0x08000150       0x14 c:/program files (x86)/atollic/truestudio for stm32 9.3.0/armtools/bin/../lib/gcc/arm-atollic-eabi/6.3.1/../../../../arm-atollic-eabi/lib/armv7-m\libc_nano.a(lib_a-strcmp.o)
                0x08000150                strcmp
 .text          0x08000164      0x370 c:/program files (x86)/atollic/truestudio for stm32 9.3.0/armtools/bin/../lib/gcc/arm-atollic-eabi/6.3.1/armv7-m\libgcc.a(_arm_addsubdf3.o)
                0x08000164                __aeabi_drsub
                0x0800016c                __aeabi_dsub
                0x0800016c                __subdf3
                0x08000170                __aeabi_dadd
                0x08000170                __adddf3
                0x080003e8                __floatunsidf
                0x080003e8                __aeabi_ui2d
                0x08000408                __floatsidf
                0x08000408                __aeabi_i2d
                0x0800042c                __aeabi_f2d
                0x0800042c                __extendsfdf2
                0x08000468                __floatundidf
                0x08000468                __aeabi_ul2d
                0x08000478                __floatdidf
                0x08000478                __aeabi_l2d
 .text          0x080004d4      0x424 c:/program files (x86)/atollic/truestudio for stm32 9.3.0/armtools/bin/../lib/gcc/arm-atollic-eabi/6.3.1/armv7-m\libgcc.a(_arm_muldivdf3.o)
                0x080004d4                __aeabi_dmul
                0x080004d4                __muldf3
                0x08000728                __divdf3
                0x08000728                __aeabi_ddiv
 .text          0x080008f8       0x50 c:/program files (x86)/atollic/truestudio for stm32 9.3.0/armtools/bin/../lib/gcc/arm-atollic-eabi/6.3.1/armv7-m\libgcc.a(_arm_fixdfsi.o)
                0x080008f8                __aeabi_d2iz
                0x080008f8                __fixdfsi
 .text          0x08000948       0xa0 c:/program files (x86)/atollic/truestudio for stm32 9.3.0/armtools/bin/../lib/gcc/arm-atollic-eabi/6.3.1/armv7-m\libgcc.a(_arm_truncdfsf2.o)
                0x08000948                __truncdfsf2
                0x08000948                __aeabi_d2f
 .text          0x080009e8      0x21c c:/program files (x86)/atollic/truestudio for stm32 9.3.0/armtools/bin/../lib/gcc/arm-atollic-eabi/6.3.1/armv7-m\libgcc.a(_arm_addsubsf3.o)
                0x080009e8                __aeabi_frsub
                0x080009f0                __subsf3
                0x080009f0                __aeabi_fsub
                0x080009f4                __aeabi_fadd
                0x080009f4                __addsf3
                0x08000b54                __aeabi_ui2f
                0x08000b54                __floatunsisf
                0x08000b5c                __aeabi_i2f
                0x08000b5c                __floatsisf
                0x08000b78                __aeabi_ul2f
                0x08000b78                __floatundisf
                0x08000b88                __aeabi_l2f
                0x08000b88                __floatdisf
 .text          0x08000c04      0x2a0 c:/program files (x86)/atollic/truestudio for stm32 9.3.0/armtools/bin/../lib/gcc/arm-atollic-eabi/6.3.1/armv7-m\libgcc.a(_arm_muldivsf3.o)
                0x08000c04                __mulsf3
                0x08000c04                __aeabi_fmul
                0x08000d6c                __aeabi_fdiv
                0x08000d6c                __divsf3
 .text          0x08000ea4       0xec c:/program files (x86)/atollic/truestudio for stm32 9.3.0/armtools/bin/../lib/gcc/arm-atollic-eabi/6.3.1/armv7-m\libgcc.a(_arm_cmpsf2.o)
                0x08000ea4                __gesf2
                0x08000ea4                __gtsf2
                0x08000eac                __lesf2
                0x08000eac                __ltsf2
                0x08000eb4                __nesf2
                0x08000eb4                __eqsf2
                0x08000eb4                __cmpsf2
                0x08000f14                __aeabi_cfrcmple
                0x08000f1c                __aeabi_cfcmpeq
                0x08000f1c                __aeabi_cfcmple
                0x08000f2c                __aeabi_fcmpeq
                0x08000f40                __aeabi_fcmplt
                0x08000f54                __aeabi_fcmple
                0x08000f68                __aeabi_fcmpge
                0x08000f7c                __aeabi_fcmpgt
 .text          0x08000f90       0x4c c:/program files (x86)/atollic/truestudio for stm32 9.3.0/armtools/bin/../lib/gcc/arm-atollic-eabi/6.3.1/armv7-m\libgcc.a(_arm_fixsfsi.o)
                0x08000f90                __aeabi_f2iz
                0x08000f90                __fixsfsi
 .text          0x08000fdc       0x40 c:/program files (x86)/atollic/truestudio for stm32 9.3.0/armtools/bin/../lib/gcc/arm-atollic-eabi/6.3.1/armv7-m\libgcc.a(_arm_fixunssfsi.o)
                0x08000fdc                __fixunssfsi
                0x08000fdc                __aeabi_f2uiz
 *(.text*)
 .text.HAL_InitTick
                0x0800101c       0x48 Drivers\STM32F1xx_HAL_Driver\Src\stm32f1xx_hal.o
                0x0800101c                HAL_InitTick
 .text.HAL_Init
                0x08001064       0x24 Drivers\STM32F1xx_HAL_Driver\Src\stm32f1xx_hal.o
                0x08001064                HAL_Init
 .text.HAL_IncTick
                0x08001088       0x18 Drivers\STM32F1xx_HAL_Driver\Src\stm32f1xx_hal.o
                0x08001088                HAL_IncTick
 .text.HAL_GetTick
                0x080010a0        0xc Drivers\STM32F1xx_HAL_Driver\Src\stm32f1xx_hal.o
                0x080010a0                HAL_GetTick
 .text.HAL_Delay
                0x080010ac       0x24 Drivers\STM32F1xx_HAL_Driver\Src\stm32f1xx_hal.o
                0x080010ac                HAL_Delay
 .text.HAL_ADC_ConvCpltCallback
                0x080010d0        0x2 Drivers\STM32F1xx_HAL_Driver\Src\stm32f1xx_hal_adc.o
                0x080010d0                HAL_ADC_ConvCpltCallback
 .text.ADC_DMAConvCplt
                0x080010d2       0x4e Drivers\STM32F1xx_HAL_Driver\Src\stm32f1xx_hal_adc.o
                0x080010d2                ADC_DMAConvCplt
 .text.HAL_ADC_ConvHalfCpltCallback
                0x08001120        0x2 Drivers\STM32F1xx_HAL_Driver\Src\stm32f1xx_hal_adc.o
                0x08001120                HAL_ADC_ConvHalfCpltCallback
 .text.ADC_DMAHalfConvCplt
                0x08001122        0xa Drivers\STM32F1xx_HAL_Driver\Src\stm32f1xx_hal_adc.o
                0x08001122                ADC_DMAHalfConvCplt
 .text.HAL_ADC_ErrorCallback
                0x0800112c        0x2 Drivers\STM32F1xx_HAL_Driver\Src\stm32f1xx_hal_adc.o
                0x0800112c                HAL_ADC_ErrorCallback
 .text.ADC_DMAError
                0x0800112e       0x1a Drivers\STM32F1xx_HAL_Driver\Src\stm32f1xx_hal_adc.o
                0x0800112e                ADC_DMAError
 .text.HAL_ADC_ConfigChannel
                0x08001148      0x108 Drivers\STM32F1xx_HAL_Driver\Src\stm32f1xx_hal_adc.o
                0x08001148                HAL_ADC_ConfigChannel
 .text.ADC_Enable
                0x08001250       0x70 Drivers\STM32F1xx_HAL_Driver\Src\stm32f1xx_hal_adc.o
                0x08001250                ADC_Enable
 .text.HAL_ADC_Start_DMA
                0x080012c0      0x11c Drivers\STM32F1xx_HAL_Driver\Src\stm32f1xx_hal_adc.o
                0x080012c0                HAL_ADC_Start_DMA
 .text.ADC_ConversionStop_Disable
                0x080013dc       0x44 Drivers\STM32F1xx_HAL_Driver\Src\stm32f1xx_hal_adc.o
                0x080013dc                ADC_ConversionStop_Disable
 .text.HAL_ADC_Init
                0x08001420      0x100 Drivers\STM32F1xx_HAL_Driver\Src\stm32f1xx_hal_adc.o
                0x08001420                HAL_ADC_Init
 .text.HAL_NVIC_SetPriorityGrouping
                0x08001520       0x24 Drivers\STM32F1xx_HAL_Driver\Src\stm32f1xx_hal_cortex.o
                0x08001520                HAL_NVIC_SetPriorityGrouping
 .text.HAL_NVIC_SetPriority
                0x08001544       0x68 Drivers\STM32F1xx_HAL_Driver\Src\stm32f1xx_hal_cortex.o
                0x08001544                HAL_NVIC_SetPriority
 .text.HAL_NVIC_EnableIRQ
                0x080015ac       0x1c Drivers\STM32F1xx_HAL_Driver\Src\stm32f1xx_hal_cortex.o
                0x080015ac                HAL_NVIC_EnableIRQ
 .text.HAL_SYSTICK_Config
                0x080015c8       0x2c Drivers\STM32F1xx_HAL_Driver\Src\stm32f1xx_hal_cortex.o
                0x080015c8                HAL_SYSTICK_Config
 .text.HAL_DMA_Init
                0x080015f4       0x60 Drivers\STM32F1xx_HAL_Driver\Src\stm32f1xx_hal_dma.o
                0x080015f4                HAL_DMA_Init
 .text.HAL_DMA_Start_IT
                0x08001654       0x7a Drivers\STM32F1xx_HAL_Driver\Src\stm32f1xx_hal_dma.o
                0x08001654                HAL_DMA_Start_IT
 *fill*         0x080016ce        0x2 
 .text.HAL_DMA_Abort_IT
                0x080016d0       0x90 Drivers\STM32F1xx_HAL_Driver\Src\stm32f1xx_hal_dma.o
                0x080016d0                HAL_DMA_Abort_IT
 .text.HAL_DMA_IRQHandler
                0x08001760      0x128 Drivers\STM32F1xx_HAL_Driver\Src\stm32f1xx_hal_dma.o
                0x08001760                HAL_DMA_IRQHandler
 .text.HAL_GPIO_Init
                0x08001888      0x1c4 Drivers\STM32F1xx_HAL_Driver\Src\stm32f1xx_hal_gpio.o
                0x08001888                HAL_GPIO_Init
 .text.I2C_IsAcknowledgeFailed
                0x08001a4c       0x32 Drivers\STM32F1xx_HAL_Driver\Src\stm32f1xx_hal_i2c.o
 .text.I2C_WaitOnMasterAddressFlagUntilTimeout
                0x08001a7e       0x8a Drivers\STM32F1xx_HAL_Driver\Src\stm32f1xx_hal_i2c.o
 .text.I2C_WaitOnBTFFlagUntilTimeout
                0x08001b08       0x4c Drivers\STM32F1xx_HAL_Driver\Src\stm32f1xx_hal_i2c.o
 .text.I2C_WaitOnRXNEFlagUntilTimeout
                0x08001b54       0x5e Drivers\STM32F1xx_HAL_Driver\Src\stm32f1xx_hal_i2c.o
 .text.I2C_WaitOnFlagUntilTimeout
                0x08001bb2       0x64 Drivers\STM32F1xx_HAL_Driver\Src\stm32f1xx_hal_i2c.o
 .text.I2C_WaitOnTXEFlagUntilTimeout
                0x08001c16       0x4c Drivers\STM32F1xx_HAL_Driver\Src\stm32f1xx_hal_i2c.o
 *fill*         0x08001c62        0x2 
 .text.HAL_I2C_Init
                0x08001c64      0x148 Drivers\STM32F1xx_HAL_Driver\Src\stm32f1xx_hal_i2c.o
                0x08001c64                HAL_I2C_Init
 .text.HAL_I2C_Master_Transmit
                0x08001dac      0x19c Drivers\STM32F1xx_HAL_Driver\Src\stm32f1xx_hal_i2c.o
                0x08001dac                HAL_I2C_Master_Transmit
 .text.HAL_I2C_Master_Receive
                0x08001f48      0x2f0 Drivers\STM32F1xx_HAL_Driver\Src\stm32f1xx_hal_i2c.o
                0x08001f48                HAL_I2C_Master_Receive
 .text.HAL_I2C_IsDeviceReady
                0x08002238      0x154 Drivers\STM32F1xx_HAL_Driver\Src\stm32f1xx_hal_i2c.o
                0x08002238                HAL_I2C_IsDeviceReady
 .text.HAL_RCC_OscConfig
                0x0800238c      0x33c Drivers\STM32F1xx_HAL_Driver\Src\stm32f1xx_hal_rcc.o
                0x0800238c                HAL_RCC_OscConfig
 .text.HAL_RCC_GetSysClockFreq
                0x080026c8       0x78 Drivers\STM32F1xx_HAL_Driver\Src\stm32f1xx_hal_rcc.o
                0x080026c8                HAL_RCC_GetSysClockFreq
 .text.HAL_RCC_ClockConfig
                0x08002740      0x13c Drivers\STM32F1xx_HAL_Driver\Src\stm32f1xx_hal_rcc.o
                0x08002740                HAL_RCC_ClockConfig
 .text.HAL_RCC_GetPCLK1Freq
                0x0800287c       0x20 Drivers\STM32F1xx_HAL_Driver\Src\stm32f1xx_hal_rcc.o
                0x0800287c                HAL_RCC_GetPCLK1Freq
 .text.HAL_RCC_GetPCLK2Freq
                0x0800289c       0x20 Drivers\STM32F1xx_HAL_Driver\Src\stm32f1xx_hal_rcc.o
                0x0800289c                HAL_RCC_GetPCLK2Freq
 .text.HAL_RCCEx_PeriphCLKConfig
                0x080028bc       0xf0 Drivers\STM32F1xx_HAL_Driver\Src\stm32f1xx_hal_rcc_ex.o
                0x080028bc                HAL_RCCEx_PeriphCLKConfig
 .text.TIM_OC1_SetConfig
                0x080029ac       0x50 Drivers\STM32F1xx_HAL_Driver\Src\stm32f1xx_hal_tim.o
 .text.TIM_OC3_SetConfig
                0x080029fc       0x54 Drivers\STM32F1xx_HAL_Driver\Src\stm32f1xx_hal_tim.o
 .text.TIM_OC4_SetConfig
                0x08002a50       0x44 Drivers\STM32F1xx_HAL_Driver\Src\stm32f1xx_hal_tim.o
 .text.HAL_TIM_Base_Start
                0x08002a94       0x24 Drivers\STM32F1xx_HAL_Driver\Src\stm32f1xx_hal_tim.o
                0x08002a94                HAL_TIM_Base_Start
 .text.HAL_TIM_Base_Start_IT
                0x08002ab8       0x20 Drivers\STM32F1xx_HAL_Driver\Src\stm32f1xx_hal_tim.o
                0x08002ab8                HAL_TIM_Base_Start_IT
 .text.HAL_TIM_PWM_MspInit
                0x08002ad8        0x2 Drivers\STM32F1xx_HAL_Driver\Src\stm32f1xx_hal_tim.o
                0x08002ad8                HAL_TIM_PWM_MspInit
 .text.HAL_TIM_PeriodElapsedCallback
                0x08002ada        0x2 Drivers\STM32F1xx_HAL_Driver\Src\stm32f1xx_hal_tim.o
                0x08002ada                HAL_TIM_PeriodElapsedCallback
 .text.HAL_TIM_OC_DelayElapsedCallback
                0x08002adc        0x2 Drivers\STM32F1xx_HAL_Driver\Src\stm32f1xx_hal_tim.o
                0x08002adc                HAL_TIM_OC_DelayElapsedCallback
 .text.HAL_TIM_IC_CaptureCallback
                0x08002ade        0x2 Drivers\STM32F1xx_HAL_Driver\Src\stm32f1xx_hal_tim.o
                0x08002ade                HAL_TIM_IC_CaptureCallback
 .text.HAL_TIM_PWM_PulseFinishedCallback
                0x08002ae0        0x2 Drivers\STM32F1xx_HAL_Driver\Src\stm32f1xx_hal_tim.o
                0x08002ae0                HAL_TIM_PWM_PulseFinishedCallback
 .text.HAL_TIM_TriggerCallback
                0x08002ae2        0x2 Drivers\STM32F1xx_HAL_Driver\Src\stm32f1xx_hal_tim.o
                0x08002ae2                HAL_TIM_TriggerCallback
 .text.HAL_TIM_IRQHandler
                0x08002ae4      0x144 Drivers\STM32F1xx_HAL_Driver\Src\stm32f1xx_hal_tim.o
                0x08002ae4                HAL_TIM_IRQHandler
 .text.TIM_Base_SetConfig
                0x08002c28       0x70 Drivers\STM32F1xx_HAL_Driver\Src\stm32f1xx_hal_tim.o
                0x08002c28                TIM_Base_SetConfig
 .text.HAL_TIM_Base_Init
                0x08002c98       0x34 Drivers\STM32F1xx_HAL_Driver\Src\stm32f1xx_hal_tim.o
                0x08002c98                HAL_TIM_Base_Init
 .text.HAL_TIM_PWM_Init
                0x08002ccc       0x34 Drivers\STM32F1xx_HAL_Driver\Src\stm32f1xx_hal_tim.o
                0x08002ccc                HAL_TIM_PWM_Init
 .text.TIM_OC2_SetConfig
                0x08002d00       0x58 Drivers\STM32F1xx_HAL_Driver\Src\stm32f1xx_hal_tim.o
                0x08002d00                TIM_OC2_SetConfig
 .text.HAL_TIM_PWM_ConfigChannel
                0x08002d58       0xc4 Drivers\STM32F1xx_HAL_Driver\Src\stm32f1xx_hal_tim.o
                0x08002d58                HAL_TIM_PWM_ConfigChannel
 .text.TIM_ETR_SetConfig
                0x08002e1c       0x14 Drivers\STM32F1xx_HAL_Driver\Src\stm32f1xx_hal_tim.o
                0x08002e1c                TIM_ETR_SetConfig
 .text.HAL_TIM_ConfigClockSource
                0x08002e30      0x128 Drivers\STM32F1xx_HAL_Driver\Src\stm32f1xx_hal_tim.o
                0x08002e30                HAL_TIM_ConfigClockSource
 .text.TIM_CCxChannelCmd
                0x08002f58       0x1c Drivers\STM32F1xx_HAL_Driver\Src\stm32f1xx_hal_tim.o
                0x08002f58                TIM_CCxChannelCmd
 .text.HAL_TIM_PWM_Start
                0x08002f74       0x38 Drivers\STM32F1xx_HAL_Driver\Src\stm32f1xx_hal_tim.o
                0x08002f74                HAL_TIM_PWM_Start
 .text.HAL_TIMEx_MasterConfigSynchronization
                0x08002fac       0x3c Drivers\STM32F1xx_HAL_Driver\Src\stm32f1xx_hal_tim_ex.o
                0x08002fac                HAL_TIMEx_MasterConfigSynchronization
 .text.HAL_TIMEx_CommutCallback
                0x08002fe8        0x2 Drivers\STM32F1xx_HAL_Driver\Src\stm32f1xx_hal_tim_ex.o
                0x08002fe8                HAL_TIMEx_CommutCallback
 .text.HAL_TIMEx_BreakCallback
                0x08002fea        0x2 Drivers\STM32F1xx_HAL_Driver\Src\stm32f1xx_hal_tim_ex.o
                0x08002fea                HAL_TIMEx_BreakCallback
 .text.UART_EndRxTransfer
                0x08002fec       0x1a Drivers\STM32F1xx_HAL_Driver\Src\stm32f1xx_hal_uart.o
 *fill*         0x08003006        0x2 
 .text.UART_SetConfig
                0x08003008       0x74 Drivers\STM32F1xx_HAL_Driver\Src\stm32f1xx_hal_uart.o
 .text.UART_WaitOnFlagUntilTimeout.constprop.3
                0x0800307c       0x50 Drivers\STM32F1xx_HAL_Driver\Src\stm32f1xx_hal_uart.o
 .text.HAL_UART_Init
                0x080030cc       0x5c Drivers\STM32F1xx_HAL_Driver\Src\stm32f1xx_hal_uart.o
                0x080030cc                HAL_UART_Init
 .text.HAL_UART_Transmit
                0x08003128       0xb8 Drivers\STM32F1xx_HAL_Driver\Src\stm32f1xx_hal_uart.o
                0x08003128                HAL_UART_Transmit
 .text.HAL_UART_Receive
                0x080031e0       0xbe Drivers\STM32F1xx_HAL_Driver\Src\stm32f1xx_hal_uart.o
                0x080031e0                HAL_UART_Receive
 .text.HAL_UART_TxCpltCallback
                0x0800329e        0x2 Drivers\STM32F1xx_HAL_Driver\Src\stm32f1xx_hal_uart.o
                0x0800329e                HAL_UART_TxCpltCallback
 .text.HAL_UART_RxCpltCallback
                0x080032a0        0x2 Drivers\STM32F1xx_HAL_Driver\Src\stm32f1xx_hal_uart.o
                0x080032a0                HAL_UART_RxCpltCallback
 .text.UART_Receive_IT
                0x080032a2       0x7c Drivers\STM32F1xx_HAL_Driver\Src\stm32f1xx_hal_uart.o
 .text.HAL_UART_ErrorCallback
                0x0800331e        0x2 Drivers\STM32F1xx_HAL_Driver\Src\stm32f1xx_hal_uart.o
                0x0800331e                HAL_UART_ErrorCallback
 .text.HAL_UART_IRQHandler
                0x08003320      0x140 Drivers\STM32F1xx_HAL_Driver\Src\stm32f1xx_hal_uart.o
                0x08003320                HAL_UART_IRQHandler
 .text.UART_DMAAbortOnError
                0x08003460       0x10 Drivers\STM32F1xx_HAL_Driver\Src\stm32f1xx_hal_uart.o
 .text.clear_uart_buffer
                0x08003470       0x16 LIBRARY\USB_comunication.o
                0x08003470                clear_uart_buffer
 .text.UART_Transmit_string
                0x08003486       0x26 LIBRARY\USB_comunication.o
                0x08003486                UART_Transmit_string
 .text.UART_Transmit_string_CR_LF
                0x080034ac       0x32 LIBRARY\USB_comunication.o
                0x080034ac                UART_Transmit_string_CR_LF
 *fill*         0x080034de        0x2 
 .text.UART_send_float
                0x080034e0       0x98 LIBRARY\USB_comunication.o
                0x080034e0                UART_send_float
 .text.DWT_Init
                0x08003578       0x28 LIBRARY\dwt_delay.o
                0x08003578                DWT_Init
 .text.array_averaging
                0x080035a0       0x38 LIBRARY\gst_math.o
                0x080035a0                array_averaging
 .text.arrays_xy_averaging
                0x080035d8       0x4a LIBRARY\gst_math.o
                0x080035d8                arrays_xy_averaging
 .text.disperssion
                0x08003622       0x6c LIBRARY\gst_math.o
                0x08003622                disperssion
 .text.linear_regression
                0x0800368e       0x7a LIBRARY\gst_math.o
                0x0800368e                linear_regression
 .text.PID_init
                0x08003708       0x1c LIBRARY\gst_pid.o
                0x08003708                PID_init
 .text.integral_part
                0x08003724       0x1a LIBRARY\gst_pid.o
                0x08003724                integral_part
 .text.differential_part
                0x0800373e       0x18 LIBRARY\gst_pid.o
                0x0800373e                differential_part
 .text.PID      0x08003756       0x32 LIBRARY\gst_pid.o
                0x08003756                PID
 .text.SD_MPU6050_SetDataRate
                0x08003788       0x2c LIBRARY\sd_hal_mpu6050.o
                0x08003788                SD_MPU6050_SetDataRate
 .text.SD_MPU6050_SetAccelerometer
                0x080037b4       0xa2 LIBRARY\sd_hal_mpu6050.o
                0x080037b4                SD_MPU6050_SetAccelerometer
 *fill*         0x08003856        0x2 
 .text.SD_MPU6050_SetGyroscope
                0x08003858       0xac LIBRARY\sd_hal_mpu6050.o
                0x08003858                SD_MPU6050_SetGyroscope
 .text.SD_MPU6050_Init
                0x08003904       0xa6 LIBRARY\sd_hal_mpu6050.o
                0x08003904                SD_MPU6050_Init
 .text.SD_MPU6050_ReadAccelerometer
                0x080039aa       0x72 LIBRARY\sd_hal_mpu6050.o
                0x080039aa                SD_MPU6050_ReadAccelerometer
 .text.SD_MPU6050_ReadGyroscope
                0x08003a1c       0x72 LIBRARY\sd_hal_mpu6050.o
                0x08003a1c                SD_MPU6050_ReadGyroscope
 *fill*         0x08003a8e        0x2 
 .text.MX_ADC1_Init
                0x08003a90       0x50 Src\adc.o
                0x08003a90                MX_ADC1_Init
 .text.HAL_ADC_MspInit
                0x08003ae0       0x94 Src\adc.o
                0x08003ae0                HAL_ADC_MspInit
 .text.MX_DMA_Init
                0x08003b74       0x30 Src\dma.o
                0x08003b74                MX_DMA_Init
 .text.MX_GPIO_Init
                0x08003ba4       0x44 Src\gpio.o
                0x08003ba4                MX_GPIO_Init
 .text.MX_I2C1_Init
                0x08003be8       0x40 Src\i2c.o
                0x08003be8                MX_I2C1_Init
 .text.HAL_I2C_MspInit
                0x08003c28       0x78 Src\i2c.o
                0x08003c28                HAL_I2C_MspInit
 .text.SystemClock_Config
                0x08003ca0       0x70 Src\main.o
                0x08003ca0                SystemClock_Config
 .text.servo_set_CCRx_value
                0x08003d10       0x10 Src\main.o
                0x08003d10                servo_set_CCRx_value
 .text.servo_set_position
                0x08003d20       0x68 Src\main.o
                0x08003d20                servo_set_position
 .text.potentiometer_calibration
                0x08003d88       0xb0 Src\main.o
                0x08003d88                potentiometer_calibration
 .text.IMU_get_acc
                0x08003e38       0x4c Src\main.o
                0x08003e38                IMU_get_acc
 .text.IMU_get_gyro
                0x08003e84       0x4c Src\main.o
                0x08003e84                IMU_get_gyro
 .text.angle_from_acc
                0x08003ed0       0x78 Src\main.o
                0x08003ed0                angle_from_acc
 .text.get_microseconds_since_begin
                0x08003f48       0x38 Src\main.o
                0x08003f48                get_microseconds_since_begin
 .text.angle_from_gyro
                0x08003f80       0x98 Src\main.o
                0x08003f80                angle_from_gyro
 .text.complementary_filter
                0x08004018       0x50 Src\main.o
                0x08004018                complementary_filter
 .text.stabilize_by_pid
                0x08004068       0x78 Src\main.o
                0x08004068                stabilize_by_pid
 .text.get_milliseconds_since_begin
                0x080040e0       0x30 Src\main.o
                0x080040e0                get_milliseconds_since_begin
 .text.GYRO_struct_init
                0x08004110       0x30 Src\main.o
                0x08004110                GYRO_struct_init
 .text.startup.main
                0x08004140      0x29c Src\main.o
                0x08004140                main
 .text.Error_Handler
                0x080043dc        0x2 Src\main.o
                0x080043dc                Error_Handler
 *fill*         0x080043de        0x2 
 .text.HAL_MspInit
                0x080043e0       0x44 Src\stm32f1xx_hal_msp.o
                0x080043e0                HAL_MspInit
 .text.NMI_Handler
                0x08004424        0x2 Src\stm32f1xx_it.o
                0x08004424                NMI_Handler
 .text.HardFault_Handler
                0x08004426        0x2 Src\stm32f1xx_it.o
                0x08004426                HardFault_Handler
 .text.MemManage_Handler
                0x08004428        0x2 Src\stm32f1xx_it.o
                0x08004428                MemManage_Handler
 .text.BusFault_Handler
                0x0800442a        0x2 Src\stm32f1xx_it.o
                0x0800442a                BusFault_Handler
 .text.UsageFault_Handler
                0x0800442c        0x2 Src\stm32f1xx_it.o
                0x0800442c                UsageFault_Handler
 .text.SVC_Handler
                0x0800442e        0x2 Src\stm32f1xx_it.o
                0x0800442e                SVC_Handler
 .text.DebugMon_Handler
                0x08004430        0x2 Src\stm32f1xx_it.o
                0x08004430                DebugMon_Handler
 .text.PendSV_Handler
                0x08004432        0x2 Src\stm32f1xx_it.o
                0x08004432                PendSV_Handler
 .text.SysTick_Handler
                0x08004434        0x4 Src\stm32f1xx_it.o
                0x08004434                SysTick_Handler
 .text.DMA1_Channel1_IRQHandler
                0x08004438        0xc Src\stm32f1xx_it.o
                0x08004438                DMA1_Channel1_IRQHandler
 .text.TIM1_UP_IRQHandler
                0x08004444        0xc Src\stm32f1xx_it.o
                0x08004444                TIM1_UP_IRQHandler
 .text.TIM4_IRQHandler
                0x08004450        0xc Src\stm32f1xx_it.o
                0x08004450                TIM4_IRQHandler
 .text.USART1_IRQHandler
                0x0800445c       0x30 Src\stm32f1xx_it.o
                0x0800445c                USART1_IRQHandler
 .text.SystemInit
                0x0800448c       0x4c Src\system_stm32f1xx.o
                0x0800448c                SystemInit
 .text.MX_TIM1_Init
                0x080044d8       0x6c Src\tim.o
                0x080044d8                MX_TIM1_Init
 .text.HAL_TIM_Base_MspInit
                0x08004544       0x68 Src\tim.o
                0x08004544                HAL_TIM_Base_MspInit
 .text.HAL_TIM_MspPostInit
                0x080045ac       0x4c Src\tim.o
                0x080045ac                HAL_TIM_MspPostInit
 .text.MX_TIM4_Init
                0x080045f8       0xa4 Src\tim.o
                0x080045f8                MX_TIM4_Init
 .text.MX_USART1_UART_Init
                0x0800469c       0x38 Src\usart.o
                0x0800469c                MX_USART1_UART_Init
 .text.HAL_UART_MspInit
                0x080046d4       0x88 Src\usart.o
                0x080046d4                HAL_UART_MspInit
 .text.Reset_Handler
                0x0800475c       0x48 startup\startup_stm32f103xb.o
                0x0800475c                Reset_Handler
 .text.Default_Handler
                0x080047a4        0x2 startup\startup_stm32f103xb.o
                0x080047a4                RTC_Alarm_IRQHandler
                0x080047a4                EXTI2_IRQHandler
                0x080047a4                TIM1_CC_IRQHandler
                0x080047a4                PVD_IRQHandler
                0x080047a4                EXTI3_IRQHandler
                0x080047a4                EXTI0_IRQHandler
                0x080047a4                I2C2_EV_IRQHandler
                0x080047a4                ADC1_2_IRQHandler
                0x080047a4                SPI1_IRQHandler
                0x080047a4                TAMPER_IRQHandler
                0x080047a4                DMA1_Channel4_IRQHandler
                0x080047a4                USART3_IRQHandler
                0x080047a4                RTC_IRQHandler
                0x080047a4                DMA1_Channel7_IRQHandler
                0x080047a4                CAN1_RX1_IRQHandler
                0x080047a4                I2C1_EV_IRQHandler
                0x080047a4                DMA1_Channel6_IRQHandler
                0x080047a4                TIM3_IRQHandler
                0x080047a4                RCC_IRQHandler
                0x080047a4                TIM1_TRG_COM_IRQHandler
                0x080047a4                Default_Handler
                0x080047a4                EXTI15_10_IRQHandler
                0x080047a4                EXTI9_5_IRQHandler
                0x080047a4                SPI2_IRQHandler
                0x080047a4                DMA1_Channel5_IRQHandler
                0x080047a4                EXTI4_IRQHandler
                0x080047a4                USB_LP_CAN1_RX0_IRQHandler
                0x080047a4                USB_HP_CAN1_TX_IRQHandler
                0x080047a4                DMA1_Channel3_IRQHandler
                0x080047a4                WWDG_IRQHandler
                0x080047a4                TIM2_IRQHandler
                0x080047a4                TIM1_BRK_IRQHandler
                0x080047a4                EXTI1_IRQHandler
                0x080047a4                USART2_IRQHandler
                0x080047a4                I2C2_ER_IRQHandler
                0x080047a4                DMA1_Channel2_IRQHandler
                0x080047a4                CAN1_SCE_IRQHandler
                0x080047a4                FLASH_IRQHandler
                0x080047a4                I2C1_ER_IRQHandler
                0x080047a4                USBWakeUp_IRQHandler
 *fill*         0x080047a6        0x2 
 .text.__errno  0x080047a8        0xc c:/program files (x86)/atollic/truestudio for stm32 9.3.0/armtools/bin/../lib/gcc/arm-atollic-eabi/6.3.1/../../../../arm-atollic-eabi/lib/armv7-m\libc_nano.a(lib_a-errno.o)
                0x080047a8                __errno
 .text.__libc_init_array
                0x080047b4       0x48 c:/program files (x86)/atollic/truestudio for stm32 9.3.0/armtools/bin/../lib/gcc/arm-atollic-eabi/6.3.1/../../../../arm-atollic-eabi/lib/armv7-m\libc_nano.a(lib_a-init.o)
                0x080047b4                __libc_init_array
 .text.__itoa   0x080047fc       0x30 c:/program files (x86)/atollic/truestudio for stm32 9.3.0/armtools/bin/../lib/gcc/arm-atollic-eabi/6.3.1/../../../../arm-atollic-eabi/lib/armv7-m\libc_nano.a(lib_a-itoa.o)
                0x080047fc                __itoa
 .text.itoa     0x0800482c        0x4 c:/program files (x86)/atollic/truestudio for stm32 9.3.0/armtools/bin/../lib/gcc/arm-atollic-eabi/6.3.1/../../../../arm-atollic-eabi/lib/armv7-m\libc_nano.a(lib_a-itoa.o)
                0x0800482c                itoa
 .text.memset   0x08004830       0x10 c:/program files (x86)/atollic/truestudio for stm32 9.3.0/armtools/bin/../lib/gcc/arm-atollic-eabi/6.3.1/../../../../arm-atollic-eabi/lib/armv7-m\libc_nano.a(lib_a-memset.o)
                0x08004830                memset
 .text.strcpy   0x08004840       0x10 c:/program files (x86)/atollic/truestudio for stm32 9.3.0/armtools/bin/../lib/gcc/arm-atollic-eabi/6.3.1/../../../../arm-atollic-eabi/lib/armv7-m\libc_nano.a(lib_a-strcpy.o)
                0x08004840                strcpy
 .text.__utoa   0x08004850       0x80 c:/program files (x86)/atollic/truestudio for stm32 9.3.0/armtools/bin/../lib/gcc/arm-atollic-eabi/6.3.1/../../../../arm-atollic-eabi/lib/armv7-m\libc_nano.a(lib_a-utoa.o)
                0x08004850                __utoa
 .text.atanf    0x080048d0      0x220 c:/program files (x86)/atollic/truestudio for stm32 9.3.0/armtools/bin/../lib/gcc/arm-atollic-eabi/6.3.1/../../../../arm-atollic-eabi/lib/armv7-m\libm.a(lib_a-sf_atan.o)
                0x080048d0                atanf
 .text.fabsf    0x08004af0        0x6 c:/program files (x86)/atollic/truestudio for stm32 9.3.0/armtools/bin/../lib/gcc/arm-atollic-eabi/6.3.1/../../../../arm-atollic-eabi/lib/armv7-m\libm.a(lib_a-sf_fabs.o)
                0x08004af0                fabsf
 *fill*         0x08004af6        0x2 
 .text.hypotf   0x08004af8       0xb0 c:/program files (x86)/atollic/truestudio for stm32 9.3.0/armtools/bin/../lib/gcc/arm-atollic-eabi/6.3.1/../../../../arm-atollic-eabi/lib/armv7-m\libm.a(lib_a-wf_hypot.o)
                0x08004af8                hypotf
 .text.__ieee754_hypotf
                0x08004ba8      0x180 c:/program files (x86)/atollic/truestudio for stm32 9.3.0/armtools/bin/../lib/gcc/arm-atollic-eabi/6.3.1/../../../../arm-atollic-eabi/lib/armv7-m\libm.a(lib_a-ef_hypot.o)
                0x08004ba8                __ieee754_hypotf
 .text.__ieee754_sqrtf
                0x08004d28       0xa4 c:/program files (x86)/atollic/truestudio for stm32 9.3.0/armtools/bin/../lib/gcc/arm-atollic-eabi/6.3.1/../../../../arm-atollic-eabi/lib/armv7-m\libm.a(lib_a-ef_sqrt.o)
                0x08004d28                __ieee754_sqrtf
 .text.matherr  0x08004dcc        0x4 c:/program files (x86)/atollic/truestudio for stm32 9.3.0/armtools/bin/../lib/gcc/arm-atollic-eabi/6.3.1/../../../../arm-atollic-eabi/lib/armv7-m\libm.a(lib_a-s_matherr.o)
                0x08004dcc                matherr
 .text.finitef  0x08004dd0       0x10 c:/program files (x86)/atollic/truestudio for stm32 9.3.0/armtools/bin/../lib/gcc/arm-atollic-eabi/6.3.1/../../../../arm-atollic-eabi/lib/armv7-m\libm.a(lib_a-sf_finite.o)
                0x08004dd0                finitef
 *(.glue_7)
 .glue_7        0x08004de0        0x0 linker stubs
 *(.glue_7t)
 .glue_7t       0x08004de0        0x0 linker stubs
 *(.eh_frame)
 .eh_frame      0x08004de0        0x0 c:/program files (x86)/atollic/truestudio for stm32 9.3.0/armtools/bin/../lib/gcc/arm-atollic-eabi/6.3.1/armv7-m/crtbegin.o
 *(.init)
 .init          0x08004de0        0x4 c:/program files (x86)/atollic/truestudio for stm32 9.3.0/armtools/bin/../lib/gcc/arm-atollic-eabi/6.3.1/armv7-m/crti.o
                0x08004de0                _init
 .init          0x08004de4        0x8 c:/program files (x86)/atollic/truestudio for stm32 9.3.0/armtools/bin/../lib/gcc/arm-atollic-eabi/6.3.1/armv7-m/crtn.o
 *(.fini)
 .fini          0x08004dec        0x4 c:/program files (x86)/atollic/truestudio for stm32 9.3.0/armtools/bin/../lib/gcc/arm-atollic-eabi/6.3.1/armv7-m/crti.o
                0x08004dec                _fini
 .fini          0x08004df0        0x8 c:/program files (x86)/atollic/truestudio for stm32 9.3.0/armtools/bin/../lib/gcc/arm-atollic-eabi/6.3.1/armv7-m/crtn.o
                0x08004df8                . = ALIGN (0x4)
                0x08004df8                _etext = .

.vfp11_veneer   0x08004df8        0x0
 .vfp11_veneer  0x08004df8        0x0 linker stubs

.v4_bx          0x08004df8        0x0
 .v4_bx         0x08004df8        0x0 linker stubs

.iplt           0x08004df8        0x0
 .iplt          0x08004df8        0x0 c:/program files (x86)/atollic/truestudio for stm32 9.3.0/armtools/bin/../lib/gcc/arm-atollic-eabi/6.3.1/armv7-m/crtbegin.o

.rodata         0x08004df8      0x14c
                0x08004df8                . = ALIGN (0x4)
 *(.rodata)
 .rodata        0x08004df8       0x10 Drivers\STM32F1xx_HAL_Driver\Src\stm32f1xx_hal_rcc.o
 *(.rodata*)
 .rodata.UART_send_float.str1.1
                0x08004e08        0x0 LIBRARY\USB_comunication.o
                                  0x2 (size before relaxing)
 .rodata.main.str1.1
                0x08004e08       0x8a Src\main.o
                                 0x8b (size before relaxing)
 .rodata.str1.1
                0x08004e92       0x4b Src\main.o
 .rodata.AHBPrescTable
                0x08004edd       0x10 Src\system_stm32f1xx.o
                0x08004edd                AHBPrescTable
 .rodata.APBPrescTable
                0x08004eed        0x8 Src\system_stm32f1xx.o
                0x08004eed                APBPrescTable
 .rodata.__utoa.str1.1
                0x08004ef5       0x25 c:/program files (x86)/atollic/truestudio for stm32 9.3.0/armtools/bin/../lib/gcc/arm-atollic-eabi/6.3.1/../../../../arm-atollic-eabi/lib/armv7-m\libc_nano.a(lib_a-utoa.o)
 *fill*         0x08004f1a        0x2 
 .rodata.atanhi
                0x08004f1c       0x10 c:/program files (x86)/atollic/truestudio for stm32 9.3.0/armtools/bin/../lib/gcc/arm-atollic-eabi/6.3.1/../../../../arm-atollic-eabi/lib/armv7-m\libm.a(lib_a-sf_atan.o)
 .rodata.atanlo
                0x08004f2c       0x10 c:/program files (x86)/atollic/truestudio for stm32 9.3.0/armtools/bin/../lib/gcc/arm-atollic-eabi/6.3.1/../../../../arm-atollic-eabi/lib/armv7-m\libm.a(lib_a-sf_atan.o)
 .rodata.hypotf.str1.1
                0x08004f3c        0x7 c:/program files (x86)/atollic/truestudio for stm32 9.3.0/armtools/bin/../lib/gcc/arm-atollic-eabi/6.3.1/../../../../arm-atollic-eabi/lib/armv7-m\libm.a(lib_a-wf_hypot.o)
                0x08004f44                . = ALIGN (0x4)
 *fill*         0x08004f43        0x1 

.rel.dyn        0x08004f44        0x0
 .rel.iplt      0x08004f44        0x0 c:/program files (x86)/atollic/truestudio for stm32 9.3.0/armtools/bin/../lib/gcc/arm-atollic-eabi/6.3.1/armv7-m/crtbegin.o

.ARM.extab
 *(.ARM.extab* .gnu.linkonce.armextab.*)

.ARM            0x08004f44        0x0
                0x08004f44                __exidx_start = .
 *(.ARM.exidx*)
                0x08004f44                __exidx_end = .

.preinit_array  0x08004f44        0x0
                0x08004f44                PROVIDE (__preinit_array_start, .)
 *(.preinit_array*)
                0x08004f44                PROVIDE (__preinit_array_end, .)

.init_array     0x08004f44        0x4
                0x08004f44                PROVIDE (__init_array_start, .)
 *(SORT(.init_array.*))
 *(.init_array*)
 .init_array    0x08004f44        0x4 c:/program files (x86)/atollic/truestudio for stm32 9.3.0/armtools/bin/../lib/gcc/arm-atollic-eabi/6.3.1/armv7-m/crtbegin.o
                0x08004f48                PROVIDE (__init_array_end, .)

.fini_array     0x08004f48        0x4
                [!provide]                PROVIDE (__fini_array_start, .)
 *(SORT(.fini_array.*))
 *(.fini_array*)
 .fini_array    0x08004f48        0x4 c:/program files (x86)/atollic/truestudio for stm32 9.3.0/armtools/bin/../lib/gcc/arm-atollic-eabi/6.3.1/armv7-m/crtbegin.o
                [!provide]                PROVIDE (__fini_array_end, .)
                0x08004f4c                _sidata = LOADADDR (.data)

.data           0x20000000       0x90 load address 0x08004f4c
                0x20000000                . = ALIGN (0x4)
                0x20000000                _sdata = .
 *(.data)
 *(.data*)
 .data.uwTickFreq
                0x20000000        0x1 Drivers\STM32F1xx_HAL_Driver\Src\stm32f1xx_hal.o
                0x20000000                uwTickFreq
 *fill*         0x20000001        0x3 
 .data.uwTickPrio
                0x20000004        0x4 Drivers\STM32F1xx_HAL_Driver\Src\stm32f1xx_hal.o
                0x20000004                uwTickPrio
 .data.CCRxTD_a
                0x20000008        0x4 Src\main.o
                0x20000008                CCRxTD_a
 .data.CCRxTD_b
                0x2000000c        0x4 Src\main.o
                0x2000000c                CCRxTD_b
 .data.CFK      0x20000010        0x4 Src\main.o
                0x20000010                CFK
 .data.Kp       0x20000014        0x4 Src\main.o
                0x20000014                Kp
 .data.RTD_a    0x20000018        0x4 Src\main.o
                0x20000018                RTD_a
 .data.RTD_b    0x2000001c        0x4 Src\main.o
                0x2000001c                RTD_b
 .data.idn      0x20000020        0x4 Src\main.o
                0x20000020                idn
 .data.SystemCoreClock
                0x20000024        0x4 Src\system_stm32f1xx.o
                0x20000024                SystemCoreClock
 .data._impure_ptr
                0x20000028        0x4 c:/program files (x86)/atollic/truestudio for stm32 9.3.0/armtools/bin/../lib/gcc/arm-atollic-eabi/6.3.1/../../../../arm-atollic-eabi/lib/armv7-m\libc_nano.a(lib_a-impure.o)
                0x20000028                _impure_ptr
 .data.impure_data
                0x2000002c       0x60 c:/program files (x86)/atollic/truestudio for stm32 9.3.0/armtools/bin/../lib/gcc/arm-atollic-eabi/6.3.1/../../../../arm-atollic-eabi/lib/armv7-m\libc_nano.a(lib_a-impure.o)
 .data.__fdlib_version
                0x2000008c        0x1 c:/program files (x86)/atollic/truestudio for stm32 9.3.0/armtools/bin/../lib/gcc/arm-atollic-eabi/6.3.1/../../../../arm-atollic-eabi/lib/armv7-m\libm.a(lib_a-s_lib_ver.o)
                0x2000008c                __fdlib_version
                0x20000090                . = ALIGN (0x4)
 *fill*         0x2000008d        0x3 
                0x20000090                _edata = .

.igot.plt       0x20000090        0x0 load address 0x08004fdc
 .igot.plt      0x20000090        0x0 c:/program files (x86)/atollic/truestudio for stm32 9.3.0/armtools/bin/../lib/gcc/arm-atollic-eabi/6.3.1/armv7-m/crtbegin.o
                0x20000090                . = ALIGN (0x4)

.bss            0x20000090      0x314 load address 0x08004fdc
                0x20000090                _sbss = .
                0x20000090                __bss_start__ = _sbss
 *(.bss)
 .bss           0x20000090       0x1c c:/program files (x86)/atollic/truestudio for stm32 9.3.0/armtools/bin/../lib/gcc/arm-atollic-eabi/6.3.1/armv7-m/crtbegin.o
 *(.bss*)
 .bss.ADC1_DATA
                0x200000ac        0x2 Src\main.o
                0x200000ac                ADC1_DATA
 *fill*         0x200000ae        0x2 
 .bss.Kd        0x200000b0        0x4 Src\main.o
                0x200000b0                Kd
 .bss.Ki        0x200000b4        0x4 Src\main.o
                0x200000b4                Ki
 .bss.a         0x200000b8        0x4 Src\main.o
                0x200000b8                a
 .bss.pid_hold  0x200000bc        0x4 Src\main.o
                0x200000bc                pid_hold
 .bss.uart_buffer
                0x200000c0       0x64 Src\main.o
                0x200000c0                uart_buffer
 .bss.uart_rx_counter
                0x20000124        0x1 Src\main.o
                0x20000124                uart_rx_counter
 .bss.uart_string
                0x20000125       0x64 Src\main.o
                0x20000125                uart_string
 *(COMMON)
 *fill*         0x20000189        0x3 
 COMMON         0x2000018c        0x4 Drivers\STM32F1xx_HAL_Driver\Src\stm32f1xx_hal.o
                0x2000018c                uwTick
 COMMON         0x20000190       0x74 Src\adc.o
                0x20000190                hadc1
                0x200001c0                hdma_adc1
 COMMON         0x20000204       0x54 Src\i2c.o
                0x20000204                hi2c1
 COMMON         0x20000258       0x8c Src\main.o
                0x20000258                angle_gyro_x
                0x2000025c                a_y
                0x2000025e                g_x
                0x20000260                mpu_temperature
                0x20000264                a_x
                0x20000268                last_tick
                0x2000026c                new_tick
                0x20000270                g_z
                0x20000272                a_z
                0x20000274                startTick
                0x20000278                tick
                0x2000027c                angle_gyro_y
                0x20000280                gst_pid
                0x200002a4                result
                0x200002a8                gyro_angles
                0x200002c0                dt
                0x200002c4                g_y
                0x200002c8                mpu1
 COMMON         0x200002e4       0x80 Src\tim.o
                0x200002e4                htim4
                0x20000324                htim1
 COMMON         0x20000364       0x40 Src\usart.o
                0x20000364                huart1
                0x200003a4                . = ALIGN (0x4)
                0x200003a4                _ebss = .
                0x200003a4                __bss_end__ = _ebss

._user_heap_stack
                0x200003a4      0x600 load address 0x08004fdc
                0x200003a4                . = ALIGN (0x4)
                0x200003a4                PROVIDE (end, .)
                [!provide]                PROVIDE (_end, .)
                0x200005a4                . = (. + _Min_Heap_Size)
 *fill*         0x200003a4      0x200 
                0x200009a4                . = (. + _Min_Stack_Size)
 *fill*         0x200005a4      0x400 
                0x200009a4                . = ALIGN (0x4)

/DISCARD/
 libc.a(*)
 libm.a(*)
 libgcc.a(*)

.ARM.attributes
                0x00000000       0x29
 *(.ARM.attributes)
 .ARM.attributes
                0x00000000       0x1d c:/program files (x86)/atollic/truestudio for stm32 9.3.0/armtools/bin/../lib/gcc/arm-atollic-eabi/6.3.1/armv7-m/crti.o
 .ARM.attributes
                0x0000001d       0x2d c:/program files (x86)/atollic/truestudio for stm32 9.3.0/armtools/bin/../lib/gcc/arm-atollic-eabi/6.3.1/armv7-m/crtbegin.o
 .ARM.attributes
                0x0000004a       0x33 Drivers\STM32F1xx_HAL_Driver\Src\stm32f1xx_hal.o
 .ARM.attributes
                0x0000007d       0x33 Drivers\STM32F1xx_HAL_Driver\Src\stm32f1xx_hal_adc.o
 .ARM.attributes
                0x000000b0       0x33 Drivers\STM32F1xx_HAL_Driver\Src\stm32f1xx_hal_cortex.o
 .ARM.attributes
                0x000000e3       0x33 Drivers\STM32F1xx_HAL_Driver\Src\stm32f1xx_hal_dma.o
 .ARM.attributes
                0x00000116       0x33 Drivers\STM32F1xx_HAL_Driver\Src\stm32f1xx_hal_gpio.o
 .ARM.attributes
                0x00000149       0x33 Drivers\STM32F1xx_HAL_Driver\Src\stm32f1xx_hal_i2c.o
 .ARM.attributes
                0x0000017c       0x33 Drivers\STM32F1xx_HAL_Driver\Src\stm32f1xx_hal_rcc.o
 .ARM.attributes
                0x000001af       0x33 Drivers\STM32F1xx_HAL_Driver\Src\stm32f1xx_hal_rcc_ex.o
 .ARM.attributes
                0x000001e2       0x33 Drivers\STM32F1xx_HAL_Driver\Src\stm32f1xx_hal_tim.o
 .ARM.attributes
                0x00000215       0x33 Drivers\STM32F1xx_HAL_Driver\Src\stm32f1xx_hal_tim_ex.o
 .ARM.attributes
                0x00000248       0x33 Drivers\STM32F1xx_HAL_Driver\Src\stm32f1xx_hal_uart.o
 .ARM.attributes
                0x0000027b       0x33 LIBRARY\USB_comunication.o
 .ARM.attributes
                0x000002ae       0x33 LIBRARY\dwt_delay.o
 .ARM.attributes
                0x000002e1       0x33 LIBRARY\gst_math.o
 .ARM.attributes
                0x00000314       0x33 LIBRARY\gst_pid.o
 .ARM.attributes
                0x00000347       0x33 LIBRARY\sd_hal_mpu6050.o
 .ARM.attributes
                0x0000037a       0x33 Src\adc.o
 .ARM.attributes
                0x000003ad       0x33 Src\dma.o
 .ARM.attributes
                0x000003e0       0x33 Src\gpio.o
 .ARM.attributes
                0x00000413       0x33 Src\i2c.o
 .ARM.attributes
                0x00000446       0x33 Src\main.o
 .ARM.attributes
                0x00000479       0x33 Src\stm32f1xx_hal_msp.o
 .ARM.attributes
                0x000004ac       0x33 Src\stm32f1xx_it.o
 .ARM.attributes
                0x000004df       0x33 Src\system_stm32f1xx.o
 .ARM.attributes
                0x00000512       0x33 Src\tim.o
 .ARM.attributes
                0x00000545       0x33 Src\usart.o
 .ARM.attributes
                0x00000578       0x21 startup\startup_stm32f103xb.o
 .ARM.attributes
                0x00000599       0x2d c:/program files (x86)/atollic/truestudio for stm32 9.3.0/armtools/bin/../lib/gcc/arm-atollic-eabi/6.3.1/../../../../arm-atollic-eabi/lib/armv7-m\libc_nano.a(lib_a-errno.o)
 .ARM.attributes
                0x000005c6       0x2d c:/program files (x86)/atollic/truestudio for stm32 9.3.0/armtools/bin/../lib/gcc/arm-atollic-eabi/6.3.1/../../../../arm-atollic-eabi/lib/armv7-m\libc_nano.a(lib_a-impure.o)
 .ARM.attributes
                0x000005f3       0x2d c:/program files (x86)/atollic/truestudio for stm32 9.3.0/armtools/bin/../lib/gcc/arm-atollic-eabi/6.3.1/../../../../arm-atollic-eabi/lib/armv7-m\libc_nano.a(lib_a-init.o)
 .ARM.attributes
                0x00000620       0x2d c:/program files (x86)/atollic/truestudio for stm32 9.3.0/armtools/bin/../lib/gcc/arm-atollic-eabi/6.3.1/../../../../arm-atollic-eabi/lib/armv7-m\libc_nano.a(lib_a-itoa.o)
 .ARM.attributes
                0x0000064d       0x2d c:/program files (x86)/atollic/truestudio for stm32 9.3.0/armtools/bin/../lib/gcc/arm-atollic-eabi/6.3.1/../../../../arm-atollic-eabi/lib/armv7-m\libc_nano.a(lib_a-memset.o)
 .ARM.attributes
                0x0000067a       0x1b c:/program files (x86)/atollic/truestudio for stm32 9.3.0/armtools/bin/../lib/gcc/arm-atollic-eabi/6.3.1/../../../../arm-atollic-eabi/lib/armv7-m\libc_nano.a(lib_a-strcmp.o)
 .ARM.attributes
                0x00000695       0x2d c:/program files (x86)/atollic/truestudio for stm32 9.3.0/armtools/bin/../lib/gcc/arm-atollic-eabi/6.3.1/../../../../arm-atollic-eabi/lib/armv7-m\libc_nano.a(lib_a-strcpy.o)
 .ARM.attributes
                0x000006c2       0x2d c:/program files (x86)/atollic/truestudio for stm32 9.3.0/armtools/bin/../lib/gcc/arm-atollic-eabi/6.3.1/../../../../arm-atollic-eabi/lib/armv7-m\libc_nano.a(lib_a-utoa.o)
 .ARM.attributes
                0x000006ef       0x2d c:/program files (x86)/atollic/truestudio for stm32 9.3.0/armtools/bin/../lib/gcc/arm-atollic-eabi/6.3.1/../../../../arm-atollic-eabi/lib/armv7-m\libm.a(lib_a-sf_atan.o)
 .ARM.attributes
                0x0000071c       0x2d c:/program files (x86)/atollic/truestudio for stm32 9.3.0/armtools/bin/../lib/gcc/arm-atollic-eabi/6.3.1/../../../../arm-atollic-eabi/lib/armv7-m\libm.a(lib_a-sf_fabs.o)
 .ARM.attributes
                0x00000749       0x2d c:/program files (x86)/atollic/truestudio for stm32 9.3.0/armtools/bin/../lib/gcc/arm-atollic-eabi/6.3.1/../../../../arm-atollic-eabi/lib/armv7-m\libm.a(lib_a-wf_hypot.o)
 .ARM.attributes
                0x00000776       0x2d c:/program files (x86)/atollic/truestudio for stm32 9.3.0/armtools/bin/../lib/gcc/arm-atollic-eabi/6.3.1/../../../../arm-atollic-eabi/lib/armv7-m\libm.a(lib_a-ef_hypot.o)
 .ARM.attributes
                0x000007a3       0x2d c:/program files (x86)/atollic/truestudio for stm32 9.3.0/armtools/bin/../lib/gcc/arm-atollic-eabi/6.3.1/../../../../arm-atollic-eabi/lib/armv7-m\libm.a(lib_a-ef_sqrt.o)
 .ARM.attributes
                0x000007d0       0x2d c:/program files (x86)/atollic/truestudio for stm32 9.3.0/armtools/bin/../lib/gcc/arm-atollic-eabi/6.3.1/../../../../arm-atollic-eabi/lib/armv7-m\libm.a(lib_a-s_lib_ver.o)
 .ARM.attributes
                0x000007fd       0x2d c:/program files (x86)/atollic/truestudio for stm32 9.3.0/armtools/bin/../lib/gcc/arm-atollic-eabi/6.3.1/../../../../arm-atollic-eabi/lib/armv7-m\libm.a(lib_a-s_matherr.o)
 .ARM.attributes
                0x0000082a       0x2d c:/program files (x86)/atollic/truestudio for stm32 9.3.0/armtools/bin/../lib/gcc/arm-atollic-eabi/6.3.1/../../../../arm-atollic-eabi/lib/armv7-m\libm.a(lib_a-sf_finite.o)
 .ARM.attributes
                0x00000857       0x1d c:/program files (x86)/atollic/truestudio for stm32 9.3.0/armtools/bin/../lib/gcc/arm-atollic-eabi/6.3.1/armv7-m\libgcc.a(_arm_addsubdf3.o)
 .ARM.attributes
                0x00000874       0x1d c:/program files (x86)/atollic/truestudio for stm32 9.3.0/armtools/bin/../lib/gcc/arm-atollic-eabi/6.3.1/armv7-m\libgcc.a(_arm_muldivdf3.o)
 .ARM.attributes
                0x00000891       0x1d c:/program files (x86)/atollic/truestudio for stm32 9.3.0/armtools/bin/../lib/gcc/arm-atollic-eabi/6.3.1/armv7-m\libgcc.a(_arm_fixdfsi.o)
 .ARM.attributes
                0x000008ae       0x1d c:/program files (x86)/atollic/truestudio for stm32 9.3.0/armtools/bin/../lib/gcc/arm-atollic-eabi/6.3.1/armv7-m\libgcc.a(_arm_truncdfsf2.o)
 .ARM.attributes
                0x000008cb       0x1d c:/program files (x86)/atollic/truestudio for stm32 9.3.0/armtools/bin/../lib/gcc/arm-atollic-eabi/6.3.1/armv7-m\libgcc.a(_arm_addsubsf3.o)
 .ARM.attributes
                0x000008e8       0x1d c:/program files (x86)/atollic/truestudio for stm32 9.3.0/armtools/bin/../lib/gcc/arm-atollic-eabi/6.3.1/armv7-m\libgcc.a(_arm_muldivsf3.o)
 .ARM.attributes
                0x00000905       0x1d c:/program files (x86)/atollic/truestudio for stm32 9.3.0/armtools/bin/../lib/gcc/arm-atollic-eabi/6.3.1/armv7-m\libgcc.a(_arm_cmpsf2.o)
 .ARM.attributes
                0x00000922       0x1d c:/program files (x86)/atollic/truestudio for stm32 9.3.0/armtools/bin/../lib/gcc/arm-atollic-eabi/6.3.1/armv7-m\libgcc.a(_arm_fixsfsi.o)
 .ARM.attributes
                0x0000093f       0x1d c:/program files (x86)/atollic/truestudio for stm32 9.3.0/armtools/bin/../lib/gcc/arm-atollic-eabi/6.3.1/armv7-m\libgcc.a(_arm_fixunssfsi.o)
 .ARM.attributes
                0x0000095c       0x1d c:/program files (x86)/atollic/truestudio for stm32 9.3.0/armtools/bin/../lib/gcc/arm-atollic-eabi/6.3.1/armv7-m/crtn.o
OUTPUT(STM32103CT8x_GST_STAND.elf elf32-littlearm)

.debug_info     0x00000000    0x1765f
 .debug_info    0x00000000      0x7cd Drivers\STM32F1xx_HAL_Driver\Src\stm32f1xx_hal.o
 .debug_info    0x000007cd      0xea0 Drivers\STM32F1xx_HAL_Driver\Src\stm32f1xx_hal_adc.o
 .debug_info    0x0000166d      0xca7 Drivers\STM32F1xx_HAL_Driver\Src\stm32f1xx_hal_cortex.o
 .debug_info    0x00002314      0x837 Drivers\STM32F1xx_HAL_Driver\Src\stm32f1xx_hal_dma.o
 .debug_info    0x00002b4b      0x691 Drivers\STM32F1xx_HAL_Driver\Src\stm32f1xx_hal_gpio.o
 .debug_info    0x000031dc     0x3496 Drivers\STM32F1xx_HAL_Driver\Src\stm32f1xx_hal_i2c.o
 .debug_info    0x00006672      0xa01 Drivers\STM32F1xx_HAL_Driver\Src\stm32f1xx_hal_rcc.o
 .debug_info    0x00007073      0x48b Drivers\STM32F1xx_HAL_Driver\Src\stm32f1xx_hal_rcc_ex.o
 .debug_info    0x000074fe     0x34cc Drivers\STM32F1xx_HAL_Driver\Src\stm32f1xx_hal_tim.o
 .debug_info    0x0000a9ca     0x12fc Drivers\STM32F1xx_HAL_Driver\Src\stm32f1xx_hal_tim_ex.o
 .debug_info    0x0000bcc6     0x1632 Drivers\STM32F1xx_HAL_Driver\Src\stm32f1xx_hal_uart.o
 .debug_info    0x0000d2f8     0x13da LIBRARY\USB_comunication.o
 .debug_info    0x0000e6d2      0x357 LIBRARY\dwt_delay.o
 .debug_info    0x0000ea29      0x814 LIBRARY\gst_math.o
 .debug_info    0x0000f23d      0x246 LIBRARY\gst_pid.o
 .debug_info    0x0000f483     0x12b9 LIBRARY\sd_hal_mpu6050.o
 .debug_info    0x0001073c      0x923 Src\adc.o
 .debug_info    0x0001105f      0x3bd Src\dma.o
 .debug_info    0x0001141c      0x264 Src\gpio.o
 .debug_info    0x00011680      0x976 Src\i2c.o
 .debug_info    0x00011ff6     0x2d6f Src\main.o
 .debug_info    0x00014d65      0x2c7 Src\stm32f1xx_hal_msp.o
 .debug_info    0x0001502c      0x9d0 Src\stm32f1xx_it.o
 .debug_info    0x000159fc      0x437 Src\system_stm32f1xx.o
 .debug_info    0x00015e33      0xd88 Src\tim.o
 .debug_info    0x00016bbb      0xa25 Src\usart.o
 .debug_info    0x000175e0       0x7f startup\startup_stm32f103xb.o

.debug_abbrev   0x00000000     0x38a9
 .debug_abbrev  0x00000000      0x24a Drivers\STM32F1xx_HAL_Driver\Src\stm32f1xx_hal.o
 .debug_abbrev  0x0000024a      0x299 Drivers\STM32F1xx_HAL_Driver\Src\stm32f1xx_hal_adc.o
 .debug_abbrev  0x000004e3      0x2f8 Drivers\STM32F1xx_HAL_Driver\Src\stm32f1xx_hal_cortex.o
 .debug_abbrev  0x000007db      0x22d Drivers\STM32F1xx_HAL_Driver\Src\stm32f1xx_hal_dma.o
 .debug_abbrev  0x00000a08      0x1e4 Drivers\STM32F1xx_HAL_Driver\Src\stm32f1xx_hal_gpio.o
 .debug_abbrev  0x00000bec      0x397 Drivers\STM32F1xx_HAL_Driver\Src\stm32f1xx_hal_i2c.o
 .debug_abbrev  0x00000f83      0x2c1 Drivers\STM32F1xx_HAL_Driver\Src\stm32f1xx_hal_rcc.o
 .debug_abbrev  0x00001244      0x1c4 Drivers\STM32F1xx_HAL_Driver\Src\stm32f1xx_hal_rcc_ex.o
 .debug_abbrev  0x00001408      0x335 Drivers\STM32F1xx_HAL_Driver\Src\stm32f1xx_hal_tim.o
 .debug_abbrev  0x0000173d      0x29c Drivers\STM32F1xx_HAL_Driver\Src\stm32f1xx_hal_tim_ex.o
 .debug_abbrev  0x000019d9      0x2f3 Drivers\STM32F1xx_HAL_Driver\Src\stm32f1xx_hal_uart.o
 .debug_abbrev  0x00001ccc      0x29f LIBRARY\USB_comunication.o
 .debug_abbrev  0x00001f6b      0x10a LIBRARY\dwt_delay.o
 .debug_abbrev  0x00002075      0x219 LIBRARY\gst_math.o
 .debug_abbrev  0x0000228e      0x167 LIBRARY\gst_pid.o
 .debug_abbrev  0x000023f5      0x25e LIBRARY\sd_hal_mpu6050.o
 .debug_abbrev  0x00002653      0x1e3 Src\adc.o
 .debug_abbrev  0x00002836      0x139 Src\dma.o
 .debug_abbrev  0x0000296f      0x10d Src\gpio.o
 .debug_abbrev  0x00002a7c      0x1fa Src\i2c.o
 .debug_abbrev  0x00002c76      0x43b Src\main.o
 .debug_abbrev  0x000030b1      0x100 Src\stm32f1xx_hal_msp.o
 .debug_abbrev  0x000031b1      0x1d9 Src\stm32f1xx_it.o
 .debug_abbrev  0x0000338a      0x12f Src\system_stm32f1xx.o
 .debug_abbrev  0x000034b9      0x1f5 Src\tim.o
 .debug_abbrev  0x000036ae      0x1e9 Src\usart.o
 .debug_abbrev  0x00003897       0x12 startup\startup_stm32f103xb.o

.debug_loc      0x00000000     0xb50d
 .debug_loc     0x00000000      0x10c Drivers\STM32F1xx_HAL_Driver\Src\stm32f1xx_hal.o
 .debug_loc     0x0000010c      0x873 Drivers\STM32F1xx_HAL_Driver\Src\stm32f1xx_hal_adc.o
 .debug_loc     0x0000097f      0x487 Drivers\STM32F1xx_HAL_Driver\Src\stm32f1xx_hal_cortex.o
 .debug_loc     0x00000e06      0x5ed Drivers\STM32F1xx_HAL_Driver\Src\stm32f1xx_hal_dma.o
 .debug_loc     0x000013f3      0x2f5 Drivers\STM32F1xx_HAL_Driver\Src\stm32f1xx_hal_gpio.o
 .debug_loc     0x000016e8     0x2fbc Drivers\STM32F1xx_HAL_Driver\Src\stm32f1xx_hal_i2c.o
 .debug_loc     0x000046a4      0x478 Drivers\STM32F1xx_HAL_Driver\Src\stm32f1xx_hal_rcc.o
 .debug_loc     0x00004b1c      0x29d Drivers\STM32F1xx_HAL_Driver\Src\stm32f1xx_hal_rcc_ex.o
 .debug_loc     0x00004db9     0x2f5a Drivers\STM32F1xx_HAL_Driver\Src\stm32f1xx_hal_tim.o
 .debug_loc     0x00007d13      0xa7c Drivers\STM32F1xx_HAL_Driver\Src\stm32f1xx_hal_tim_ex.o
 .debug_loc     0x0000878f     0x1362 Drivers\STM32F1xx_HAL_Driver\Src\stm32f1xx_hal_uart.o
 .debug_loc     0x00009af1      0x283 LIBRARY\USB_comunication.o
 .debug_loc     0x00009d74       0x21 LIBRARY\dwt_delay.o
 .debug_loc     0x00009d95      0x7df LIBRARY\gst_math.o
 .debug_loc     0x0000a574      0x1a4 LIBRARY\gst_pid.o
 .debug_loc     0x0000a718      0x55e LIBRARY\sd_hal_mpu6050.o
 .debug_loc     0x0000ac76       0x63 Src\adc.o
 .debug_loc     0x0000acd9       0x88 Src\i2c.o
 .debug_loc     0x0000ad61      0x5dc Src\main.o
 .debug_loc     0x0000b33d       0xcd Src\system_stm32f1xx.o
 .debug_loc     0x0000b40a       0xab Src\tim.o
 .debug_loc     0x0000b4b5       0x58 Src\usart.o

.debug_aranges  0x00000000      0xeb0
 .debug_aranges
                0x00000000       0xd8 Drivers\STM32F1xx_HAL_Driver\Src\stm32f1xx_hal.o
 .debug_aranges
                0x000000d8       0xc8 Drivers\STM32F1xx_HAL_Driver\Src\stm32f1xx_hal_adc.o
 .debug_aranges
                0x000001a0       0x90 Drivers\STM32F1xx_HAL_Driver\Src\stm32f1xx_hal_cortex.o
 .debug_aranges
                0x00000230       0x78 Drivers\STM32F1xx_HAL_Driver\Src\stm32f1xx_hal_dma.o
 .debug_aranges
                0x000002a8       0x58 Drivers\STM32F1xx_HAL_Driver\Src\stm32f1xx_hal_gpio.o
 .debug_aranges
                0x00000300      0x1b0 Drivers\STM32F1xx_HAL_Driver\Src\stm32f1xx_hal_i2c.o
 .debug_aranges
                0x000004b0       0x88 Drivers\STM32F1xx_HAL_Driver\Src\stm32f1xx_hal_rcc.o
 .debug_aranges
                0x00000538       0x30 Drivers\STM32F1xx_HAL_Driver\Src\stm32f1xx_hal_rcc_ex.o
 .debug_aranges
                0x00000568      0x278 Drivers\STM32F1xx_HAL_Driver\Src\stm32f1xx_hal_tim.o
 .debug_aranges
                0x000007e0       0xf8 Drivers\STM32F1xx_HAL_Driver\Src\stm32f1xx_hal_tim_ex.o
 .debug_aranges
                0x000008d8      0x170 Drivers\STM32F1xx_HAL_Driver\Src\stm32f1xx_hal_uart.o
 .debug_aranges
                0x00000a48       0x48 LIBRARY\USB_comunication.o
 .debug_aranges
                0x00000a90       0x28 LIBRARY\dwt_delay.o
 .debug_aranges
                0x00000ab8       0x98 LIBRARY\gst_math.o
 .debug_aranges
                0x00000b50       0x40 LIBRARY\gst_pid.o
 .debug_aranges
                0x00000b90       0x70 LIBRARY\sd_hal_mpu6050.o
 .debug_aranges
                0x00000c00       0x30 Src\adc.o
 .debug_aranges
                0x00000c30       0x20 Src\dma.o
 .debug_aranges
                0x00000c50       0x20 Src\gpio.o
 .debug_aranges
                0x00000c70       0x30 Src\i2c.o
 .debug_aranges
                0x00000ca0       0xc8 Src\main.o
 .debug_aranges
                0x00000d68       0x20 Src\stm32f1xx_hal_msp.o
 .debug_aranges
                0x00000d88       0x68 Src\stm32f1xx_it.o
 .debug_aranges
                0x00000df0       0x28 Src\system_stm32f1xx.o
 .debug_aranges
                0x00000e18       0x40 Src\tim.o
 .debug_aranges
                0x00000e58       0x30 Src\usart.o
 .debug_aranges
                0x00000e88       0x28 startup\startup_stm32f103xb.o

.debug_ranges   0x00000000     0x15f8
 .debug_ranges  0x00000000       0xc8 Drivers\STM32F1xx_HAL_Driver\Src\stm32f1xx_hal.o
 .debug_ranges  0x000000c8       0xb8 Drivers\STM32F1xx_HAL_Driver\Src\stm32f1xx_hal_adc.o
 .debug_ranges  0x00000180      0x128 Drivers\STM32F1xx_HAL_Driver\Src\stm32f1xx_hal_cortex.o
 .debug_ranges  0x000002a8       0xa8 Drivers\STM32F1xx_HAL_Driver\Src\stm32f1xx_hal_dma.o
 .debug_ranges  0x00000350       0x60 Drivers\STM32F1xx_HAL_Driver\Src\stm32f1xx_hal_gpio.o
 .debug_ranges  0x000003b0      0x4b8 Drivers\STM32F1xx_HAL_Driver\Src\stm32f1xx_hal_i2c.o
 .debug_ranges  0x00000868       0xa0 Drivers\STM32F1xx_HAL_Driver\Src\stm32f1xx_hal_rcc.o
 .debug_ranges  0x00000908       0x40 Drivers\STM32F1xx_HAL_Driver\Src\stm32f1xx_hal_rcc_ex.o
 .debug_ranges  0x00000948      0x348 Drivers\STM32F1xx_HAL_Driver\Src\stm32f1xx_hal_tim.o
 .debug_ranges  0x00000c90       0xe8 Drivers\STM32F1xx_HAL_Driver\Src\stm32f1xx_hal_tim_ex.o
 .debug_ranges  0x00000d78      0x190 Drivers\STM32F1xx_HAL_Driver\Src\stm32f1xx_hal_uart.o
 .debug_ranges  0x00000f08       0x68 LIBRARY\USB_comunication.o
 .debug_ranges  0x00000f70       0x18 LIBRARY\dwt_delay.o
 .debug_ranges  0x00000f88      0x1d0 LIBRARY\gst_math.o
 .debug_ranges  0x00001158       0x50 LIBRARY\gst_pid.o
 .debug_ranges  0x000011a8       0x60 LIBRARY\sd_hal_mpu6050.o
 .debug_ranges  0x00001208       0x58 Src\adc.o
 .debug_ranges  0x00001260       0x40 Src\dma.o
 .debug_ranges  0x000012a0       0x28 Src\gpio.o
 .debug_ranges  0x000012c8       0x40 Src\i2c.o
 .debug_ranges  0x00001308      0x110 Src\main.o
 .debug_ranges  0x00001418       0x58 Src\stm32f1xx_hal_msp.o
 .debug_ranges  0x00001470       0x58 Src\stm32f1xx_it.o
 .debug_ranges  0x000014c8       0x18 Src\system_stm32f1xx.o
 .debug_ranges  0x000014e0       0xa0 Src\tim.o
 .debug_ranges  0x00001580       0x58 Src\usart.o
 .debug_ranges  0x000015d8       0x20 startup\startup_stm32f103xb.o

.debug_line     0x00000000     0x9256
 .debug_line    0x00000000      0x3eb Drivers\STM32F1xx_HAL_Driver\Src\stm32f1xx_hal.o
 .debug_line    0x000003eb      0x7db Drivers\STM32F1xx_HAL_Driver\Src\stm32f1xx_hal_adc.o
 .debug_line    0x00000bc6      0x3e6 Drivers\STM32F1xx_HAL_Driver\Src\stm32f1xx_hal_cortex.o
 .debug_line    0x00000fac      0x5fb Drivers\STM32F1xx_HAL_Driver\Src\stm32f1xx_hal_dma.o
 .debug_line    0x000015a7      0x3ab Drivers\STM32F1xx_HAL_Driver\Src\stm32f1xx_hal_gpio.o
 .debug_line    0x00001952     0x1e36 Drivers\STM32F1xx_HAL_Driver\Src\stm32f1xx_hal_i2c.o
 .debug_line    0x00003788      0x582 Drivers\STM32F1xx_HAL_Driver\Src\stm32f1xx_hal_rcc.o
 .debug_line    0x00003d0a      0x336 Drivers\STM32F1xx_HAL_Driver\Src\stm32f1xx_hal_rcc_ex.o
 .debug_line    0x00004040     0x1179 Drivers\STM32F1xx_HAL_Driver\Src\stm32f1xx_hal_tim.o
 .debug_line    0x000051b9      0x6d5 Drivers\STM32F1xx_HAL_Driver\Src\stm32f1xx_hal_tim_ex.o
 .debug_line    0x0000588e      0xbda Drivers\STM32F1xx_HAL_Driver\Src\stm32f1xx_hal_uart.o
 .debug_line    0x00006468      0x437 LIBRARY\USB_comunication.o
 .debug_line    0x0000689f      0x1ec LIBRARY\dwt_delay.o
 .debug_line    0x00006a8b      0x44c LIBRARY\gst_math.o
 .debug_line    0x00006ed7       0xaf LIBRARY\gst_pid.o
 .debug_line    0x00006f86      0x45e LIBRARY\sd_hal_mpu6050.o
 .debug_line    0x000073e4      0x2c6 Src\adc.o
 .debug_line    0x000076aa      0x1f9 Src\dma.o
 .debug_line    0x000078a3      0x1da Src\gpio.o
 .debug_line    0x00007a7d      0x295 Src\i2c.o
 .debug_line    0x00007d12      0x7e0 Src\main.o
 .debug_line    0x000084f2      0x1ec Src\stm32f1xx_hal_msp.o
 .debug_line    0x000086de      0x2d3 Src\stm32f1xx_it.o
 .debug_line    0x000089b1      0x228 Src\system_stm32f1xx.o
 .debug_line    0x00008bd9      0x339 Src\tim.o
 .debug_line    0x00008f12      0x2c7 Src\usart.o
 .debug_line    0x000091d9       0x7d startup\startup_stm32f103xb.o

.debug_str      0x00000000     0x5351
 .debug_str     0x00000000      0x80c Drivers\STM32F1xx_HAL_Driver\Src\stm32f1xx_hal.o
                                0x870 (size before relaxing)
 .debug_str     0x0000080c      0x670 Drivers\STM32F1xx_HAL_Driver\Src\stm32f1xx_hal_adc.o
                                0x994 (size before relaxing)
 .debug_str     0x00000e7c      0x3c5 Drivers\STM32F1xx_HAL_Driver\Src\stm32f1xx_hal_cortex.o
                                0x992 (size before relaxing)
 .debug_str     0x00001241      0x21b Drivers\STM32F1xx_HAL_Driver\Src\stm32f1xx_hal_dma.o
                                0x6e0 (size before relaxing)
 .debug_str     0x0000145c      0x1c4 Drivers\STM32F1xx_HAL_Driver\Src\stm32f1xx_hal_gpio.o
                                0x4e3 (size before relaxing)
 .debug_str     0x00001620      0xb08 Drivers\STM32F1xx_HAL_Driver\Src\stm32f1xx_hal_i2c.o
                               0x1046 (size before relaxing)
 .debug_str     0x00002128      0x302 Drivers\STM32F1xx_HAL_Driver\Src\stm32f1xx_hal_rcc.o
                                0x6cc (size before relaxing)
 .debug_str     0x0000242a      0x110 Drivers\STM32F1xx_HAL_Driver\Src\stm32f1xx_hal_rcc_ex.o
                                0x4a4 (size before relaxing)
 .debug_str     0x0000253a      0xfe8 Drivers\STM32F1xx_HAL_Driver\Src\stm32f1xx_hal_tim.o
                               0x1514 (size before relaxing)
 .debug_str     0x00003522      0x548 Drivers\STM32F1xx_HAL_Driver\Src\stm32f1xx_hal_tim_ex.o
                                0xd2c (size before relaxing)
 .debug_str     0x00003a6a      0x6c0 Drivers\STM32F1xx_HAL_Driver\Src\stm32f1xx_hal_uart.o
                                0xc5c (size before relaxing)
 .debug_str     0x0000412a      0x51b LIBRARY\USB_comunication.o
                                0xbc9 (size before relaxing)
 .debug_str     0x00004645      0x103 LIBRARY\dwt_delay.o
                                0x37e (size before relaxing)
 .debug_str     0x00004748      0x16f LIBRARY\gst_math.o
                                0x429 (size before relaxing)
 .debug_str     0x000048b7       0x61 LIBRARY\gst_pid.o
                                0x14a (size before relaxing)
 .debug_str     0x00004918      0x44c LIBRARY\sd_hal_mpu6050.o
                                0xbde (size before relaxing)
 .debug_str     0x00004d64       0x52 Src\adc.o
                                0x730 (size before relaxing)
 .debug_str     0x00004db6       0x19 Src\dma.o
                                0x5c4 (size before relaxing)
 .debug_str     0x00004dcf       0x1b Src\gpio.o
                                0x2c9 (size before relaxing)
 .debug_str     0x00004dea       0x2a Src\i2c.o
                                0x84f (size before relaxing)
 .debug_str     0x00004e14      0x368 Src\main.o
                               0x1a89 (size before relaxing)
 .debug_str     0x0000517c       0x1b Src\stm32f1xx_hal_msp.o
                                0x303 (size before relaxing)
 .debug_str     0x00005197      0x10f Src\stm32f1xx_it.o
                                0x97d (size before relaxing)
 .debug_str     0x000052a6       0x4d Src\system_stm32f1xx.o
                                0x352 (size before relaxing)
 .debug_str     0x000052f3       0x44 Src\tim.o
                                0xc28 (size before relaxing)
 .debug_str     0x00005337       0x1a Src\usart.o
                                0xa5d (size before relaxing)

.comment        0x00000000       0x7c
 .comment       0x00000000       0x7c Drivers\STM32F1xx_HAL_Driver\Src\stm32f1xx_hal.o
                                 0x7d (size before relaxing)
 .comment       0x0000007c       0x7d Drivers\STM32F1xx_HAL_Driver\Src\stm32f1xx_hal_adc.o
 .comment       0x0000007c       0x7d Drivers\STM32F1xx_HAL_Driver\Src\stm32f1xx_hal_cortex.o
 .comment       0x0000007c       0x7d Drivers\STM32F1xx_HAL_Driver\Src\stm32f1xx_hal_dma.o
 .comment       0x0000007c       0x7d Drivers\STM32F1xx_HAL_Driver\Src\stm32f1xx_hal_gpio.o
 .comment       0x0000007c       0x7d Drivers\STM32F1xx_HAL_Driver\Src\stm32f1xx_hal_i2c.o
 .comment       0x0000007c       0x7d Drivers\STM32F1xx_HAL_Driver\Src\stm32f1xx_hal_rcc.o
 .comment       0x0000007c       0x7d Drivers\STM32F1xx_HAL_Driver\Src\stm32f1xx_hal_rcc_ex.o
 .comment       0x0000007c       0x7d Drivers\STM32F1xx_HAL_Driver\Src\stm32f1xx_hal_tim.o
 .comment       0x0000007c       0x7d Drivers\STM32F1xx_HAL_Driver\Src\stm32f1xx_hal_tim_ex.o
 .comment       0x0000007c       0x7d Drivers\STM32F1xx_HAL_Driver\Src\stm32f1xx_hal_uart.o
 .comment       0x0000007c       0x7d LIBRARY\USB_comunication.o
 .comment       0x0000007c       0x7d LIBRARY\dwt_delay.o
 .comment       0x0000007c       0x7d LIBRARY\gst_math.o
 .comment       0x0000007c       0x7d LIBRARY\gst_pid.o
 .comment       0x0000007c       0x7d LIBRARY\sd_hal_mpu6050.o
 .comment       0x0000007c       0x7d Src\adc.o
 .comment       0x0000007c       0x7d Src\dma.o
 .comment       0x0000007c       0x7d Src\gpio.o
 .comment       0x0000007c       0x7d Src\i2c.o
 .comment       0x0000007c       0x7d Src\main.o
 .comment       0x0000007c       0x7d Src\stm32f1xx_hal_msp.o
 .comment       0x0000007c       0x7d Src\stm32f1xx_it.o
 .comment       0x0000007c       0x7d Src\system_stm32f1xx.o
 .comment       0x0000007c       0x7d Src\tim.o
 .comment       0x0000007c       0x7d Src\usart.o

.debug_frame    0x00000000     0x3244
 .debug_frame   0x00000000      0x1d4 Drivers\STM32F1xx_HAL_Driver\Src\stm32f1xx_hal.o
 .debug_frame   0x000001d4      0x298 Drivers\STM32F1xx_HAL_Driver\Src\stm32f1xx_hal_adc.o
 .debug_frame   0x0000046c      0x120 Drivers\STM32F1xx_HAL_Driver\Src\stm32f1xx_hal_cortex.o
 .debug_frame   0x0000058c      0x144 Drivers\STM32F1xx_HAL_Driver\Src\stm32f1xx_hal_dma.o
 .debug_frame   0x000006d0       0xd4 Drivers\STM32F1xx_HAL_Driver\Src\stm32f1xx_hal_gpio.o
 .debug_frame   0x000007a4      0x700 Drivers\STM32F1xx_HAL_Driver\Src\stm32f1xx_hal_i2c.o
 .debug_frame   0x00000ea4      0x150 Drivers\STM32F1xx_HAL_Driver\Src\stm32f1xx_hal_rcc.o
 .debug_frame   0x00000ff4       0x6c Drivers\STM32F1xx_HAL_Driver\Src\stm32f1xx_hal_rcc_ex.o
 .debug_frame   0x00001060      0x928 Drivers\STM32F1xx_HAL_Driver\Src\stm32f1xx_hal_tim.o
 .debug_frame   0x00001988      0x360 Drivers\STM32F1xx_HAL_Driver\Src\stm32f1xx_hal_tim_ex.o
 .debug_frame   0x00001ce8      0x498 Drivers\STM32F1xx_HAL_Driver\Src\stm32f1xx_hal_uart.o
 .debug_frame   0x00002180       0xdc LIBRARY\USB_comunication.o
 .debug_frame   0x0000225c       0x38 LIBRARY\dwt_delay.o
 .debug_frame   0x00002294      0x218 LIBRARY\gst_math.o
 .debug_frame   0x000024ac       0x90 LIBRARY\gst_pid.o
 .debug_frame   0x0000253c      0x1b4 LIBRARY\sd_hal_mpu6050.o
 .debug_frame   0x000026f0       0x6c Src\adc.o
 .debug_frame   0x0000275c       0x28 Src\dma.o
 .debug_frame   0x00002784       0x28 Src\gpio.o
 .debug_frame   0x000027ac       0x60 Src\i2c.o
 .debug_frame   0x0000280c      0x2c0 Src\main.o
 .debug_frame   0x00002acc       0x28 Src\stm32f1xx_hal_msp.o
 .debug_frame   0x00002af4       0xec Src\stm32f1xx_it.o
 .debug_frame   0x00002be0       0x30 Src\system_stm32f1xx.o
 .debug_frame   0x00002c10       0x94 Src\tim.o
 .debug_frame   0x00002ca4       0x70 Src\usart.o
 .debug_frame   0x00002d14       0x20 c:/program files (x86)/atollic/truestudio for stm32 9.3.0/armtools/bin/../lib/gcc/arm-atollic-eabi/6.3.1/../../../../arm-atollic-eabi/lib/armv7-m\libc_nano.a(lib_a-errno.o)
 .debug_frame   0x00002d34       0x2c c:/program files (x86)/atollic/truestudio for stm32 9.3.0/armtools/bin/../lib/gcc/arm-atollic-eabi/6.3.1/../../../../arm-atollic-eabi/lib/armv7-m\libc_nano.a(lib_a-init.o)
 .debug_frame   0x00002d60       0x38 c:/program files (x86)/atollic/truestudio for stm32 9.3.0/armtools/bin/../lib/gcc/arm-atollic-eabi/6.3.1/../../../../arm-atollic-eabi/lib/armv7-m\libc_nano.a(lib_a-itoa.o)
 .debug_frame   0x00002d98       0x20 c:/program files (x86)/atollic/truestudio for stm32 9.3.0/armtools/bin/../lib/gcc/arm-atollic-eabi/6.3.1/../../../../arm-atollic-eabi/lib/armv7-m\libc_nano.a(lib_a-memset.o)
 .debug_frame   0x00002db8       0x20 c:/program files (x86)/atollic/truestudio for stm32 9.3.0/armtools/bin/../lib/gcc/arm-atollic-eabi/6.3.1/../../../../arm-atollic-eabi/lib/armv7-m\libc_nano.a(lib_a-strcmp.o)
 .debug_frame   0x00002dd8       0x20 c:/program files (x86)/atollic/truestudio for stm32 9.3.0/armtools/bin/../lib/gcc/arm-atollic-eabi/6.3.1/../../../../arm-atollic-eabi/lib/armv7-m\libc_nano.a(lib_a-strcpy.o)
 .debug_frame   0x00002df8       0x48 c:/program files (x86)/atollic/truestudio for stm32 9.3.0/armtools/bin/../lib/gcc/arm-atollic-eabi/6.3.1/../../../../arm-atollic-eabi/lib/armv7-m\libc_nano.a(lib_a-utoa.o)
 .debug_frame   0x00002e40       0x30 c:/program files (x86)/atollic/truestudio for stm32 9.3.0/armtools/bin/../lib/gcc/arm-atollic-eabi/6.3.1/../../../../arm-atollic-eabi/lib/armv7-m\libm.a(lib_a-sf_atan.o)
 .debug_frame   0x00002e70       0x20 c:/program files (x86)/atollic/truestudio for stm32 9.3.0/armtools/bin/../lib/gcc/arm-atollic-eabi/6.3.1/../../../../arm-atollic-eabi/lib/armv7-m\libm.a(lib_a-sf_fabs.o)
 .debug_frame   0x00002e90       0x3c c:/program files (x86)/atollic/truestudio for stm32 9.3.0/armtools/bin/../lib/gcc/arm-atollic-eabi/6.3.1/../../../../arm-atollic-eabi/lib/armv7-m\libm.a(lib_a-wf_hypot.o)
 .debug_frame   0x00002ecc       0x34 c:/program files (x86)/atollic/truestudio for stm32 9.3.0/armtools/bin/../lib/gcc/arm-atollic-eabi/6.3.1/../../../../arm-atollic-eabi/lib/armv7-m\libm.a(lib_a-ef_hypot.o)
 .debug_frame   0x00002f00       0x2c c:/program files (x86)/atollic/truestudio for stm32 9.3.0/armtools/bin/../lib/gcc/arm-atollic-eabi/6.3.1/../../../../arm-atollic-eabi/lib/armv7-m\libm.a(lib_a-ef_sqrt.o)
 .debug_frame   0x00002f2c       0x20 c:/program files (x86)/atollic/truestudio for stm32 9.3.0/armtools/bin/../lib/gcc/arm-atollic-eabi/6.3.1/../../../../arm-atollic-eabi/lib/armv7-m\libm.a(lib_a-s_matherr.o)
 .debug_frame   0x00002f4c       0x20 c:/program files (x86)/atollic/truestudio for stm32 9.3.0/armtools/bin/../lib/gcc/arm-atollic-eabi/6.3.1/../../../../arm-atollic-eabi/lib/armv7-m\libm.a(lib_a-sf_finite.o)
 .debug_frame   0x00002f6c       0xac c:/program files (x86)/atollic/truestudio for stm32 9.3.0/armtools/bin/../lib/gcc/arm-atollic-eabi/6.3.1/armv7-m\libgcc.a(_arm_addsubdf3.o)
 .debug_frame   0x00003018       0x50 c:/program files (x86)/atollic/truestudio for stm32 9.3.0/armtools/bin/../lib/gcc/arm-atollic-eabi/6.3.1/armv7-m\libgcc.a(_arm_muldivdf3.o)
 .debug_frame   0x00003068       0x24 c:/program files (x86)/atollic/truestudio for stm32 9.3.0/armtools/bin/../lib/gcc/arm-atollic-eabi/6.3.1/armv7-m\libgcc.a(_arm_fixdfsi.o)
 .debug_frame   0x0000308c       0x24 c:/program files (x86)/atollic/truestudio for stm32 9.3.0/armtools/bin/../lib/gcc/arm-atollic-eabi/6.3.1/armv7-m\libgcc.a(_arm_truncdfsf2.o)
 .debug_frame   0x000030b0       0x4c c:/program files (x86)/atollic/truestudio for stm32 9.3.0/armtools/bin/../lib/gcc/arm-atollic-eabi/6.3.1/armv7-m\libgcc.a(_arm_addsubsf3.o)
 .debug_frame   0x000030fc       0x38 c:/program files (x86)/atollic/truestudio for stm32 9.3.0/armtools/bin/../lib/gcc/arm-atollic-eabi/6.3.1/armv7-m\libgcc.a(_arm_muldivsf3.o)
 .debug_frame   0x00003134       0xc8 c:/program files (x86)/atollic/truestudio for stm32 9.3.0/armtools/bin/../lib/gcc/arm-atollic-eabi/6.3.1/armv7-m\libgcc.a(_arm_cmpsf2.o)
 .debug_frame   0x000031fc       0x24 c:/program files (x86)/atollic/truestudio for stm32 9.3.0/armtools/bin/../lib/gcc/arm-atollic-eabi/6.3.1/armv7-m\libgcc.a(_arm_fixsfsi.o)
 .debug_frame   0x00003220       0x24 c:/program files (x86)/atollic/truestudio for stm32 9.3.0/armtools/bin/../lib/gcc/arm-atollic-eabi/6.3.1/armv7-m\libgcc.a(_arm_fixunssfsi.o)
