Archive member included to satisfy reference by file (symbol)

c:/program files (x86)/atollic/truestudio for stm32 9.3.0/armtools/bin/../lib/gcc/arm-atollic-eabi/6.3.1/../../../../arm-atollic-eabi/lib/armv7-m\libc_nano.a(lib_a-errno.o)
                              Src\syscalls.o (__errno)
c:/program files (x86)/atollic/truestudio for stm32 9.3.0/armtools/bin/../lib/gcc/arm-atollic-eabi/6.3.1/../../../../arm-atollic-eabi/lib/armv7-m\libc_nano.a(lib_a-impure.o)
                              c:/program files (x86)/atollic/truestudio for stm32 9.3.0/armtools/bin/../lib/gcc/arm-atollic-eabi/6.3.1/../../../../arm-atollic-eabi/lib/armv7-m\libc_nano.a(lib_a-errno.o) (_impure_ptr)
c:/program files (x86)/atollic/truestudio for stm32 9.3.0/armtools/bin/../lib/gcc/arm-atollic-eabi/6.3.1/../../../../arm-atollic-eabi/lib/armv7-m\libc_nano.a(lib_a-init.o)
                              startup\startup_stm32f103xb.o (__libc_init_array)
c:/program files (x86)/atollic/truestudio for stm32 9.3.0/armtools/bin/../lib/gcc/arm-atollic-eabi/6.3.1/../../../../arm-atollic-eabi/lib/armv7-m\libc_nano.a(lib_a-itoa.o)
                              Src\main.o (itoa)
c:/program files (x86)/atollic/truestudio for stm32 9.3.0/armtools/bin/../lib/gcc/arm-atollic-eabi/6.3.1/../../../../arm-atollic-eabi/lib/armv7-m\libc_nano.a(lib_a-memset.o)
                              Drivers\STM32F1xx_HAL_Driver\Src\stm32f1xx_hal_rcc.o (memset)
c:/program files (x86)/atollic/truestudio for stm32 9.3.0/armtools/bin/../lib/gcc/arm-atollic-eabi/6.3.1/../../../../arm-atollic-eabi/lib/armv7-m\libc_nano.a(lib_a-strcmp.o)
                              Src\main.o (strcmp)
c:/program files (x86)/atollic/truestudio for stm32 9.3.0/armtools/bin/../lib/gcc/arm-atollic-eabi/6.3.1/../../../../arm-atollic-eabi/lib/armv7-m\libc_nano.a(lib_a-strcpy.o)
                              Src\main.o (strcpy)
c:/program files (x86)/atollic/truestudio for stm32 9.3.0/armtools/bin/../lib/gcc/arm-atollic-eabi/6.3.1/../../../../arm-atollic-eabi/lib/armv7-m\libc_nano.a(lib_a-strlen.o)
                              Src\main.o (strlen)
c:/program files (x86)/atollic/truestudio for stm32 9.3.0/armtools/bin/../lib/gcc/arm-atollic-eabi/6.3.1/../../../../arm-atollic-eabi/lib/armv7-m\libc_nano.a(lib_a-utoa.o)
                              c:/program files (x86)/atollic/truestudio for stm32 9.3.0/armtools/bin/../lib/gcc/arm-atollic-eabi/6.3.1/../../../../arm-atollic-eabi/lib/armv7-m\libc_nano.a(lib_a-itoa.o) (__utoa)
c:/program files (x86)/atollic/truestudio for stm32 9.3.0/armtools/bin/../lib/gcc/arm-atollic-eabi/6.3.1/../../../../arm-atollic-eabi/lib/armv7-m\libm.a(lib_a-sf_atan.o)
                              Src\main.o (atanf)
c:/program files (x86)/atollic/truestudio for stm32 9.3.0/armtools/bin/../lib/gcc/arm-atollic-eabi/6.3.1/../../../../arm-atollic-eabi/lib/armv7-m\libm.a(lib_a-sf_fabs.o)
                              c:/program files (x86)/atollic/truestudio for stm32 9.3.0/armtools/bin/../lib/gcc/arm-atollic-eabi/6.3.1/../../../../arm-atollic-eabi/lib/armv7-m\libm.a(lib_a-sf_atan.o) (fabsf)
c:/program files (x86)/atollic/truestudio for stm32 9.3.0/armtools/bin/../lib/gcc/arm-atollic-eabi/6.3.1/../../../../arm-atollic-eabi/lib/armv7-m\libm.a(lib_a-wf_hypot.o)
                              Src\main.o (hypotf)
c:/program files (x86)/atollic/truestudio for stm32 9.3.0/armtools/bin/../lib/gcc/arm-atollic-eabi/6.3.1/../../../../arm-atollic-eabi/lib/armv7-m\libm.a(lib_a-ef_hypot.o)
                              c:/program files (x86)/atollic/truestudio for stm32 9.3.0/armtools/bin/../lib/gcc/arm-atollic-eabi/6.3.1/../../../../arm-atollic-eabi/lib/armv7-m\libm.a(lib_a-wf_hypot.o) (__ieee754_hypotf)
c:/program files (x86)/atollic/truestudio for stm32 9.3.0/armtools/bin/../lib/gcc/arm-atollic-eabi/6.3.1/../../../../arm-atollic-eabi/lib/armv7-m\libm.a(lib_a-ef_sqrt.o)
                              c:/program files (x86)/atollic/truestudio for stm32 9.3.0/armtools/bin/../lib/gcc/arm-atollic-eabi/6.3.1/../../../../arm-atollic-eabi/lib/armv7-m\libm.a(lib_a-ef_hypot.o) (__ieee754_sqrtf)
c:/program files (x86)/atollic/truestudio for stm32 9.3.0/armtools/bin/../lib/gcc/arm-atollic-eabi/6.3.1/../../../../arm-atollic-eabi/lib/armv7-m\libm.a(lib_a-s_lib_ver.o)
                              c:/program files (x86)/atollic/truestudio for stm32 9.3.0/armtools/bin/../lib/gcc/arm-atollic-eabi/6.3.1/../../../../arm-atollic-eabi/lib/armv7-m\libm.a(lib_a-wf_hypot.o) (__fdlib_version)
c:/program files (x86)/atollic/truestudio for stm32 9.3.0/armtools/bin/../lib/gcc/arm-atollic-eabi/6.3.1/../../../../arm-atollic-eabi/lib/armv7-m\libm.a(lib_a-s_matherr.o)
                              c:/program files (x86)/atollic/truestudio for stm32 9.3.0/armtools/bin/../lib/gcc/arm-atollic-eabi/6.3.1/../../../../arm-atollic-eabi/lib/armv7-m\libm.a(lib_a-wf_hypot.o) (matherr)
[...]
Memory Configuration

Name             Origin             Length             Attributes
RAM              0x20000000         0x00005000         xrw
FLASH            0x08000000         0x00010000         xr
*default*        0x00000000         0xffffffff

Linker script and memory map

LOAD c:/program files (x86)/atollic/truestudio for stm32 9.3.0/armtools/bin/../lib/gcc/arm-atollic-eabi/6.3.1/armv7-m/crti.o
LOAD c:/program files (x86)/atollic/truestudio for stm32 9.3.0/armtools/bin/../lib/gcc/arm-atollic-eabi/6.3.1/armv7-m/crtbegin.o
LOAD Drivers\STM32F1xx_HAL_Driver\Src\stm32f1xx_hal.o
LOAD Drivers\STM32F1xx_HAL_Driver\Src\stm32f1xx_hal_adc.o
LOAD Drivers\STM32F1xx_HAL_Driver\Src\stm32f1xx_hal_adc_ex.o
LOAD Drivers\STM32F1xx_HAL_Driver\Src\stm32f1xx_hal_cortex.o
LOAD Drivers\STM32F1xx_HAL_Driver\Src\stm32f1xx_hal_dma.o
LOAD Drivers\STM32F1xx_HAL_Driver\Src\stm32f1xx_hal_exti.o
LOAD Drivers\STM32F1xx_HAL_Driver\Src\stm32f1xx_hal_flash.o
LOAD Drivers\STM32F1xx_HAL_Driver\Src\stm32f1xx_hal_flash_ex.o
LOAD Drivers\STM32F1xx_HAL_Driver\Src\stm32f1xx_hal_gpio.o
LOAD Drivers\STM32F1xx_HAL_Driver\Src\stm32f1xx_hal_gpio_ex.o
LOAD Drivers\STM32F1xx_HAL_Driver\Src\stm32f1xx_hal_i2c.o
LOAD Drivers\STM32F1xx_HAL_Driver\Src\stm32f1xx_hal_pwr.o
LOAD Drivers\STM32F1xx_HAL_Driver\Src\stm32f1xx_hal_rcc.o
LOAD Drivers\STM32F1xx_HAL_Driver\Src\stm32f1xx_hal_rcc_ex.o
LOAD Drivers\STM32F1xx_HAL_Driver\Src\stm32f1xx_hal_tim.o
LOAD Drivers\STM32F1xx_HAL_Driver\Src\stm32f1xx_hal_tim_ex.o
LOAD Drivers\STM32F1xx_HAL_Driver\Src\stm32f1xx_hal_uart.o
LOAD LIBRARY\dwt_delay.o
LOAD LIBRARY\gst_math.o
LOAD LIBRARY\gst_pid.o
LOAD LIBRARY\sd_hal_mpu6050.o
LOAD Src\adc.o
LOAD Src\dma.o
LOAD Src\gpio.o
LOAD Src\i2c.o
LOAD Src\main.o
LOAD Src\stm32f1xx_hal_msp.o
LOAD Src\stm32f1xx_it.o
LOAD Src\syscalls.o
LOAD Src\system_stm32f1xx.o
LOAD Src\tim.o
LOAD Src\usart.o
LOAD startup\startup_stm32f103xb.o
                0x00000080                malloc_getpagesize_P = 0x80
START GROUP
LOAD c:/program files (x86)/atollic/truestudio for stm32 9.3.0/armtools/bin/../lib/gcc/arm-atollic-eabi/6.3.1/../../../../arm-atollic-eabi/lib/armv7-m\libc_nano.a
LOAD c:/program files (x86)/atollic/truestudio for stm32 9.3.0/armtools/bin/../lib/gcc/arm-atollic-eabi/6.3.1/../../../../arm-atollic-eabi/lib/armv7-m\libm.a
END GROUP
START GROUP
LOAD c:/program files (x86)/atollic/truestudio for stm32 9.3.0/armtools/bin/../lib/gcc/arm-atollic-eabi/6.3.1/armv7-m\libgcc.a
LOAD c:/program files (x86)/atollic/truestudio for stm32 9.3.0/armtools/bin/../lib/gcc/arm-atollic-eabi/6.3.1/../../../../arm-atollic-eabi/lib/armv7-m\libc_nano.a
END GROUP
START GROUP
LOAD c:/program files (x86)/atollic/truestudio for stm32 9.3.0/armtools/bin/../lib/gcc/arm-atollic-eabi/6.3.1/armv7-m\libgcc.a
LOAD c:/program files (x86)/atollic/truestudio for stm32 9.3.0/armtools/bin/../lib/gcc/arm-atollic-eabi/6.3.1/../../../../arm-atollic-eabi/lib/armv7-m\libc_nano.a
LOAD c:/program files (x86)/atollic/truestudio for stm32 9.3.0/armtools/bin/../lib/gcc/arm-atollic-eabi/6.3.1/../../../../arm-atollic-eabi/lib/armv7-m\libnosys.a
END GROUP
START GROUP
LOAD c:/program files (x86)/atollic/truestudio for stm32 9.3.0/armtools/bin/../lib/gcc/arm-atollic-eabi/6.3.1/armv7-m\libgcc.a
LOAD c:/program files (x86)/atollic/truestudio for stm32 9.3.0/armtools/bin/../lib/gcc/arm-atollic-eabi/6.3.1/../../../../arm-atollic-eabi/lib/armv7-m\libc_nano.a
LOAD c:/program files (x86)/atollic/truestudio for stm32 9.3.0/armtools/bin/../lib/gcc/arm-atollic-eabi/6.3.1/../../../../arm-atollic-eabi/lib/armv7-m\libnosys.a
END GROUP
LOAD c:/program files (x86)/atollic/truestudio for stm32 9.3.0/armtools/bin/../lib/gcc/arm-atollic-eabi/6.3.1/armv7-m/crtend.o
LOAD c:/program files (x86)/atollic/truestudio for stm32 9.3.0/armtools/bin/../lib/gcc/arm-atollic-eabi/6.3.1/armv7-m/crtn.o
                0x20005000                _estack = 0x20005000
                0x00000200                _Min_Heap_Size = 0x200
                0x00000400                _Min_Stack_Size = 0x400

.isr_vector     0x08000000      0x10c
                0x08000000                . = ALIGN (0x4)
 *(.isr_vector)
 .isr_vector    0x08000000      0x10c startup\startup_stm32f103xb.o
                0x08000000                g_pfnVectors
                0x0800010c                . = ALIGN (0x4)

.text           0x08000110     0x4ca4
                0x08000110                . = ALIGN (0x4)
 *(.text)
 .text          0x08000110       0x40 c:/program files (x86)/atollic/truestudio for stm32 9.3.0/armtools/bin/../lib/gcc/arm-atollic-eabi/6.3.1/armv7-m/crtbegin.o
 .text          0x08000150       0x14 c:/program files (x86)/atollic/truestudio for stm32 9.3.0/armtools/bin/../lib/gcc/arm-atollic-eabi/6.3.1/../../../../arm-atollic-eabi/lib/armv7-m\libc_nano.a(lib_a-strcmp.o)
                0x08000150                strcmp
 .text          0x08000164       0x10 c:/program files (x86)/atollic/truestudio for stm32 9.3.0/armtools/bin/../lib/gcc/arm-atollic-eabi/6.3.1/../../../../arm-atollic-eabi/lib/armv7-m\libc_nano.a(lib_a-strlen.o)
                0x08000164                strlen
 .text          0x08000174      0x370 c:/program files (x86)/atollic/truestudio for stm32 9.3.0/armtools/bin/../lib/gcc/arm-atollic-eabi/6.3.1/armv7-m\libgcc.a(_arm_addsubdf3.o)
                0x08000174                __aeabi_drsub
                0x0800017c                __aeabi_dsub
                0x0800017c                __subdf3
                0x08000180                __aeabi_dadd
                0x08000180                __adddf3
                0x080003f8                __floatunsidf
                0x080003f8                __aeabi_ui2d
                0x08000418                __floatsidf
                0x08000418                __aeabi_i2d
                0x0800043c                __aeabi_f2d
                0x0800043c                __extendsfdf2
                0x08000478                __floatundidf
                0x08000478                __aeabi_ul2d
                0x08000488                __floatdidf
                0x08000488                __aeabi_l2d
 .text          0x080004e4      0x424 c:/program files (x86)/atollic/truestudio for stm32 9.3.0/armtools/bin/../lib/gcc/arm-atollic-eabi/6.3.1/armv7-m\libgcc.a(_arm_muldivdf3.o)
                0x080004e4                __aeabi_dmul
                0x080004e4                __muldf3
                0x08000738                __divdf3
                0x08000738                __aeabi_ddiv
 .text          0x08000908       0xa0 c:/program files (x86)/atollic/truestudio for stm32 9.3.0/armtools/bin/../lib/gcc/arm-atollic-eabi/6.3.1/armv7-m\libgcc.a(_arm_truncdfsf2.o)
                0x08000908                __truncdfsf2
                0x08000908                __aeabi_d2f
 .text          0x080009a8      0x21c c:/program files (x86)/atollic/truestudio for stm32 9.3.0/armtools/bin/../lib/gcc/arm-atollic-eabi/6.3.1/armv7-m\libgcc.a(_arm_addsubsf3.o)
                0x080009a8                __aeabi_frsub
                0x080009b0                __subsf3
                0x080009b0                __aeabi_fsub
                0x080009b4                __aeabi_fadd
                0x080009b4                __addsf3
                0x08000b14                __aeabi_ui2f
                0x08000b14                __floatunsisf
                0x08000b1c                __aeabi_i2f
                0x08000b1c                __floatsisf
                0x08000b38                __aeabi_ul2f
                0x08000b38                __floatundisf
                0x08000b48                __aeabi_l2f
                0x08000b48                __floatdisf
 .text          0x08000bc4      0x2a0 c:/program files (x86)/atollic/truestudio for stm32 9.3.0/armtools/bin/../lib/gcc/arm-atollic-eabi/6.3.1/armv7-m\libgcc.a(_arm_muldivsf3.o)
                0x08000bc4                __mulsf3
                0x08000bc4                __aeabi_fmul
                0x08000d2c                __aeabi_fdiv
                0x08000d2c                __divsf3
 .text          0x08000e64       0xec c:/program files (x86)/atollic/truestudio for stm32 9.3.0/armtools/bin/../lib/gcc/arm-atollic-eabi/6.3.1/armv7-m\libgcc.a(_arm_cmpsf2.o)
                0x08000e64                __gesf2
                0x08000e64                __gtsf2
                0x08000e6c                __lesf2
                0x08000e6c                __ltsf2
                0x08000e74                __nesf2
                0x08000e74                __eqsf2
                0x08000e74                __cmpsf2
                0x08000ed4                __aeabi_cfrcmple
                0x08000edc                __aeabi_cfcmpeq
                0x08000edc                __aeabi_cfcmple
                0x08000eec                __aeabi_fcmpeq
                0x08000f00                __aeabi_fcmplt
                0x08000f14                __aeabi_fcmple
                0x08000f28                __aeabi_fcmpge
                0x08000f3c                __aeabi_fcmpgt
 .text          0x08000f50       0x4c c:/program files (x86)/atollic/truestudio for stm32 9.3.0/armtools/bin/../lib/gcc/arm-atollic-eabi/6.3.1/armv7-m\libgcc.a(_arm_fixsfsi.o)
                0x08000f50                __aeabi_f2iz
                0x08000f50                __fixsfsi
 .text          0x08000f9c       0x40 c:/program files (x86)/atollic/truestudio for stm32 9.3.0/armtools/bin/../lib/gcc/arm-atollic-eabi/6.3.1/armv7-m\libgcc.a(_arm_fixunssfsi.o)
                0x08000f9c                __fixunssfsi
                0x08000f9c                __aeabi_f2uiz
 *(.text*)
 .text.HAL_InitTick
                0x08000fdc       0x48 Drivers\STM32F1xx_HAL_Driver\Src\stm32f1xx_hal.o
                0x08000fdc                HAL_InitTick
 .text.HAL_Init
                0x08001024       0x24 Drivers\STM32F1xx_HAL_Driver\Src\stm32f1xx_hal.o
                0x08001024                HAL_Init
 .text.HAL_IncTick
                0x08001048       0x18 Drivers\STM32F1xx_HAL_Driver\Src\stm32f1xx_hal.o
                0x08001048                HAL_IncTick
 .text.HAL_GetTick
                0x08001060        0xc Drivers\STM32F1xx_HAL_Driver\Src\stm32f1xx_hal.o
                0x08001060                HAL_GetTick
 .text.HAL_Delay
                0x0800106c       0x24 Drivers\STM32F1xx_HAL_Driver\Src\stm32f1xx_hal.o
                0x0800106c                HAL_Delay
 .text.HAL_ADC_ConvCpltCallback
                0x08001090        0x2 Drivers\STM32F1xx_HAL_Driver\Src\stm32f1xx_hal_adc.o
                0x08001090                HAL_ADC_ConvCpltCallback
 .text.ADC_DMAConvCplt
                0x08001092       0x4e Drivers\STM32F1xx_HAL_Driver\Src\stm32f1xx_hal_adc.o
                0x08001092                ADC_DMAConvCplt
 .text.HAL_ADC_ConvHalfCpltCallback
                0x080010e0        0x2 Drivers\STM32F1xx_HAL_Driver\Src\stm32f1xx_hal_adc.o
                0x080010e0                HAL_ADC_ConvHalfCpltCallback
 .text.ADC_DMAHalfConvCplt
                0x080010e2        0xa Drivers\STM32F1xx_HAL_Driver\Src\stm32f1xx_hal_adc.o
                0x080010e2                ADC_DMAHalfConvCplt
 .text.HAL_ADC_ErrorCallback
                0x080010ec        0x2 Drivers\STM32F1xx_HAL_Driver\Src\stm32f1xx_hal_adc.o
                0x080010ec                HAL_ADC_ErrorCallback
 .text.ADC_DMAError
                0x080010ee       0x1a Drivers\STM32F1xx_HAL_Driver\Src\stm32f1xx_hal_adc.o
                0x080010ee                ADC_DMAError
 .text.HAL_ADC_ConfigChannel
                0x08001108      0x108 Drivers\STM32F1xx_HAL_Driver\Src\stm32f1xx_hal_adc.o
                0x08001108                HAL_ADC_ConfigChannel
 .text.ADC_Enable
                0x08001210       0x70 Drivers\STM32F1xx_HAL_Driver\Src\stm32f1xx_hal_adc.o
                0x08001210                ADC_Enable
 .text.HAL_ADC_Start_DMA
                0x08001280      0x11c Drivers\STM32F1xx_HAL_Driver\Src\stm32f1xx_hal_adc.o
                0x08001280                HAL_ADC_Start_DMA
 .text.ADC_ConversionStop_Disable
                0x0800139c       0x44 Drivers\STM32F1xx_HAL_Driver\Src\stm32f1xx_hal_adc.o
                0x0800139c                ADC_ConversionStop_Disable
 .text.HAL_ADC_Init
                0x080013e0      0x100 Drivers\STM32F1xx_HAL_Driver\Src\stm32f1xx_hal_adc.o
                0x080013e0                HAL_ADC_Init
 .text.HAL_NVIC_SetPriorityGrouping
                0x080014e0       0x24 Drivers\STM32F1xx_HAL_Driver\Src\stm32f1xx_hal_cortex.o
                0x080014e0                HAL_NVIC_SetPriorityGrouping
 .text.HAL_NVIC_SetPriority
                0x08001504       0x68 Drivers\STM32F1xx_HAL_Driver\Src\stm32f1xx_hal_cortex.o
                0x08001504                HAL_NVIC_SetPriority
 .text.HAL_NVIC_EnableIRQ
                0x0800156c       0x1c Drivers\STM32F1xx_HAL_Driver\Src\stm32f1xx_hal_cortex.o
                0x0800156c                HAL_NVIC_EnableIRQ
 .text.HAL_SYSTICK_Config
                0x08001588       0x2c Drivers\STM32F1xx_HAL_Driver\Src\stm32f1xx_hal_cortex.o
                0x08001588                HAL_SYSTICK_Config
 .text.HAL_DMA_Init
                0x080015b4       0x60 Drivers\STM32F1xx_HAL_Driver\Src\stm32f1xx_hal_dma.o
                0x080015b4                HAL_DMA_Init
 .text.HAL_DMA_Start_IT
                0x08001614       0x7a Drivers\STM32F1xx_HAL_Driver\Src\stm32f1xx_hal_dma.o
                0x08001614                HAL_DMA_Start_IT
 *fill*         0x0800168e        0x2 
 .text.HAL_DMA_Abort_IT
                0x08001690       0x90 Drivers\STM32F1xx_HAL_Driver\Src\stm32f1xx_hal_dma.o
                0x08001690                HAL_DMA_Abort_IT
 .text.HAL_DMA_IRQHandler
                0x08001720      0x128 Drivers\STM32F1xx_HAL_Driver\Src\stm32f1xx_hal_dma.o
                0x08001720                HAL_DMA_IRQHandler
 .text.HAL_GPIO_Init
                0x08001848      0x1c4 Drivers\STM32F1xx_HAL_Driver\Src\stm32f1xx_hal_gpio.o
                0x08001848                HAL_GPIO_Init
 .text.I2C_IsAcknowledgeFailed
                0x08001a0c       0x32 Drivers\STM32F1xx_HAL_Driver\Src\stm32f1xx_hal_i2c.o
 .text.I2C_WaitOnMasterAddressFlagUntilTimeout
                0x08001a3e       0x8a Drivers\STM32F1xx_HAL_Driver\Src\stm32f1xx_hal_i2c.o
 .text.I2C_WaitOnBTFFlagUntilTimeout
                0x08001ac8       0x4c Drivers\STM32F1xx_HAL_Driver\Src\stm32f1xx_hal_i2c.o
 .text.I2C_WaitOnRXNEFlagUntilTimeout
                0x08001b14       0x5e Drivers\STM32F1xx_HAL_Driver\Src\stm32f1xx_hal_i2c.o
 .text.I2C_WaitOnFlagUntilTimeout
                0x08001b72       0x64 Drivers\STM32F1xx_HAL_Driver\Src\stm32f1xx_hal_i2c.o
 .text.I2C_WaitOnTXEFlagUntilTimeout
                0x08001bd6       0x4c Drivers\STM32F1xx_HAL_Driver\Src\stm32f1xx_hal_i2c.o
 *fill*         0x08001c22        0x2 
 .text.HAL_I2C_Init
                0x08001c24      0x148 Drivers\STM32F1xx_HAL_Driver\Src\stm32f1xx_hal_i2c.o
                0x08001c24                HAL_I2C_Init
 .text.HAL_I2C_Master_Transmit
                0x08001d6c      0x19c Drivers\STM32F1xx_HAL_Driver\Src\stm32f1xx_hal_i2c.o
                0x08001d6c                HAL_I2C_Master_Transmit
 .text.HAL_I2C_Master_Receive
                0x08001f08      0x2f0 Drivers\STM32F1xx_HAL_Driver\Src\stm32f1xx_hal_i2c.o
                0x08001f08                HAL_I2C_Master_Receive
 .text.HAL_I2C_IsDeviceReady
                0x080021f8      0x154 Drivers\STM32F1xx_HAL_Driver\Src\stm32f1xx_hal_i2c.o
                0x080021f8                HAL_I2C_IsDeviceReady
 .text.HAL_RCC_OscConfig
                0x0800234c      0x33c Drivers\STM32F1xx_HAL_Driver\Src\stm32f1xx_hal_rcc.o
                0x0800234c                HAL_RCC_OscConfig
 .text.HAL_RCC_GetSysClockFreq
                0x08002688       0x78 Drivers\STM32F1xx_HAL_Driver\Src\stm32f1xx_hal_rcc.o
                0x08002688                HAL_RCC_GetSysClockFreq
 .text.HAL_RCC_ClockConfig
                0x08002700      0x13c Drivers\STM32F1xx_HAL_Driver\Src\stm32f1xx_hal_rcc.o
                0x08002700                HAL_RCC_ClockConfig
 .text.HAL_RCC_GetPCLK1Freq
                0x0800283c       0x20 Drivers\STM32F1xx_HAL_Driver\Src\stm32f1xx_hal_rcc.o
                0x0800283c                HAL_RCC_GetPCLK1Freq
 .text.HAL_RCC_GetPCLK2Freq
                0x0800285c       0x20 Drivers\STM32F1xx_HAL_Driver\Src\stm32f1xx_hal_rcc.o
                0x0800285c                HAL_RCC_GetPCLK2Freq
 .text.HAL_RCCEx_PeriphCLKConfig
                0x0800287c       0xf0 Drivers\STM32F1xx_HAL_Driver\Src\stm32f1xx_hal_rcc_ex.o
                0x0800287c                HAL_RCCEx_PeriphCLKConfig
 .text.TIM_OC1_SetConfig
                0x0800296c       0x50 Drivers\STM32F1xx_HAL_Driver\Src\stm32f1xx_hal_tim.o
 .text.TIM_OC3_SetConfig
                0x080029bc       0x54 Drivers\STM32F1xx_HAL_Driver\Src\stm32f1xx_hal_tim.o
 .text.TIM_OC4_SetConfig
                0x08002a10       0x44 Drivers\STM32F1xx_HAL_Driver\Src\stm32f1xx_hal_tim.o
 .text.HAL_TIM_Base_Start
                0x08002a54       0x24 Drivers\STM32F1xx_HAL_Driver\Src\stm32f1xx_hal_tim.o
                0x08002a54                HAL_TIM_Base_Start
 .text.HAL_TIM_Base_Start_IT
                0x08002a78       0x20 Drivers\STM32F1xx_HAL_Driver\Src\stm32f1xx_hal_tim.o
                0x08002a78                HAL_TIM_Base_Start_IT
 .text.HAL_TIM_PWM_MspInit
                0x08002a98        0x2 Drivers\STM32F1xx_HAL_Driver\Src\stm32f1xx_hal_tim.o
                0x08002a98                HAL_TIM_PWM_MspInit
 .text.HAL_TIM_PeriodElapsedCallback
                0x08002a9a        0x2 Drivers\STM32F1xx_HAL_Driver\Src\stm32f1xx_hal_tim.o
                0x08002a9a                HAL_TIM_PeriodElapsedCallback
 .text.HAL_TIM_OC_DelayElapsedCallback
                0x08002a9c        0x2 Drivers\STM32F1xx_HAL_Driver\Src\stm32f1xx_hal_tim.o
                0x08002a9c                HAL_TIM_OC_DelayElapsedCallback
 .text.HAL_TIM_IC_CaptureCallback
                0x08002a9e        0x2 Drivers\STM32F1xx_HAL_Driver\Src\stm32f1xx_hal_tim.o
                0x08002a9e                HAL_TIM_IC_CaptureCallback
 .text.HAL_TIM_PWM_PulseFinishedCallback
                0x08002aa0        0x2 Drivers\STM32F1xx_HAL_Driver\Src\stm32f1xx_hal_tim.o
                0x08002aa0                HAL_TIM_PWM_PulseFinishedCallback
 .text.HAL_TIM_TriggerCallback
                0x08002aa2        0x2 Drivers\STM32F1xx_HAL_Driver\Src\stm32f1xx_hal_tim.o
                0x08002aa2                HAL_TIM_TriggerCallback
 .text.HAL_TIM_IRQHandler
                0x08002aa4      0x144 Drivers\STM32F1xx_HAL_Driver\Src\stm32f1xx_hal_tim.o
                0x08002aa4                HAL_TIM_IRQHandler
 .text.TIM_Base_SetConfig
                0x08002be8       0x70 Drivers\STM32F1xx_HAL_Driver\Src\stm32f1xx_hal_tim.o
                0x08002be8                TIM_Base_SetConfig
 .text.HAL_TIM_Base_Init
                0x08002c58       0x34 Drivers\STM32F1xx_HAL_Driver\Src\stm32f1xx_hal_tim.o
                0x08002c58                HAL_TIM_Base_Init
 .text.HAL_TIM_PWM_Init
                0x08002c8c       0x34 Drivers\STM32F1xx_HAL_Driver\Src\stm32f1xx_hal_tim.o
                0x08002c8c                HAL_TIM_PWM_Init
 .text.TIM_OC2_SetConfig
                0x08002cc0       0x58 Drivers\STM32F1xx_HAL_Driver\Src\stm32f1xx_hal_tim.o
                0x08002cc0                TIM_OC2_SetConfig
 .text.HAL_TIM_PWM_ConfigChannel
                0x08002d18       0xc4 Drivers\STM32F1xx_HAL_Driver\Src\stm32f1xx_hal_tim.o
                0x08002d18                HAL_TIM_PWM_ConfigChannel
 .text.TIM_ETR_SetConfig
                0x08002ddc       0x14 Drivers\STM32F1xx_HAL_Driver\Src\stm32f1xx_hal_tim.o
                0x08002ddc                TIM_ETR_SetConfig
 .text.HAL_TIM_ConfigClockSource
                0x08002df0      0x128 Drivers\STM32F1xx_HAL_Driver\Src\stm32f1xx_hal_tim.o
                0x08002df0                HAL_TIM_ConfigClockSource
 .text.TIM_CCxChannelCmd
                0x08002f18       0x1c Drivers\STM32F1xx_HAL_Driver\Src\stm32f1xx_hal_tim.o
                0x08002f18                TIM_CCxChannelCmd
 .text.HAL_TIM_PWM_Start
                0x08002f34       0x38 Drivers\STM32F1xx_HAL_Driver\Src\stm32f1xx_hal_tim.o
                0x08002f34                HAL_TIM_PWM_Start
 .text.HAL_TIMEx_MasterConfigSynchronization
                0x08002f6c       0x3c Drivers\STM32F1xx_HAL_Driver\Src\stm32f1xx_hal_tim_ex.o
                0x08002f6c                HAL_TIMEx_MasterConfigSynchronization
 .text.HAL_TIMEx_CommutCallback
                0x08002fa8        0x2 Drivers\STM32F1xx_HAL_Driver\Src\stm32f1xx_hal_tim_ex.o
                0x08002fa8                HAL_TIMEx_CommutCallback
 .text.HAL_TIMEx_BreakCallback
                0x08002faa        0x2 Drivers\STM32F1xx_HAL_Driver\Src\stm32f1xx_hal_tim_ex.o
                0x08002faa                HAL_TIMEx_BreakCallback
 .text.UART_EndRxTransfer
                0x08002fac       0x1a Drivers\STM32F1xx_HAL_Driver\Src\stm32f1xx_hal_uart.o
 *fill*         0x08002fc6        0x2 
 .text.UART_SetConfig
                0x08002fc8       0x74 Drivers\STM32F1xx_HAL_Driver\Src\stm32f1xx_hal_uart.o
 .text.UART_WaitOnFlagUntilTimeout.constprop.3
                0x0800303c       0x50 Drivers\STM32F1xx_HAL_Driver\Src\stm32f1xx_hal_uart.o
 .text.HAL_UART_Init
                0x0800308c       0x5c Drivers\STM32F1xx_HAL_Driver\Src\stm32f1xx_hal_uart.o
                0x0800308c                HAL_UART_Init
 .text.HAL_UART_Transmit
                0x080030e8       0xb8 Drivers\STM32F1xx_HAL_Driver\Src\stm32f1xx_hal_uart.o
                0x080030e8                HAL_UART_Transmit
 .text.HAL_UART_Receive
                0x080031a0       0xbe Drivers\STM32F1xx_HAL_Driver\Src\stm32f1xx_hal_uart.o
                0x080031a0                HAL_UART_Receive
 .text.HAL_UART_TxCpltCallback
                0x0800325e        0x2 Drivers\STM32F1xx_HAL_Driver\Src\stm32f1xx_hal_uart.o
                0x0800325e                HAL_UART_TxCpltCallback
 .text.HAL_UART_RxCpltCallback
                0x08003260        0x2 Drivers\STM32F1xx_HAL_Driver\Src\stm32f1xx_hal_uart.o
                0x08003260                HAL_UART_RxCpltCallback
 .text.UART_Receive_IT
                0x08003262       0x7c Drivers\STM32F1xx_HAL_Driver\Src\stm32f1xx_hal_uart.o
 .text.HAL_UART_ErrorCallback
                0x080032de        0x2 Drivers\STM32F1xx_HAL_Driver\Src\stm32f1xx_hal_uart.o
                0x080032de                HAL_UART_ErrorCallback
 .text.HAL_UART_IRQHandler
                0x080032e0      0x140 Drivers\STM32F1xx_HAL_Driver\Src\stm32f1xx_hal_uart.o
                0x080032e0                HAL_UART_IRQHandler
 .text.UART_DMAAbortOnError
                0x08003420       0x10 Drivers\STM32F1xx_HAL_Driver\Src\stm32f1xx_hal_uart.o
 .text.DWT_Init
                0x08003430       0x28 LIBRARY\dwt_delay.o
                0x08003430                DWT_Init
 .text.array_averaging
                0x08003458       0x38 LIBRARY\gst_math.o
                0x08003458                array_averaging
 .text.arrays_xy_averaging
                0x08003490       0x4a LIBRARY\gst_math.o
                0x08003490                arrays_xy_averaging
 .text.disperssion
                0x080034da       0x6c LIBRARY\gst_math.o
                0x080034da                disperssion
 .text.linear_regression
                0x08003546       0x7a LIBRARY\gst_math.o
                0x08003546                linear_regression
 .text.PID_init
                0x080035c0       0x1c LIBRARY\gst_pid.o
                0x080035c0                PID_init
 .text.integral_part
                0x080035dc       0x1a LIBRARY\gst_pid.o
                0x080035dc                integral_part
 .text.differential_part
                0x080035f6       0x18 LIBRARY\gst_pid.o
                0x080035f6                differential_part
 .text.PID      0x0800360e       0x32 LIBRARY\gst_pid.o
                0x0800360e                PID
 .text.SD_MPU6050_SetDataRate
                0x08003640       0x2c LIBRARY\sd_hal_mpu6050.o
                0x08003640                SD_MPU6050_SetDataRate
 .text.SD_MPU6050_SetAccelerometer
                0x0800366c       0xa2 LIBRARY\sd_hal_mpu6050.o
                0x0800366c                SD_MPU6050_SetAccelerometer
 *fill*         0x0800370e        0x2 
 .text.SD_MPU6050_SetGyroscope
                0x08003710       0xac LIBRARY\sd_hal_mpu6050.o
                0x08003710                SD_MPU6050_SetGyroscope
 .text.SD_MPU6050_Init
                0x080037bc       0xa6 LIBRARY\sd_hal_mpu6050.o
                0x080037bc                SD_MPU6050_Init
 .text.SD_MPU6050_ReadAccelerometer
                0x08003862       0x72 LIBRARY\sd_hal_mpu6050.o
                0x08003862                SD_MPU6050_ReadAccelerometer
 .text.SD_MPU6050_ReadGyroscope
                0x080038d4       0x72 LIBRARY\sd_hal_mpu6050.o
                0x080038d4                SD_MPU6050_ReadGyroscope
 *fill*         0x08003946        0x2 
 .text.MX_ADC1_Init
                0x08003948       0x50 Src\adc.o
                0x08003948                MX_ADC1_Init
 .text.HAL_ADC_MspInit
                0x08003998       0x94 Src\adc.o
                0x08003998                HAL_ADC_MspInit
 .text.MX_DMA_Init
                0x08003a2c       0x30 Src\dma.o
                0x08003a2c                MX_DMA_Init
 .text.MX_GPIO_Init
                0x08003a5c       0x44 Src\gpio.o
                0x08003a5c                MX_GPIO_Init
 .text.MX_I2C1_Init
                0x08003aa0       0x40 Src\i2c.o
                0x08003aa0                MX_I2C1_Init
 .text.HAL_I2C_MspInit
                0x08003ae0       0x78 Src\i2c.o
                0x08003ae0                HAL_I2C_MspInit
 .text.SystemClock_Config
                0x08003b58       0x70 Src\main.o
                0x08003b58                SystemClock_Config
 .text.servo_set_CCRx_value
                0x08003bc8       0x10 Src\main.o
                0x08003bc8                servo_set_CCRx_value
 .text.servo_set_position
                0x08003bd8       0x68 Src\main.o
                0x08003bd8                servo_set_position
 .text.clear_uart_buffer
                0x08003c40       0x16 Src\main.o
                0x08003c40                clear_uart_buffer
 *fill*         0x08003c56        0x2 
 .text.potentiometer_calibration
                0x08003c58       0xb0 Src\main.o
                0x08003c58                potentiometer_calibration
 .text.get_resistance
                0x08003d08       0x3c Src\main.o
                0x08003d08                get_resistance
 .text.get_actual_angle
                0x08003d44       0x2c Src\main.o
                0x08003d44                get_actual_angle
 .text.UART_Transmit_string_CR_LF
                0x08003d70       0x58 Src\main.o
                0x08003d70                UART_Transmit_string_CR_LF
 .text.UART_send_float
                0x08003dc8       0xb0 Src\main.o
                0x08003dc8                UART_send_float
 .text.IMU_get_acc
                0x08003e78       0x4c Src\main.o
                0x08003e78                IMU_get_acc
 .text.IMU_get_gyro
                0x08003ec4       0x4c Src\main.o
                0x08003ec4                IMU_get_gyro
 .text.angle_from_acc
                0x08003f10       0x78 Src\main.o
                0x08003f10                angle_from_acc
 .text.angle_from_gyro
                0x08003f88       0x54 Src\main.o
                0x08003f88                angle_from_gyro
 .text.complementary_filter
                0x08003fdc       0x56 Src\main.o
                0x08003fdc                complementary_filter
 *fill*         0x08004032        0x2 
 .text.stabilize_by_pid
                0x08004034       0x80 Src\main.o
                0x08004034                stabilize_by_pid
 .text.get_microseconds_since_begin
                0x080040b4       0x20 Src\main.o
                0x080040b4                get_microseconds_since_begin
 .text.startup.main
                0x080040d4      0x2c4 Src\main.o
                0x080040d4                main
 .text.Error_Handler
                0x08004398        0x2 Src\main.o
                0x08004398                Error_Handler
 *fill*         0x0800439a        0x2 
 .text.HAL_MspInit
                0x0800439c       0x44 Src\stm32f1xx_hal_msp.o
                0x0800439c                HAL_MspInit
 .text.NMI_Handler
                0x080043e0        0x2 Src\stm32f1xx_it.o
                0x080043e0                NMI_Handler
 .text.HardFault_Handler
                0x080043e2        0x2 Src\stm32f1xx_it.o
                0x080043e2                HardFault_Handler
 .text.MemManage_Handler
                0x080043e4        0x2 Src\stm32f1xx_it.o
                0x080043e4                MemManage_Handler
 .text.BusFault_Handler
                0x080043e6        0x2 Src\stm32f1xx_it.o
                0x080043e6                BusFault_Handler
 .text.UsageFault_Handler
                0x080043e8        0x2 Src\stm32f1xx_it.o
                0x080043e8                UsageFault_Handler
 .text.SVC_Handler
                0x080043ea        0x2 Src\stm32f1xx_it.o
                0x080043ea                SVC_Handler
 .text.DebugMon_Handler
                0x080043ec        0x2 Src\stm32f1xx_it.o
                0x080043ec                DebugMon_Handler
 .text.PendSV_Handler
                0x080043ee        0x2 Src\stm32f1xx_it.o
                0x080043ee                PendSV_Handler
 .text.SysTick_Handler
                0x080043f0        0x4 Src\stm32f1xx_it.o
                0x080043f0                SysTick_Handler
 .text.DMA1_Channel1_IRQHandler
                0x080043f4        0xc Src\stm32f1xx_it.o
                0x080043f4                DMA1_Channel1_IRQHandler
 .text.TIM1_UP_IRQHandler
                0x08004400        0xc Src\stm32f1xx_it.o
                0x08004400                TIM1_UP_IRQHandler
 .text.TIM4_IRQHandler
                0x0800440c        0xc Src\stm32f1xx_it.o
                0x0800440c                TIM4_IRQHandler
 .text.USART1_IRQHandler
                0x08004418       0x30 Src\stm32f1xx_it.o
                0x08004418                USART1_IRQHandler
 .text.SystemInit
                0x08004448       0x4c Src\system_stm32f1xx.o
                0x08004448                SystemInit
 .text.MX_TIM1_Init
                0x08004494       0x6c Src\tim.o
                0x08004494                MX_TIM1_Init
 .text.HAL_TIM_Base_MspInit
                0x08004500       0x68 Src\tim.o
                0x08004500                HAL_TIM_Base_MspInit
 .text.HAL_TIM_MspPostInit
                0x08004568       0x4c Src\tim.o
                0x08004568                HAL_TIM_MspPostInit
 .text.MX_TIM4_Init
                0x080045b4       0xa4 Src\tim.o
                0x080045b4                MX_TIM4_Init
 .text.MX_USART1_UART_Init
                0x08004658       0x38 Src\usart.o
                0x08004658                MX_USART1_UART_Init
 .text.HAL_UART_MspInit
                0x08004690       0x88 Src\usart.o
                0x08004690                HAL_UART_MspInit
 .text.Reset_Handler
                0x08004718       0x48 startup\startup_stm32f103xb.o
                0x08004718                Reset_Handler
 .text.Default_Handler
                0x08004760        0x2 startup\startup_stm32f103xb.o
                0x08004760                RTC_Alarm_IRQHandler
                0x08004760                EXTI2_IRQHandler
                0x08004760                TIM1_CC_IRQHandler
                0x08004760                PVD_IRQHandler
                0x08004760                EXTI3_IRQHandler
                0x08004760                EXTI0_IRQHandler
                0x08004760                I2C2_EV_IRQHandler
                0x08004760                ADC1_2_IRQHandler
                0x08004760                SPI1_IRQHandler
                0x08004760                TAMPER_IRQHandler
                0x08004760                DMA1_Channel4_IRQHandler
                0x08004760                USART3_IRQHandler
                0x08004760                RTC_IRQHandler
                0x08004760                DMA1_Channel7_IRQHandler
                0x08004760                CAN1_RX1_IRQHandler
                0x08004760                I2C1_EV_IRQHandler
                0x08004760                DMA1_Channel6_IRQHandler
                0x08004760                TIM3_IRQHandler
                0x08004760                RCC_IRQHandler
                0x08004760                TIM1_TRG_COM_IRQHandler
                0x08004760                Default_Handler
                0x08004760                EXTI15_10_IRQHandler
                0x08004760                EXTI9_5_IRQHandler
                0x08004760                SPI2_IRQHandler
                0x08004760                DMA1_Channel5_IRQHandler
                0x08004760                EXTI4_IRQHandler
                0x08004760                USB_LP_CAN1_RX0_IRQHandler
                0x08004760                USB_HP_CAN1_TX_IRQHandler
                0x08004760                DMA1_Channel3_IRQHandler
                0x08004760                WWDG_IRQHandler
                0x08004760                TIM2_IRQHandler
                0x08004760                TIM1_BRK_IRQHandler
                0x08004760                EXTI1_IRQHandler
                0x08004760                USART2_IRQHandler
                0x08004760                I2C2_ER_IRQHandler
                0x08004760                DMA1_Channel2_IRQHandler
                0x08004760                CAN1_SCE_IRQHandler
                0x08004760                FLASH_IRQHandler
                0x08004760                I2C1_ER_IRQHandler
                0x08004760                USBWakeUp_IRQHandler
 *fill*         0x08004762        0x2 
 .text.__errno  0x08004764        0xc c:/program files (x86)/atollic/truestudio for stm32 9.3.0/armtools/bin/../lib/gcc/arm-atollic-eabi/6.3.1/../../../../arm-atollic-eabi/lib/armv7-m\libc_nano.a(lib_a-errno.o)
                0x08004764                __errno
 .text.__libc_init_array
                0x08004770       0x48 c:/program files (x86)/atollic/truestudio for stm32 9.3.0/armtools/bin/../lib/gcc/arm-atollic-eabi/6.3.1/../../../../arm-atollic-eabi/lib/armv7-m\libc_nano.a(lib_a-init.o)
                0x08004770                __libc_init_array
 .text.__itoa   0x080047b8       0x30 c:/program files (x86)/atollic/truestudio for stm32 9.3.0/armtools/bin/../lib/gcc/arm-atollic-eabi/6.3.1/../../../../arm-atollic-eabi/lib/armv7-m\libc_nano.a(lib_a-itoa.o)
                0x080047b8                __itoa
 .text.itoa     0x080047e8        0x4 c:/program files (x86)/atollic/truestudio for stm32 9.3.0/armtools/bin/../lib/gcc/arm-atollic-eabi/6.3.1/../../../../arm-atollic-eabi/lib/armv7-m\libc_nano.a(lib_a-itoa.o)
                0x080047e8                itoa
 .text.memset   0x080047ec       0x10 c:/program files (x86)/atollic/truestudio for stm32 9.3.0/armtools/bin/../lib/gcc/arm-atollic-eabi/6.3.1/../../../../arm-atollic-eabi/lib/armv7-m\libc_nano.a(lib_a-memset.o)
                0x080047ec                memset
 .text.strcpy   0x080047fc       0x10 c:/program files (x86)/atollic/truestudio for stm32 9.3.0/armtools/bin/../lib/gcc/arm-atollic-eabi/6.3.1/../../../../arm-atollic-eabi/lib/armv7-m\libc_nano.a(lib_a-strcpy.o)
                0x080047fc                strcpy
 .text.__utoa   0x0800480c       0x80 c:/program files (x86)/atollic/truestudio for stm32 9.3.0/armtools/bin/../lib/gcc/arm-atollic-eabi/6.3.1/../../../../arm-atollic-eabi/lib/armv7-m\libc_nano.a(lib_a-utoa.o)
                0x0800480c                __utoa
 .text.atanf    0x0800488c      0x220 c:/program files (x86)/atollic/truestudio for stm32 9.3.0/armtools/bin/../lib/gcc/arm-atollic-eabi/6.3.1/../../../../arm-atollic-eabi/lib/armv7-m\libm.a(lib_a-sf_atan.o)
                0x0800488c                atanf
 .text.fabsf    0x08004aac        0x6 c:/program files (x86)/atollic/truestudio for stm32 9.3.0/armtools/bin/../lib/gcc/arm-atollic-eabi/6.3.1/../../../../arm-atollic-eabi/lib/armv7-m\libm.a(lib_a-sf_fabs.o)
                0x08004aac                fabsf
 *fill*         0x08004ab2        0x2 
 .text.hypotf   0x08004ab4       0xb0 c:/program files (x86)/atollic/truestudio for stm32 9.3.0/armtools/bin/../lib/gcc/arm-atollic-eabi/6.3.1/../../../../arm-atollic-eabi/lib/armv7-m\libm.a(lib_a-wf_hypot.o)
                0x08004ab4                hypotf
 .text.__ieee754_hypotf
                0x08004b64      0x180 c:/program files (x86)/atollic/truestudio for stm32 9.3.0/armtools/bin/../lib/gcc/arm-atollic-eabi/6.3.1/../../../../arm-atollic-eabi/lib/armv7-m\libm.a(lib_a-ef_hypot.o)
                0x08004b64                __ieee754_hypotf
 .text.__ieee754_sqrtf
                0x08004ce4       0xa4 c:/program files (x86)/atollic/truestudio for stm32 9.3.0/armtools/bin/../lib/gcc/arm-atollic-eabi/6.3.1/../../../../arm-atollic-eabi/lib/armv7-m\libm.a(lib_a-ef_sqrt.o)
                0x08004ce4                __ieee754_sqrtf
 .text.matherr  0x08004d88        0x4 c:/program files (x86)/atollic/truestudio for stm32 9.3.0/armtools/bin/../lib/gcc/arm-atollic-eabi/6.3.1/../../../../arm-atollic-eabi/lib/armv7-m\libm.a(lib_a-s_matherr.o)
                0x08004d88                matherr
 .text.finitef  0x08004d8c       0x10 c:/program files (x86)/atollic/truestudio for stm32 9.3.0/armtools/bin/../lib/gcc/arm-atollic-eabi/6.3.1/../../../../arm-atollic-eabi/lib/armv7-m\libm.a(lib_a-sf_finite.o)
                0x08004d8c                finitef
 *(.glue_7)
 .glue_7        0x08004d9c        0x0 linker stubs
 *(.glue_7t)
 .glue_7t       0x08004d9c        0x0 linker stubs
 *(.eh_frame)
 .eh_frame      0x08004d9c        0x0 c:/program files (x86)/atollic/truestudio for stm32 9.3.0/armtools/bin/../lib/gcc/arm-atollic-eabi/6.3.1/armv7-m/crtbegin.o
 *(.init)
 .init          0x08004d9c        0x4 c:/program files (x86)/atollic/truestudio for stm32 9.3.0/armtools/bin/../lib/gcc/arm-atollic-eabi/6.3.1/armv7-m/crti.o
                0x08004d9c                _init
 .init          0x08004da0        0x8 c:/program files (x86)/atollic/truestudio for stm32 9.3.0/armtools/bin/../lib/gcc/arm-atollic-eabi/6.3.1/armv7-m/crtn.o
 *(.fini)
 .fini          0x08004da8        0x4 c:/program files (x86)/atollic/truestudio for stm32 9.3.0/armtools/bin/../lib/gcc/arm-atollic-eabi/6.3.1/armv7-m/crti.o
                0x08004da8                _fini
 .fini          0x08004dac        0x8 c:/program files (x86)/atollic/truestudio for stm32 9.3.0/armtools/bin/../lib/gcc/arm-atollic-eabi/6.3.1/armv7-m/crtn.o
                0x08004db4                . = ALIGN (0x4)
                0x08004db4                _etext = .

.vfp11_veneer   0x08004db4        0x0
 .vfp11_veneer  0x08004db4        0x0 linker stubs

.v4_bx          0x08004db4        0x0
 .v4_bx         0x08004db4        0x0 linker stubs

.iplt           0x08004db4        0x0
 .iplt          0x08004db4        0x0 c:/program files (x86)/atollic/truestudio for stm32 9.3.0/armtools/bin/../lib/gcc/arm-atollic-eabi/6.3.1/armv7-m/crtbegin.o

.rodata         0x08004db4      0x15c
                0x08004db4                . = ALIGN (0x4)
 *(.rodata)
 .rodata        0x08004db4       0x10 Drivers\STM32F1xx_HAL_Driver\Src\stm32f1xx_hal_rcc.o
 *(.rodata*)
 .rodata.UART_send_float.str1.1
                0x08004dc4        0x2 Src\main.o
 .rodata.main.str1.1
                0x08004dc6       0xcb Src\main.o
                                 0xcc (size before relaxing)
 .rodata.str1.1
                0x08004e91       0x1a Src\main.o
 .rodata.AHBPrescTable
                0x08004eab       0x10 Src\system_stm32f1xx.o
                0x08004eab                AHBPrescTable
 .rodata.APBPrescTable
                0x08004ebb        0x8 Src\system_stm32f1xx.o
                0x08004ebb                APBPrescTable
 .rodata.__utoa.str1.1
                0x08004ec3       0x25 c:/program files (x86)/atollic/truestudio for stm32 9.3.0/armtools/bin/../lib/gcc/arm-atollic-eabi/6.3.1/../../../../arm-atollic-eabi/lib/armv7-m\libc_nano.a(lib_a-utoa.o)
 .rodata.atanhi
                0x08004ee8       0x10 c:/program files (x86)/atollic/truestudio for stm32 9.3.0/armtools/bin/../lib/gcc/arm-atollic-eabi/6.3.1/../../../../arm-atollic-eabi/lib/armv7-m\libm.a(lib_a-sf_atan.o)
 .rodata.atanlo
                0x08004ef8       0x10 c:/program files (x86)/atollic/truestudio for stm32 9.3.0/armtools/bin/../lib/gcc/arm-atollic-eabi/6.3.1/../../../../arm-atollic-eabi/lib/armv7-m\libm.a(lib_a-sf_atan.o)
 .rodata.hypotf.str1.1
                0x08004f08        0x7 c:/program files (x86)/atollic/truestudio for stm32 9.3.0/armtools/bin/../lib/gcc/arm-atollic-eabi/6.3.1/../../../../arm-atollic-eabi/lib/armv7-m\libm.a(lib_a-wf_hypot.o)
                0x08004f10                . = ALIGN (0x4)
 *fill*         0x08004f0f        0x1 

.rel.dyn        0x08004f10        0x0
 .rel.iplt      0x08004f10        0x0 c:/program files (x86)/atollic/truestudio for stm32 9.3.0/armtools/bin/../lib/gcc/arm-atollic-eabi/6.3.1/armv7-m/crtbegin.o

.ARM.extab
 *(.ARM.extab* .gnu.linkonce.armextab.*)

.ARM            0x08004f10        0x0
                0x08004f10                __exidx_start = .
 *(.ARM.exidx*)
                0x08004f10                __exidx_end = .

.preinit_array  0x08004f10        0x0
                0x08004f10                PROVIDE (__preinit_array_start, .)
 *(.preinit_array*)
                0x08004f10                PROVIDE (__preinit_array_end, .)

.init_array     0x08004f10        0x4
                0x08004f10                PROVIDE (__init_array_start, .)
 *(SORT(.init_array.*))
 *(.init_array*)
 .init_array    0x08004f10        0x4 c:/program files (x86)/atollic/truestudio for stm32 9.3.0/armtools/bin/../lib/gcc/arm-atollic-eabi/6.3.1/armv7-m/crtbegin.o
                0x08004f14                PROVIDE (__init_array_end, .)

.fini_array     0x08004f14        0x4
                [!provide]                PROVIDE (__fini_array_start, .)
 *(SORT(.fini_array.*))
 *(.fini_array*)
 .fini_array    0x08004f14        0x4 c:/program files (x86)/atollic/truestudio for stm32 9.3.0/armtools/bin/../lib/gcc/arm-atollic-eabi/6.3.1/armv7-m/crtbegin.o
                [!provide]                PROVIDE (__fini_array_end, .)
                0x08004f18                _sidata = LOADADDR (.data)

.data           0x20000000       0x98 load address 0x08004f18
                0x20000000                . = ALIGN (0x4)
                0x20000000                _sdata = .
 *(.data)
 *(.data*)
 .data.uwTickFreq
                0x20000000        0x1 Drivers\STM32F1xx_HAL_Driver\Src\stm32f1xx_hal.o
                0x20000000                uwTickFreq
 *fill*         0x20000001        0x3 
 .data.uwTickPrio
                0x20000004        0x4 Drivers\STM32F1xx_HAL_Driver\Src\stm32f1xx_hal.o
                0x20000004                uwTickPrio
 .data.CCRxTD_a
                0x20000008        0x4 Src\main.o
                0x20000008                CCRxTD_a
 .data.CCRxTD_b
                0x2000000c        0x4 Src\main.o
                0x2000000c                CCRxTD_b
 .data.CFK      0x20000010        0x4 Src\main.o
                0x20000010                CFK
 .data.Kd       0x20000014        0x4 Src\main.o
                0x20000014                Kd
 .data.Ki       0x20000018        0x4 Src\main.o
                0x20000018                Ki
 .data.Kp       0x2000001c        0x4 Src\main.o
                0x2000001c                Kp
 .data.RTD_a    0x20000020        0x4 Src\main.o
                0x20000020                RTD_a
 .data.RTD_b    0x20000024        0x4 Src\main.o
                0x20000024                RTD_b
 .data.hello_string
                0x20000028        0x4 Src\main.o
                0x20000028                hello_string
 .data.SystemCoreClock
                0x2000002c        0x4 Src\system_stm32f1xx.o
                0x2000002c                SystemCoreClock
 .data._impure_ptr
                0x20000030        0x4 c:/program files (x86)/atollic/truestudio for stm32 9.3.0/armtools/bin/../lib/gcc/arm-atollic-eabi/6.3.1/../../../../arm-atollic-eabi/lib/armv7-m\libc_nano.a(lib_a-impure.o)
                0x20000030                _impure_ptr
 .data.impure_data
                0x20000034       0x60 c:/program files (x86)/atollic/truestudio for stm32 9.3.0/armtools/bin/../lib/gcc/arm-atollic-eabi/6.3.1/../../../../arm-atollic-eabi/lib/armv7-m\libc_nano.a(lib_a-impure.o)
 .data.__fdlib_version
                0x20000094        0x1 c:/program files (x86)/atollic/truestudio for stm32 9.3.0/armtools/bin/../lib/gcc/arm-atollic-eabi/6.3.1/../../../../arm-atollic-eabi/lib/armv7-m\libm.a(lib_a-s_lib_ver.o)
                0x20000094                __fdlib_version
                0x20000098                . = ALIGN (0x4)
 *fill*         0x20000095        0x3 
                0x20000098                _edata = .

.igot.plt       0x20000098        0x0 load address 0x08004fb0
 .igot.plt      0x20000098        0x0 c:/program files (x86)/atollic/truestudio for stm32 9.3.0/armtools/bin/../lib/gcc/arm-atollic-eabi/6.3.1/armv7-m/crtbegin.o
                0x20000098                . = ALIGN (0x4)

.bss            0x20000098      0x484 load address 0x08004fb0
                0x20000098                _sbss = .
                0x20000098                __bss_start__ = _sbss
 *(.bss)
 .bss           0x20000098       0x1c c:/program files (x86)/atollic/truestudio for stm32 9.3.0/armtools/bin/../lib/gcc/arm-atollic-eabi/6.3.1/armv7-m/crtbegin.o
 *(.bss*)
 .bss.ADC1_DATA
                0x200000b4        0x2 Src\main.o
                0x200000b4                ADC1_DATA
 *fill*         0x200000b6        0x2 
 .bss.a         0x200000b8        0x4 Src\main.o
                0x200000b8                a
 .bss.angle_gyro_z
                0x200000bc        0x4 Src\main.o
                0x200000bc                angle_gyro_z
 .bss.pid_hold  0x200000c0        0x4 Src\main.o
                0x200000c0                pid_hold
 .bss.uart_buffer
                0x200000c4       0x64 Src\main.o
                0x200000c4                uart_buffer
 .bss.uart_rx_counter
                0x20000128        0x1 Src\main.o
                0x20000128                uart_rx_counter
 .bss.uart_string
                0x20000129       0x64 Src\main.o
                0x20000129                uart_string
 *(COMMON)
 *fill*         0x2000018d        0x3 
 COMMON         0x20000190        0x4 Drivers\STM32F1xx_HAL_Driver\Src\stm32f1xx_hal.o
                0x20000190                uwTick
 COMMON         0x20000194       0x74 Src\adc.o
                0x20000194                hadc1
                0x200001c4                hdma_adc1
 COMMON         0x20000208       0x54 Src\i2c.o
                0x20000208                hi2c1
 COMMON         0x2000025c      0x200 Src\main.o
                0x2000025c                angle_gyro_x
                0x20000260                a_y
                0x20000262                g_x
                0x20000264                mpu_temperature
                0x20000268                a_x
                0x2000026c                temp
                0x20000334                new_tick
                0x20000338                g_z
                0x2000033a                a_z
                0x2000033c                startTick
                0x20000340                tick
                0x20000344                angle_gyro_y
                0x20000348                gst_pid
                0x2000036c                result
                0x20000370                dt
                0x20000374                g_y
                0x20000378                mpu1
                0x20000394                accx
 COMMON         0x2000045c       0x80 Src\tim.o
                0x2000045c                htim4
                0x2000049c                htim1
 COMMON         0x200004dc       0x40 Src\usart.o
                0x200004dc                huart1
                0x2000051c                . = ALIGN (0x4)
                0x2000051c                _ebss = .
                0x2000051c                __bss_end__ = _ebss

._user_heap_stack
                0x2000051c      0x600 load address 0x08004fb0
                0x2000051c                . = ALIGN (0x4)
                0x2000051c                PROVIDE (end, .)
                [!provide]                PROVIDE (_end, .)
                0x2000071c                . = (. + _Min_Heap_Size)
 *fill*         0x2000051c      0x200 
                0x20000b1c                . = (. + _Min_Stack_Size)
 *fill*         0x2000071c      0x400 
                0x20000b1c                . = ALIGN (0x4)

/DISCARD/
 libc.a(*)
 libm.a(*)
 libgcc.a(*)

.ARM.attributes
                0x00000000       0x29
 *(.ARM.attributes)
 .ARM.attributes
                0x00000000       0x1d c:/program files (x86)/atollic/truestudio for stm32 9.3.0/armtools/bin/../lib/gcc/arm-atollic-eabi/6.3.1/armv7-m/crti.o
 .ARM.attributes
                0x0000001d       0x2d c:/program files (x86)/atollic/truestudio for stm32 9.3.0/armtools/bin/../lib/gcc/arm-atollic-eabi/6.3.1/armv7-m/crtbegin.o
 .ARM.attributes
                0x0000004a       0x33 Drivers\STM32F1xx_HAL_Driver\Src\stm32f1xx_hal.o
 .ARM.attributes
                0x0000007d       0x33 Drivers\STM32F1xx_HAL_Driver\Src\stm32f1xx_hal_adc.o
 .ARM.attributes
                0x000000b0       0x33 Drivers\STM32F1xx_HAL_Driver\Src\stm32f1xx_hal_cortex.o
 .ARM.attributes
                0x000000e3       0x33 Drivers\STM32F1xx_HAL_Driver\Src\stm32f1xx_hal_dma.o
 .ARM.attributes
                0x00000116       0x33 Drivers\STM32F1xx_HAL_Driver\Src\stm32f1xx_hal_gpio.o
 .ARM.attributes
                0x00000149       0x33 Drivers\STM32F1xx_HAL_Driver\Src\stm32f1xx_hal_i2c.o
 .ARM.attributes
                0x0000017c       0x33 Drivers\STM32F1xx_HAL_Driver\Src\stm32f1xx_hal_rcc.o
 .ARM.attributes
                0x000001af       0x33 Drivers\STM32F1xx_HAL_Driver\Src\stm32f1xx_hal_rcc_ex.o
 .ARM.attributes
                0x000001e2       0x33 Drivers\STM32F1xx_HAL_Driver\Src\stm32f1xx_hal_tim.o
 .ARM.attributes
                0x00000215       0x33 Drivers\STM32F1xx_HAL_Driver\Src\stm32f1xx_hal_tim_ex.o
 .ARM.attributes
                0x00000248       0x33 Drivers\STM32F1xx_HAL_Driver\Src\stm32f1xx_hal_uart.o
 .ARM.attributes
                0x0000027b       0x33 LIBRARY\dwt_delay.o
 .ARM.attributes
                0x000002ae       0x33 LIBRARY\gst_math.o
 .ARM.attributes
                0x000002e1       0x33 LIBRARY\gst_pid.o
 .ARM.attributes
                0x00000314       0x33 LIBRARY\sd_hal_mpu6050.o
 .ARM.attributes
                0x00000347       0x33 Src\adc.o
 .ARM.attributes
                0x0000037a       0x33 Src\dma.o
 .ARM.attributes
                0x000003ad       0x33 Src\gpio.o
 .ARM.attributes
                0x000003e0       0x33 Src\i2c.o
 .ARM.attributes
                0x00000413       0x33 Src\main.o
 .ARM.attributes
                0x00000446       0x33 Src\stm32f1xx_hal_msp.o
 .ARM.attributes
                0x00000479       0x33 Src\stm32f1xx_it.o
 .ARM.attributes
                0x000004ac       0x33 Src\system_stm32f1xx.o
 .ARM.attributes
                0x000004df       0x33 Src\tim.o
 .ARM.attributes
                0x00000512       0x33 Src\usart.o
 .ARM.attributes
                0x00000545       0x21 startup\startup_stm32f103xb.o
 .ARM.attributes
                0x00000566       0x2d c:/program files (x86)/atollic/truestudio for stm32 9.3.0/armtools/bin/../lib/gcc/arm-atollic-eabi/6.3.1/../../../../arm-atollic-eabi/lib/armv7-m\libc_nano.a(lib_a-errno.o)
 .ARM.attributes
                0x00000593       0x2d c:/program files (x86)/atollic/truestudio for stm32 9.3.0/armtools/bin/../lib/gcc/arm-atollic-eabi/6.3.1/../../../../arm-atollic-eabi/lib/armv7-m\libc_nano.a(lib_a-impure.o)
 .ARM.attributes
                0x000005c0       0x2d c:/program files (x86)/atollic/truestudio for stm32 9.3.0/armtools/bin/../lib/gcc/arm-atollic-eabi/6.3.1/../../../../arm-atollic-eabi/lib/armv7-m\libc_nano.a(lib_a-init.o)
 .ARM.attributes
                0x000005ed       0x2d c:/program files (x86)/atollic/truestudio for stm32 9.3.0/armtools/bin/../lib/gcc/arm-atollic-eabi/6.3.1/../../../../arm-atollic-eabi/lib/armv7-m\libc_nano.a(lib_a-itoa.o)
 .ARM.attributes
                0x0000061a       0x2d c:/program files (x86)/atollic/truestudio for stm32 9.3.0/armtools/bin/../lib/gcc/arm-atollic-eabi/6.3.1/../../../../arm-atollic-eabi/lib/armv7-m\libc_nano.a(lib_a-memset.o)
 .ARM.attributes
                0x00000647       0x1b c:/program files (x86)/atollic/truestudio for stm32 9.3.0/armtools/bin/../lib/gcc/arm-atollic-eabi/6.3.1/../../../../arm-atollic-eabi/lib/armv7-m\libc_nano.a(lib_a-strcmp.o)
 .ARM.attributes
                0x00000662       0x2d c:/program files (x86)/atollic/truestudio for stm32 9.3.0/armtools/bin/../lib/gcc/arm-atollic-eabi/6.3.1/../../../../arm-atollic-eabi/lib/armv7-m\libc_nano.a(lib_a-strcpy.o)
 .ARM.attributes
                0x0000068f       0x17 c:/program files (x86)/atollic/truestudio for stm32 9.3.0/armtools/bin/../lib/gcc/arm-atollic-eabi/6.3.1/../../../../arm-atollic-eabi/lib/armv7-m\libc_nano.a(lib_a-strlen.o)
 .ARM.attributes
                0x000006a6       0x2d c:/program files (x86)/atollic/truestudio for stm32 9.3.0/armtools/bin/../lib/gcc/arm-atollic-eabi/6.3.1/../../../../arm-atollic-eabi/lib/armv7-m\libc_nano.a(lib_a-utoa.o)
 .ARM.attributes
                0x000006d3       0x2d c:/program files (x86)/atollic/truestudio for stm32 9.3.0/armtools/bin/../lib/gcc/arm-atollic-eabi/6.3.1/../../../../arm-atollic-eabi/lib/armv7-m\libm.a(lib_a-sf_atan.o)
 .ARM.attributes
                0x00000700       0x2d c:/program files (x86)/atollic/truestudio for stm32 9.3.0/armtools/bin/../lib/gcc/arm-atollic-eabi/6.3.1/../../../../arm-atollic-eabi/lib/armv7-m\libm.a(lib_a-sf_fabs.o)
 .ARM.attributes
                0x0000072d       0x2d c:/program files (x86)/atollic/truestudio for stm32 9.3.0/armtools/bin/../lib/gcc/arm-atollic-eabi/6.3.1/../../../../arm-atollic-eabi/lib/armv7-m\libm.a(lib_a-wf_hypot.o)
 .ARM.attributes
                0x0000075a       0x2d c:/program files (x86)/atollic/truestudio for stm32 9.3.0/armtools/bin/../lib/gcc/arm-atollic-eabi/6.3.1/../../../../arm-atollic-eabi/lib/armv7-m\libm.a(lib_a-ef_hypot.o)
 .ARM.attributes
                0x00000787       0x2d c:/program files (x86)/atollic/truestudio for stm32 9.3.0/armtools/bin/../lib/gcc/arm-atollic-eabi/6.3.1/../../../../arm-atollic-eabi/lib/armv7-m\libm.a(lib_a-ef_sqrt.o)
 .ARM.attributes
                0x000007b4       0x2d c:/program files (x86)/atollic/truestudio for stm32 9.3.0/armtools/bin/../lib/gcc/arm-atollic-eabi/6.3.1/../../../../arm-atollic-eabi/lib/armv7-m\libm.a(lib_a-s_lib_ver.o)
 .ARM.attributes
                0x000007e1       0x2d c:/program files (x86)/atollic/truestudio for stm32 9.3.0/armtools/bin/../lib/gcc/arm-atollic-eabi/6.3.1/../../../../arm-atollic-eabi/lib/armv7-m\libm.a(lib_a-s_matherr.o)
 .ARM.attributes
                0x0000080e       0x2d c:/program files (x86)/atollic/truestudio for stm32 9.3.0/armtools/bin/../lib/gcc/arm-atollic-eabi/6.3.1/../../../../arm-atollic-eabi/lib/armv7-m\libm.a(lib_a-sf_finite.o)
 .ARM.attributes
                0x0000083b       0x1d c:/program files (x86)/atollic/truestudio for stm32 9.3.0/armtools/bin/../lib/gcc/arm-atollic-eabi/6.3.1/armv7-m\libgcc.a(_arm_addsubdf3.o)
 .ARM.attributes
                0x00000858       0x1d c:/program files (x86)/atollic/truestudio for stm32 9.3.0/armtools/bin/../lib/gcc/arm-atollic-eabi/6.3.1/armv7-m\libgcc.a(_arm_muldivdf3.o)
 .ARM.attributes
                0x00000875       0x1d c:/program files (x86)/atollic/truestudio for stm32 9.3.0/armtools/bin/../lib/gcc/arm-atollic-eabi/6.3.1/armv7-m\libgcc.a(_arm_truncdfsf2.o)
 .ARM.attributes
                0x00000892       0x1d c:/program files (x86)/atollic/truestudio for stm32 9.3.0/armtools/bin/../lib/gcc/arm-atollic-eabi/6.3.1/armv7-m\libgcc.a(_arm_addsubsf3.o)
 .ARM.attributes
                0x000008af       0x1d c:/program files (x86)/atollic/truestudio for stm32 9.3.0/armtools/bin/../lib/gcc/arm-atollic-eabi/6.3.1/armv7-m\libgcc.a(_arm_muldivsf3.o)
 .ARM.attributes
                0x000008cc       0x1d c:/program files (x86)/atollic/truestudio for stm32 9.3.0/armtools/bin/../lib/gcc/arm-atollic-eabi/6.3.1/armv7-m\libgcc.a(_arm_cmpsf2.o)
 .ARM.attributes
                0x000008e9       0x1d c:/program files (x86)/atollic/truestudio for stm32 9.3.0/armtools/bin/../lib/gcc/arm-atollic-eabi/6.3.1/armv7-m\libgcc.a(_arm_fixsfsi.o)
 .ARM.attributes
                0x00000906       0x1d c:/program files (x86)/atollic/truestudio for stm32 9.3.0/armtools/bin/../lib/gcc/arm-atollic-eabi/6.3.1/armv7-m\libgcc.a(_arm_fixunssfsi.o)
 .ARM.attributes
                0x00000923       0x1d c:/program files (x86)/atollic/truestudio for stm32 9.3.0/armtools/bin/../lib/gcc/arm-atollic-eabi/6.3.1/armv7-m/crtn.o
OUTPUT(STM32103CT8x_GST_STAND.elf elf32-littlearm)

.debug_info     0x00000000    0x168d7
 .debug_info    0x00000000      0x7cd Drivers\STM32F1xx_HAL_Driver\Src\stm32f1xx_hal.o
 .debug_info    0x000007cd      0xea0 Drivers\STM32F1xx_HAL_Driver\Src\stm32f1xx_hal_adc.o
 .debug_info    0x0000166d      0xca7 Drivers\STM32F1xx_HAL_Driver\Src\stm32f1xx_hal_cortex.o
 .debug_info    0x00002314      0x837 Drivers\STM32F1xx_HAL_Driver\Src\stm32f1xx_hal_dma.o
 .debug_info    0x00002b4b      0x691 Drivers\STM32F1xx_HAL_Driver\Src\stm32f1xx_hal_gpio.o
 .debug_info    0x000031dc     0x3496 Drivers\STM32F1xx_HAL_Driver\Src\stm32f1xx_hal_i2c.o
 .debug_info    0x00006672      0xa01 Drivers\STM32F1xx_HAL_Driver\Src\stm32f1xx_hal_rcc.o
 .debug_info    0x00007073      0x48b Drivers\STM32F1xx_HAL_Driver\Src\stm32f1xx_hal_rcc_ex.o
 .debug_info    0x000074fe     0x34cc Drivers\STM32F1xx_HAL_Driver\Src\stm32f1xx_hal_tim.o
 .debug_info    0x0000a9ca     0x12fc Drivers\STM32F1xx_HAL_Driver\Src\stm32f1xx_hal_tim_ex.o
 .debug_info    0x0000bcc6     0x1632 Drivers\STM32F1xx_HAL_Driver\Src\stm32f1xx_hal_uart.o
 .debug_info    0x0000d2f8      0x357 LIBRARY\dwt_delay.o
 .debug_info    0x0000d64f      0x8c6 LIBRARY\gst_math.o
 .debug_info    0x0000df15      0x246 LIBRARY\gst_pid.o
 .debug_info    0x0000e15b     0x12b9 LIBRARY\sd_hal_mpu6050.o
 .debug_info    0x0000f414      0x91c Src\adc.o
 .debug_info    0x0000fd30      0x3b6 Src\dma.o
 .debug_info    0x000100e6      0x25d Src\gpio.o
 .debug_info    0x00010343      0x96f Src\i2c.o
 .debug_info    0x00010cb2     0x3347 Src\main.o
 .debug_info    0x00013ff9      0x2c0 Src\stm32f1xx_hal_msp.o
 .debug_info    0x000142b9      0x9c9 Src\stm32f1xx_it.o
 .debug_info    0x00014c82      0x437 Src\system_stm32f1xx.o
 .debug_info    0x000150b9      0xd81 Src\tim.o
 .debug_info    0x00015e3a      0xa1e Src\usart.o
 .debug_info    0x00016858       0x7f startup\startup_stm32f103xb.o

.debug_abbrev   0x00000000     0x3678
 .debug_abbrev  0x00000000      0x24a Drivers\STM32F1xx_HAL_Driver\Src\stm32f1xx_hal.o
 .debug_abbrev  0x0000024a      0x299 Drivers\STM32F1xx_HAL_Driver\Src\stm32f1xx_hal_adc.o
 .debug_abbrev  0x000004e3      0x2f8 Drivers\STM32F1xx_HAL_Driver\Src\stm32f1xx_hal_cortex.o
 .debug_abbrev  0x000007db      0x22d Drivers\STM32F1xx_HAL_Driver\Src\stm32f1xx_hal_dma.o
 .debug_abbrev  0x00000a08      0x1e4 Drivers\STM32F1xx_HAL_Driver\Src\stm32f1xx_hal_gpio.o
 .debug_abbrev  0x00000bec      0x397 Drivers\STM32F1xx_HAL_Driver\Src\stm32f1xx_hal_i2c.o
 .debug_abbrev  0x00000f83      0x2c1 Drivers\STM32F1xx_HAL_Driver\Src\stm32f1xx_hal_rcc.o
 .debug_abbrev  0x00001244      0x1c4 Drivers\STM32F1xx_HAL_Driver\Src\stm32f1xx_hal_rcc_ex.o
 .debug_abbrev  0x00001408      0x335 Drivers\STM32F1xx_HAL_Driver\Src\stm32f1xx_hal_tim.o
 .debug_abbrev  0x0000173d      0x29c Drivers\STM32F1xx_HAL_Driver\Src\stm32f1xx_hal_tim_ex.o
 .debug_abbrev  0x000019d9      0x2f3 Drivers\STM32F1xx_HAL_Driver\Src\stm32f1xx_hal_uart.o
 .debug_abbrev  0x00001ccc      0x10a LIBRARY\dwt_delay.o
 .debug_abbrev  0x00001dd6      0x228 LIBRARY\gst_math.o
 .debug_abbrev  0x00001ffe      0x167 LIBRARY\gst_pid.o
 .debug_abbrev  0x00002165      0x25e LIBRARY\sd_hal_mpu6050.o
 .debug_abbrev  0x000023c3      0x1e3 Src\adc.o
 .debug_abbrev  0x000025a6      0x139 Src\dma.o
 .debug_abbrev  0x000026df      0x10d Src\gpio.o
 .debug_abbrev  0x000027ec      0x1fa Src\i2c.o
 .debug_abbrev  0x000029e6      0x49a Src\main.o
 .debug_abbrev  0x00002e80      0x100 Src\stm32f1xx_hal_msp.o
 .debug_abbrev  0x00002f80      0x1d9 Src\stm32f1xx_it.o
 .debug_abbrev  0x00003159      0x12f Src\system_stm32f1xx.o
 .debug_abbrev  0x00003288      0x1f5 Src\tim.o
 .debug_abbrev  0x0000347d      0x1e9 Src\usart.o
 .debug_abbrev  0x00003666       0x12 startup\startup_stm32f103xb.o

.debug_loc      0x00000000     0xb4b9
 .debug_loc     0x00000000      0x10c Drivers\STM32F1xx_HAL_Driver\Src\stm32f1xx_hal.o
 .debug_loc     0x0000010c      0x873 Drivers\STM32F1xx_HAL_Driver\Src\stm32f1xx_hal_adc.o
 .debug_loc     0x0000097f      0x487 Drivers\STM32F1xx_HAL_Driver\Src\stm32f1xx_hal_cortex.o
 .debug_loc     0x00000e06      0x5ed Drivers\STM32F1xx_HAL_Driver\Src\stm32f1xx_hal_dma.o
 .debug_loc     0x000013f3      0x2f5 Drivers\STM32F1xx_HAL_Driver\Src\stm32f1xx_hal_gpio.o
 .debug_loc     0x000016e8     0x2fbc Drivers\STM32F1xx_HAL_Driver\Src\stm32f1xx_hal_i2c.o
 .debug_loc     0x000046a4      0x478 Drivers\STM32F1xx_HAL_Driver\Src\stm32f1xx_hal_rcc.o
 .debug_loc     0x00004b1c      0x29d Drivers\STM32F1xx_HAL_Driver\Src\stm32f1xx_hal_rcc_ex.o
 .debug_loc     0x00004db9     0x2f5a Drivers\STM32F1xx_HAL_Driver\Src\stm32f1xx_hal_tim.o
 .debug_loc     0x00007d13      0xa7c Drivers\STM32F1xx_HAL_Driver\Src\stm32f1xx_hal_tim_ex.o
 .debug_loc     0x0000878f     0x1362 Drivers\STM32F1xx_HAL_Driver\Src\stm32f1xx_hal_uart.o
 .debug_loc     0x00009af1       0x21 LIBRARY\dwt_delay.o
 .debug_loc     0x00009b12      0x875 LIBRARY\gst_math.o
 .debug_loc     0x0000a387      0x1a4 LIBRARY\gst_pid.o
 .debug_loc     0x0000a52b      0x55e LIBRARY\sd_hal_mpu6050.o
 .debug_loc     0x0000aa89       0x63 Src\adc.o
 .debug_loc     0x0000aaec       0x88 Src\i2c.o
 .debug_loc     0x0000ab74      0x775 Src\main.o
 .debug_loc     0x0000b2e9       0xcd Src\system_stm32f1xx.o
 .debug_loc     0x0000b3b6       0xab Src\tim.o
 .debug_loc     0x0000b461       0x58 Src\usart.o

.debug_aranges  0x00000000      0xe88
 .debug_aranges
                0x00000000       0xd8 Drivers\STM32F1xx_HAL_Driver\Src\stm32f1xx_hal.o
 .debug_aranges
                0x000000d8       0xc8 Drivers\STM32F1xx_HAL_Driver\Src\stm32f1xx_hal_adc.o
 .debug_aranges
                0x000001a0       0x90 Drivers\STM32F1xx_HAL_Driver\Src\stm32f1xx_hal_cortex.o
 .debug_aranges
                0x00000230       0x78 Drivers\STM32F1xx_HAL_Driver\Src\stm32f1xx_hal_dma.o
 .debug_aranges
                0x000002a8       0x58 Drivers\STM32F1xx_HAL_Driver\Src\stm32f1xx_hal_gpio.o
 .debug_aranges
                0x00000300      0x1b0 Drivers\STM32F1xx_HAL_Driver\Src\stm32f1xx_hal_i2c.o
 .debug_aranges
                0x000004b0       0x88 Drivers\STM32F1xx_HAL_Driver\Src\stm32f1xx_hal_rcc.o
 .debug_aranges
                0x00000538       0x30 Drivers\STM32F1xx_HAL_Driver\Src\stm32f1xx_hal_rcc_ex.o
 .debug_aranges
                0x00000568      0x278 Drivers\STM32F1xx_HAL_Driver\Src\stm32f1xx_hal_tim.o
 .debug_aranges
                0x000007e0       0xf8 Drivers\STM32F1xx_HAL_Driver\Src\stm32f1xx_hal_tim_ex.o
 .debug_aranges
                0x000008d8      0x170 Drivers\STM32F1xx_HAL_Driver\Src\stm32f1xx_hal_uart.o
 .debug_aranges
                0x00000a48       0x28 LIBRARY\dwt_delay.o
 .debug_aranges
                0x00000a70       0xa0 LIBRARY\gst_math.o
 .debug_aranges
                0x00000b10       0x40 LIBRARY\gst_pid.o
 .debug_aranges
                0x00000b50       0x70 LIBRARY\sd_hal_mpu6050.o
 .debug_aranges
                0x00000bc0       0x30 Src\adc.o
 .debug_aranges
                0x00000bf0       0x20 Src\dma.o
 .debug_aranges
                0x00000c10       0x20 Src\gpio.o
 .debug_aranges
                0x00000c30       0x30 Src\i2c.o
 .debug_aranges
                0x00000c60       0xe0 Src\main.o
 .debug_aranges
                0x00000d40       0x20 Src\stm32f1xx_hal_msp.o
 .debug_aranges
                0x00000d60       0x68 Src\stm32f1xx_it.o
 .debug_aranges
                0x00000dc8       0x28 Src\system_stm32f1xx.o
 .debug_aranges
                0x00000df0       0x40 Src\tim.o
 .debug_aranges
                0x00000e30       0x30 Src\usart.o
 .debug_aranges
                0x00000e60       0x28 startup\startup_stm32f103xb.o

.debug_ranges   0x00000000     0x1640
 .debug_ranges  0x00000000       0xc8 Drivers\STM32F1xx_HAL_Driver\Src\stm32f1xx_hal.o
 .debug_ranges  0x000000c8       0xb8 Drivers\STM32F1xx_HAL_Driver\Src\stm32f1xx_hal_adc.o
 .debug_ranges  0x00000180      0x128 Drivers\STM32F1xx_HAL_Driver\Src\stm32f1xx_hal_cortex.o
 .debug_ranges  0x000002a8       0xa8 Drivers\STM32F1xx_HAL_Driver\Src\stm32f1xx_hal_dma.o
 .debug_ranges  0x00000350       0x60 Drivers\STM32F1xx_HAL_Driver\Src\stm32f1xx_hal_gpio.o
 .debug_ranges  0x000003b0      0x4b8 Drivers\STM32F1xx_HAL_Driver\Src\stm32f1xx_hal_i2c.o
 .debug_ranges  0x00000868       0xa0 Drivers\STM32F1xx_HAL_Driver\Src\stm32f1xx_hal_rcc.o
 .debug_ranges  0x00000908       0x40 Drivers\STM32F1xx_HAL_Driver\Src\stm32f1xx_hal_rcc_ex.o
 .debug_ranges  0x00000948      0x348 Drivers\STM32F1xx_HAL_Driver\Src\stm32f1xx_hal_tim.o
 .debug_ranges  0x00000c90       0xe8 Drivers\STM32F1xx_HAL_Driver\Src\stm32f1xx_hal_tim_ex.o
 .debug_ranges  0x00000d78      0x190 Drivers\STM32F1xx_HAL_Driver\Src\stm32f1xx_hal_uart.o
 .debug_ranges  0x00000f08       0x18 LIBRARY\dwt_delay.o
 .debug_ranges  0x00000f20      0x1f8 LIBRARY\gst_math.o
 .debug_ranges  0x00001118       0x50 LIBRARY\gst_pid.o
 .debug_ranges  0x00001168       0x60 LIBRARY\sd_hal_mpu6050.o
 .debug_ranges  0x000011c8       0x58 Src\adc.o
 .debug_ranges  0x00001220       0x40 Src\dma.o
 .debug_ranges  0x00001260       0x28 Src\gpio.o
 .debug_ranges  0x00001288       0x40 Src\i2c.o
 .debug_ranges  0x000012c8      0x198 Src\main.o
 .debug_ranges  0x00001460       0x58 Src\stm32f1xx_hal_msp.o
 .debug_ranges  0x000014b8       0x58 Src\stm32f1xx_it.o
 .debug_ranges  0x00001510       0x18 Src\system_stm32f1xx.o
 .debug_ranges  0x00001528       0xa0 Src\tim.o
 .debug_ranges  0x000015c8       0x58 Src\usart.o
 .debug_ranges  0x00001620       0x20 startup\startup_stm32f103xb.o

.debug_line     0x00000000     0x8efb
 .debug_line    0x00000000      0x3eb Drivers\STM32F1xx_HAL_Driver\Src\stm32f1xx_hal.o
 .debug_line    0x000003eb      0x7db Drivers\STM32F1xx_HAL_Driver\Src\stm32f1xx_hal_adc.o
 .debug_line    0x00000bc6      0x3e6 Drivers\STM32F1xx_HAL_Driver\Src\stm32f1xx_hal_cortex.o
 .debug_line    0x00000fac      0x5fb Drivers\STM32F1xx_HAL_Driver\Src\stm32f1xx_hal_dma.o
 .debug_line    0x000015a7      0x3ab Drivers\STM32F1xx_HAL_Driver\Src\stm32f1xx_hal_gpio.o
 .debug_line    0x00001952     0x1e36 Drivers\STM32F1xx_HAL_Driver\Src\stm32f1xx_hal_i2c.o
 .debug_line    0x00003788      0x582 Drivers\STM32F1xx_HAL_Driver\Src\stm32f1xx_hal_rcc.o
 .debug_line    0x00003d0a      0x336 Drivers\STM32F1xx_HAL_Driver\Src\stm32f1xx_hal_rcc_ex.o
 .debug_line    0x00004040     0x1179 Drivers\STM32F1xx_HAL_Driver\Src\stm32f1xx_hal_tim.o
 .debug_line    0x000051b9      0x6d5 Drivers\STM32F1xx_HAL_Driver\Src\stm32f1xx_hal_tim_ex.o
 .debug_line    0x0000588e      0xbda Drivers\STM32F1xx_HAL_Driver\Src\stm32f1xx_hal_uart.o
 .debug_line    0x00006468      0x1ec LIBRARY\dwt_delay.o
 .debug_line    0x00006654      0x477 LIBRARY\gst_math.o
 .debug_line    0x00006acb       0xaf LIBRARY\gst_pid.o
 .debug_line    0x00006b7a      0x45e LIBRARY\sd_hal_mpu6050.o
 .debug_line    0x00006fd8      0x2c6 Src\adc.o
 .debug_line    0x0000729e      0x1f9 Src\dma.o
 .debug_line    0x00007497      0x1da Src\gpio.o
 .debug_line    0x00007671      0x295 Src\i2c.o
 .debug_line    0x00007906      0x891 Src\main.o
 .debug_line    0x00008197      0x1ec Src\stm32f1xx_hal_msp.o
 .debug_line    0x00008383      0x2d3 Src\stm32f1xx_it.o
 .debug_line    0x00008656      0x228 Src\system_stm32f1xx.o
 .debug_line    0x0000887e      0x339 Src\tim.o
 .debug_line    0x00008bb7      0x2c7 Src\usart.o
 .debug_line    0x00008e7e       0x7d startup\startup_stm32f103xb.o

.debug_str      0x00000000     0x52bf
 .debug_str     0x00000000      0x80c Drivers\STM32F1xx_HAL_Driver\Src\stm32f1xx_hal.o
                                0x870 (size before relaxing)
 .debug_str     0x0000080c      0x670 Drivers\STM32F1xx_HAL_Driver\Src\stm32f1xx_hal_adc.o
                                0x994 (size before relaxing)
 .debug_str     0x00000e7c      0x3c5 Drivers\STM32F1xx_HAL_Driver\Src\stm32f1xx_hal_cortex.o
                                0x992 (size before relaxing)
 .debug_str     0x00001241      0x21b Drivers\STM32F1xx_HAL_Driver\Src\stm32f1xx_hal_dma.o
                                0x6e0 (size before relaxing)
 .debug_str     0x0000145c      0x1c4 Drivers\STM32F1xx_HAL_Driver\Src\stm32f1xx_hal_gpio.o
                                0x4e3 (size before relaxing)
 .debug_str     0x00001620      0xb08 Drivers\STM32F1xx_HAL_Driver\Src\stm32f1xx_hal_i2c.o
                               0x1046 (size before relaxing)
 .debug_str     0x00002128      0x302 Drivers\STM32F1xx_HAL_Driver\Src\stm32f1xx_hal_rcc.o
                                0x6cc (size before relaxing)
 .debug_str     0x0000242a      0x110 Drivers\STM32F1xx_HAL_Driver\Src\stm32f1xx_hal_rcc_ex.o
                                0x4a4 (size before relaxing)
 .debug_str     0x0000253a      0xfe8 Drivers\STM32F1xx_HAL_Driver\Src\stm32f1xx_hal_tim.o
                               0x1514 (size before relaxing)
 .debug_str     0x00003522      0x548 Drivers\STM32F1xx_HAL_Driver\Src\stm32f1xx_hal_tim_ex.o
                                0xd2c (size before relaxing)
 .debug_str     0x00003a6a      0x6c0 Drivers\STM32F1xx_HAL_Driver\Src\stm32f1xx_hal_uart.o
                                0xc5c (size before relaxing)
 .debug_str     0x0000412a      0x103 LIBRARY\dwt_delay.o
                                0x37e (size before relaxing)
 .debug_str     0x0000422d      0x19a LIBRARY\gst_math.o
                                0x44d (size before relaxing)
 .debug_str     0x000043c7       0x61 LIBRARY\gst_pid.o
                                0x14a (size before relaxing)
 .debug_str     0x00004428      0x44c LIBRARY\sd_hal_mpu6050.o
                                0xbde (size before relaxing)
 .debug_str     0x00004874       0x52 Src\adc.o
                                0x72a (size before relaxing)
 .debug_str     0x000048c6       0x19 Src\dma.o
                                0x5be (size before relaxing)
 .debug_str     0x000048df       0x1b Src\gpio.o
                                0x2c3 (size before relaxing)
 .debug_str     0x000048fa       0x2a Src\i2c.o
                                0x849 (size before relaxing)
 .debug_str     0x00004924      0x7d3 Src\main.o
                               0x1ac5 (size before relaxing)
 .debug_str     0x000050f7       0x1b Src\stm32f1xx_hal_msp.o
                                0x2fd (size before relaxing)
 .debug_str     0x00005112      0x102 Src\stm32f1xx_it.o
                                0x977 (size before relaxing)
 .debug_str     0x00005214       0x4d Src\system_stm32f1xx.o
                                0x352 (size before relaxing)
 .debug_str     0x00005261       0x44 Src\tim.o
                                0xc22 (size before relaxing)
 .debug_str     0x000052a5       0x1a Src\usart.o
                                0xa57 (size before relaxing)

.comment        0x00000000       0x7c
 .comment       0x00000000       0x7c Drivers\STM32F1xx_HAL_Driver\Src\stm32f1xx_hal.o
                                 0x7d (size before relaxing)
 .comment       0x0000007c       0x7d Drivers\STM32F1xx_HAL_Driver\Src\stm32f1xx_hal_adc.o
 .comment       0x0000007c       0x7d Drivers\STM32F1xx_HAL_Driver\Src\stm32f1xx_hal_cortex.o
 .comment       0x0000007c       0x7d Drivers\STM32F1xx_HAL_Driver\Src\stm32f1xx_hal_dma.o
 .comment       0x0000007c       0x7d Drivers\STM32F1xx_HAL_Driver\Src\stm32f1xx_hal_gpio.o
 .comment       0x0000007c       0x7d Drivers\STM32F1xx_HAL_Driver\Src\stm32f1xx_hal_i2c.o
 .comment       0x0000007c       0x7d Drivers\STM32F1xx_HAL_Driver\Src\stm32f1xx_hal_rcc.o
 .comment       0x0000007c       0x7d Drivers\STM32F1xx_HAL_Driver\Src\stm32f1xx_hal_rcc_ex.o
 .comment       0x0000007c       0x7d Drivers\STM32F1xx_HAL_Driver\Src\stm32f1xx_hal_tim.o
 .comment       0x0000007c       0x7d Drivers\STM32F1xx_HAL_Driver\Src\stm32f1xx_hal_tim_ex.o
 .comment       0x0000007c       0x7d Drivers\STM32F1xx_HAL_Driver\Src\stm32f1xx_hal_uart.o
 .comment       0x0000007c       0x7d LIBRARY\dwt_delay.o
 .comment       0x0000007c       0x7d LIBRARY\gst_math.o
 .comment       0x0000007c       0x7d LIBRARY\gst_pid.o
 .comment       0x0000007c       0x7d LIBRARY\sd_hal_mpu6050.o
 .comment       0x0000007c       0x7d Src\adc.o
 .comment       0x0000007c       0x7d Src\dma.o
 .comment       0x0000007c       0x7d Src\gpio.o
 .comment       0x0000007c       0x7d Src\i2c.o
 .comment       0x0000007c       0x7d Src\main.o
 .comment       0x0000007c       0x7d Src\stm32f1xx_hal_msp.o
 .comment       0x0000007c       0x7d Src\stm32f1xx_it.o
 .comment       0x0000007c       0x7d Src\system_stm32f1xx.o
 .comment       0x0000007c       0x7d Src\tim.o
 .comment       0x0000007c       0x7d Src\usart.o

.debug_frame    0x00000000     0x31e8
 .debug_frame   0x00000000      0x1d4 Drivers\STM32F1xx_HAL_Driver\Src\stm32f1xx_hal.o
 .debug_frame   0x000001d4      0x298 Drivers\STM32F1xx_HAL_Driver\Src\stm32f1xx_hal_adc.o
 .debug_frame   0x0000046c      0x120 Drivers\STM32F1xx_HAL_Driver\Src\stm32f1xx_hal_cortex.o
 .debug_frame   0x0000058c      0x144 Drivers\STM32F1xx_HAL_Driver\Src\stm32f1xx_hal_dma.o
 .debug_frame   0x000006d0       0xd4 Drivers\STM32F1xx_HAL_Driver\Src\stm32f1xx_hal_gpio.o
 .debug_frame   0x000007a4      0x700 Drivers\STM32F1xx_HAL_Driver\Src\stm32f1xx_hal_i2c.o
 .debug_frame   0x00000ea4      0x150 Drivers\STM32F1xx_HAL_Driver\Src\stm32f1xx_hal_rcc.o
 .debug_frame   0x00000ff4       0x6c Drivers\STM32F1xx_HAL_Driver\Src\stm32f1xx_hal_rcc_ex.o
 .debug_frame   0x00001060      0x928 Drivers\STM32F1xx_HAL_Driver\Src\stm32f1xx_hal_tim.o
 .debug_frame   0x00001988      0x360 Drivers\STM32F1xx_HAL_Driver\Src\stm32f1xx_hal_tim_ex.o
 .debug_frame   0x00001ce8      0x498 Drivers\STM32F1xx_HAL_Driver\Src\stm32f1xx_hal_uart.o
 .debug_frame   0x00002180       0x38 LIBRARY\dwt_delay.o
 .debug_frame   0x000021b8      0x240 LIBRARY\gst_math.o
 .debug_frame   0x000023f8       0x90 LIBRARY\gst_pid.o
 .debug_frame   0x00002488      0x1b4 LIBRARY\sd_hal_mpu6050.o
 .debug_frame   0x0000263c       0x6c Src\adc.o
 .debug_frame   0x000026a8       0x28 Src\dma.o
 .debug_frame   0x000026d0       0x28 Src\gpio.o
 .debug_frame   0x000026f8       0x60 Src\i2c.o
 .debug_frame   0x00002758      0x33c Src\main.o
 .debug_frame   0x00002a94       0x28 Src\stm32f1xx_hal_msp.o
 .debug_frame   0x00002abc       0xec Src\stm32f1xx_it.o
 .debug_frame   0x00002ba8       0x30 Src\system_stm32f1xx.o
 .debug_frame   0x00002bd8       0x94 Src\tim.o
 .debug_frame   0x00002c6c       0x70 Src\usart.o
 .debug_frame   0x00002cdc       0x20 c:/program files (x86)/atollic/truestudio for stm32 9.3.0/armtools/bin/../lib/gcc/arm-atollic-eabi/6.3.1/../../../../arm-atollic-eabi/lib/armv7-m\libc_nano.a(lib_a-errno.o)
 .debug_frame   0x00002cfc       0x2c c:/program files (x86)/atollic/truestudio for stm32 9.3.0/armtools/bin/../lib/gcc/arm-atollic-eabi/6.3.1/../../../../arm-atollic-eabi/lib/armv7-m\libc_nano.a(lib_a-init.o)
 .debug_frame   0x00002d28       0x38 c:/program files (x86)/atollic/truestudio for stm32 9.3.0/armtools/bin/../lib/gcc/arm-atollic-eabi/6.3.1/../../../../arm-atollic-eabi/lib/armv7-m\libc_nano.a(lib_a-itoa.o)
 .debug_frame   0x00002d60       0x20 c:/program files (x86)/atollic/truestudio for stm32 9.3.0/armtools/bin/../lib/gcc/arm-atollic-eabi/6.3.1/../../../../arm-atollic-eabi/lib/armv7-m\libc_nano.a(lib_a-memset.o)
 .debug_frame   0x00002d80       0x20 c:/program files (x86)/atollic/truestudio for stm32 9.3.0/armtools/bin/../lib/gcc/arm-atollic-eabi/6.3.1/../../../../arm-atollic-eabi/lib/armv7-m\libc_nano.a(lib_a-strcmp.o)
 .debug_frame   0x00002da0       0x20 c:/program files (x86)/atollic/truestudio for stm32 9.3.0/armtools/bin/../lib/gcc/arm-atollic-eabi/6.3.1/../../../../arm-atollic-eabi/lib/armv7-m\libc_nano.a(lib_a-strcpy.o)
 .debug_frame   0x00002dc0       0x48 c:/program files (x86)/atollic/truestudio for stm32 9.3.0/armtools/bin/../lib/gcc/arm-atollic-eabi/6.3.1/../../../../arm-atollic-eabi/lib/armv7-m\libc_nano.a(lib_a-utoa.o)
 .debug_frame   0x00002e08       0x30 c:/program files (x86)/atollic/truestudio for stm32 9.3.0/armtools/bin/../lib/gcc/arm-atollic-eabi/6.3.1/../../../../arm-atollic-eabi/lib/armv7-m\libm.a(lib_a-sf_atan.o)
 .debug_frame   0x00002e38       0x20 c:/program files (x86)/atollic/truestudio for stm32 9.3.0/armtools/bin/../lib/gcc/arm-atollic-eabi/6.3.1/../../../../arm-atollic-eabi/lib/armv7-m\libm.a(lib_a-sf_fabs.o)
 .debug_frame   0x00002e58       0x3c c:/program files (x86)/atollic/truestudio for stm32 9.3.0/armtools/bin/../lib/gcc/arm-atollic-eabi/6.3.1/../../../../arm-atollic-eabi/lib/armv7-m\libm.a(lib_a-wf_hypot.o)
 .debug_frame   0x00002e94       0x34 c:/program files (x86)/atollic/truestudio for stm32 9.3.0/armtools/bin/../lib/gcc/arm-atollic-eabi/6.3.1/../../../../arm-atollic-eabi/lib/armv7-m\libm.a(lib_a-ef_hypot.o)
 .debug_frame   0x00002ec8       0x2c c:/program files (x86)/atollic/truestudio for stm32 9.3.0/armtools/bin/../lib/gcc/arm-atollic-eabi/6.3.1/../../../../arm-atollic-eabi/lib/armv7-m\libm.a(lib_a-ef_sqrt.o)
 .debug_frame   0x00002ef4       0x20 c:/program files (x86)/atollic/truestudio for stm32 9.3.0/armtools/bin/../lib/gcc/arm-atollic-eabi/6.3.1/../../../../arm-atollic-eabi/lib/armv7-m\libm.a(lib_a-s_matherr.o)
 .debug_frame   0x00002f14       0x20 c:/program files (x86)/atollic/truestudio for stm32 9.3.0/armtools/bin/../lib/gcc/arm-atollic-eabi/6.3.1/../../../../arm-atollic-eabi/lib/armv7-m\libm.a(lib_a-sf_finite.o)
 .debug_frame   0x00002f34       0xac c:/program files (x86)/atollic/truestudio for stm32 9.3.0/armtools/bin/../lib/gcc/arm-atollic-eabi/6.3.1/armv7-m\libgcc.a(_arm_addsubdf3.o)
 .debug_frame   0x00002fe0       0x50 c:/program files (x86)/atollic/truestudio for stm32 9.3.0/armtools/bin/../lib/gcc/arm-atollic-eabi/6.3.1/armv7-m\libgcc.a(_arm_muldivdf3.o)
 .debug_frame   0x00003030       0x24 c:/program files (x86)/atollic/truestudio for stm32 9.3.0/armtools/bin/../lib/gcc/arm-atollic-eabi/6.3.1/armv7-m\libgcc.a(_arm_truncdfsf2.o)
 .debug_frame   0x00003054       0x4c c:/program files (x86)/atollic/truestudio for stm32 9.3.0/armtools/bin/../lib/gcc/arm-atollic-eabi/6.3.1/armv7-m\libgcc.a(_arm_addsubsf3.o)
 .debug_frame   0x000030a0       0x38 c:/program files (x86)/atollic/truestudio for stm32 9.3.0/armtools/bin/../lib/gcc/arm-atollic-eabi/6.3.1/armv7-m\libgcc.a(_arm_muldivsf3.o)
 .debug_frame   0x000030d8       0xc8 c:/program files (x86)/atollic/truestudio for stm32 9.3.0/armtools/bin/../lib/gcc/arm-atollic-eabi/6.3.1/armv7-m\libgcc.a(_arm_cmpsf2.o)
 .debug_frame   0x000031a0       0x24 c:/program files (x86)/atollic/truestudio for stm32 9.3.0/armtools/bin/../lib/gcc/arm-atollic-eabi/6.3.1/armv7-m\libgcc.a(_arm_fixsfsi.o)
 .debug_frame   0x000031c4       0x24 c:/program files (x86)/atollic/truestudio for stm32 9.3.0/armtools/bin/../lib/gcc/arm-atollic-eabi/6.3.1/armv7-m\libgcc.a(_arm_fixunssfsi.o)
