main.c:307:6:SystemClock_Config	96	static
main.c:349:6:servo_set_CCRx_value	0	static
main.c:355:5:servo_set_position	24	static
main.c:372:6:potentiometer_calibration	1336	dynamic,bounded
main.c:405:7:get_resistance	16	static
main.c:414:7:get_actual_angle	16	static
main.c:422:7:set_angle	72	static
main.c:486:7:IMU_get_acc	24	static
main.c:508:7:IMU_get_gyro	24	static
main.c:529:7:IMU_get_temp	8	static
main.c:536:7:angle_from_acc	24	static
main.c:720:6:servo_calibration	64	dynamic
main.c:742:6:servo_calibration_evaluate	672	dynamic,bounded
main.c:756:5:get_microseconds_since_begin	8	static
main.c:588:7:angle_from_gyro	24	static
main.c:635:7:complementary_filter	32	static
main.c:651:7:stabilize_v1	24	static
main.c:684:7:stabilize_by_pid	32	static
main.c:765:18:GYRO_struct_init	8	static
main.c:170:5:main	16	static
main.c:783:6:Error_Handler	0	static
