main.c:355:6:SystemClock_Config	96	static
main.c:397:6:servo_set_CCRx_value	0	static
main.c:403:5:servo_set_position	24	static
main.c:420:6:clear_uart_buffer	8	static
main.c:444:6:potentiometer_calibration	1336	dynamic,bounded
main.c:478:7:get_resistance	16	static
main.c:487:7:get_actual_angle	16	static
main.c:495:7:set_angle	72	static
main.c:584:6:UART_Transmit_number_CR_LF	32	static
main.c:597:6:UART_Transmit_string_CR_LF	32	static
main.c:611:6:UART_send_float	128	static
main.c:637:6:send_series_	144	static
main.c:671:7:IMU_get_acc	24	static
main.c:693:7:IMU_get_gyro	24	static
main.c:714:7:IMU_get_temp	8	static
main.c:739:7:angle_from_acc	24	static
main.c:781:7:angle_from_gyro	32	static
main.c:787:7:complementary_filter	32	static
main.c:804:7:stabilize_v1	24	static
main.c:837:7:stabilize_by_pid	32	static
main.c:179:5:main	48	static
main.c:878:6:servo_calibration	64	dynamic
main.c:900:6:servo_calibration_evaluate	672	dynamic,bounded
main.c:914:10:get_microseconds_since_begin	0	static
main.c:927:6:Error_Handler	0	static
