main.c:368:6:SystemClock_Config	96	static
main.c:410:6:servo_set_CCRx_value	0	static
main.c:416:5:servo_set_position	24	static
main.c:433:6:clear_uart_buffer	8	static
main.c:457:6:potentiometer_calibration	1336	dynamic,bounded
main.c:491:7:get_resistance	16	static
main.c:500:7:get_actual_angle	16	static
main.c:508:7:set_angle	72	static
main.c:597:6:UART_Transmit_number_CR_LF	32	static
main.c:610:6:UART_Transmit_string_CR_LF	32	static
main.c:624:6:UART_send_float	128	static
main.c:650:6:send_series_	144	static
main.c:684:7:IMU_get_acc	24	static
main.c:706:7:IMU_get_gyro	24	static
main.c:727:7:IMU_get_temp	8	static
main.c:752:7:angle_from_acc	24	static
main.c:794:7:angle_from_gyro	32	static
main.c:800:7:complementary_filter	32	static
main.c:817:7:stabilize_v1	24	static
main.c:850:7:stabilize_by_pid	32	static
main.c:893:6:servo_calibration	64	dynamic
main.c:915:6:servo_calibration_evaluate	672	dynamic,bounded
main.c:929:10:get_microseconds_since_begin	0	static
main.c:186:5:main	48	static
main.c:942:6:Error_Handler	0	static
