main.c:354:6:SystemClock_Config	96	static
main.c:396:6:servo_set_CCRx_value	0	static
main.c:402:5:servo_set_position	24	static
main.c:419:6:potentiometer_calibration	1336	dynamic,bounded
main.c:452:7:get_resistance	16	static
main.c:461:7:get_actual_angle	16	static
main.c:469:7:set_angle	72	static
main.c:533:7:IMU_get_acc	24	static
main.c:555:7:IMU_get_gyro	24	static
main.c:576:7:IMU_get_temp	8	static
main.c:583:7:angle_from_acc	24	static
main.c:743:6:servo_calibration	64	dynamic
main.c:765:6:servo_calibration_evaluate	672	dynamic,bounded
main.c:779:5:get_microseconds_since_begin	8	static
main.c:627:7:angle_from_gyro	24	static
main.c:658:7:complementary_filter	32	static
main.c:674:7:stabilize_v1	24	static
main.c:707:7:stabilize_by_pid	32	static
main.c:788:5:get_milliseconds_since_begin	8	static
main.c:797:18:GYRO_struct_init	8	static
main.c:212:5:main	16	static
main.c:815:6:Error_Handler	0	static
