main.c:381:6:SystemClock_Config	96	static
main.c:423:6:servo_set_CCRx_value	0	static
main.c:429:5:servo_set_position	24	static
main.c:446:6:potentiometer_calibration	1336	dynamic,bounded
main.c:479:7:get_resistance	16	static
main.c:488:7:get_actual_angle	16	static
main.c:496:7:set_angle	72	static
main.c:560:7:IMU_get_acc	24	static
main.c:582:7:IMU_get_gyro	24	static
main.c:603:7:IMU_get_temp	8	static
main.c:610:7:angle_from_acc	24	static
main.c:771:6:servo_calibration	64	dynamic
main.c:793:6:servo_calibration_evaluate	672	dynamic,bounded
main.c:807:5:get_microseconds_since_begin	8	static
main.c:654:7:angle_from_gyro	24	static
main.c:685:7:complementary_filter	32	static
main.c:736:7:stabilize_by_pid	32	static
main.c:816:5:get_milliseconds_since_begin	8	static
main.c:825:18:GYRO_struct_init	8	static
main.c:236:5:main	16	static
main.c:843:6:Error_Handler	0	static
