main.c:347:6:SystemClock_Config	96	static
main.c:389:6:servo_set_CCRx_value	0	static
main.c:395:5:servo_set_position	24	static
main.c:412:6:clear_uart_buffer	8	static
main.c:436:6:potentiometer_calibration	1336	dynamic,bounded
main.c:470:7:get_resistance	16	static
main.c:479:7:get_actual_angle	16	static
main.c:487:7:set_angle	72	static
main.c:576:6:UART_Transmit_number_CR_LF	32	static
main.c:589:6:UART_Transmit_string_CR_LF	32	static
main.c:603:6:UART_send_float	128	static
main.c:629:6:send_series_	144	static
main.c:663:7:IMU_get_acc	24	static
main.c:685:7:IMU_get_gyro	24	static
main.c:706:7:IMU_get_temp	8	static
main.c:731:7:angle_from_acc	24	static
main.c:773:7:angle_from_gyro	32	static
main.c:779:7:complementary_filter	32	static
main.c:796:7:stabilize_v1	24	static
main.c:829:7:stabilize_by_pid	32	static
main.c:178:5:main	56	static
main.c:870:6:servo_calibration	64	dynamic
main.c:892:6:servo_calibration_evaluate	672	dynamic,bounded
main.c:912:6:Error_Handler	0	static
